Component: Arm Compiler for Embedded 6.19 Tool: armlink [5e73cb00]

==============================================================================

Section Cross References

    i2ctests.o(.ARM.exidx.text.PB_I2C_Write) refers to i2ctests.o(.text.PB_I2C_Write) for [Anonymous Symbol]
    i2ctests.o(.text.PB_I2C_Reset) refers to initialisation_funcs.o(.text.MicroDelay) for MicroDelay
    i2ctests.o(.ARM.exidx.text.PB_I2C_Reset) refers to i2ctests.o(.text.PB_I2C_Reset) for [Anonymous Symbol]
    i2ctests.o(.ARM.exidx.text.PB_I2C_Start_Read) refers to i2ctests.o(.text.PB_I2C_Start_Read) for [Anonymous Symbol]
    i2ctests.o(.text.PB_I2C_Read_Single) refers to i2ctests.o(.text.PB_I2C_Start_Read) for PB_I2C_Start_Read
    i2ctests.o(.ARM.exidx.text.PB_I2C_Read_Single) refers to i2ctests.o(.text.PB_I2C_Read_Single) for [Anonymous Symbol]
    i2ctests.o(.ARM.exidx.text.greenLED) refers to i2ctests.o(.text.greenLED) for [Anonymous Symbol]
    i2ctests.o(.ARM.exidx.text.yellowLED) refers to i2ctests.o(.text.yellowLED) for [Anonymous Symbol]
    main.o(.text.main) refers to sawwave.o(.text.audioinit) for audioinit
    main.o(.text.main) refers to initialisation_funcs.o(.text.initialpins) for initialpins
    main.o(.text.main) refers to initialisation_funcs.o(.text.timerinit) for timerinit
    main.o(.text.main) refers to initialisation_funcs.o(.text.PB_I2C_Init) for PB_I2C_Init
    main.o(.text.main) refers to accel.o(.text.initialiseaccel) for initialiseaccel
    main.o(.text.main) refers to sawwave.o(.text.sawwave) for sawwave
    main.o(.ARM.exidx.text.main) refers to main.o(.text.main) for [Anonymous Symbol]
    accel.o(.text.initialiseaccel) refers to i2ctests.o(.text.PB_I2C_Write) for PB_I2C_Write
    accel.o(.ARM.exidx.text.initialiseaccel) refers to accel.o(.text.initialiseaccel) for [Anonymous Symbol]
    accel.o(.text.getangledata) refers to i2ctests.o(.text.PB_I2C_Read_Single) for PB_I2C_Read_Single
    accel.o(.text.getangledata) refers to accel.o(.bss.xl) for xl
    accel.o(.text.getangledata) refers to accel.o(.bss.xh) for xh
    accel.o(.text.getangledata) refers to accel.o(.bss.yl) for yl
    accel.o(.text.getangledata) refers to accel.o(.bss.yh) for yh
    accel.o(.text.getangledata) refers to accel.o(.bss.zl) for zl
    accel.o(.text.getangledata) refers to accel.o(.bss.zh) for zh
    accel.o(.text.getangledata) refers to accel.o(.bss.x) for x
    accel.o(.text.getangledata) refers to accel.o(.bss.y) for y
    accel.o(.text.getangledata) refers to accel.o(.bss.z) for z
    accel.o(.text.getangledata) refers to dflt_clz.o(x$fpl$dflt) for __aeabi_i2d
    accel.o(.text.getangledata) refers to sqrt.o(i.__hardfp_sqrt) for __hardfp_sqrt
    accel.o(.text.getangledata) refers to atan2.o(i.__hardfp_atan2) for __hardfp_atan2
    accel.o(.text.getangledata) refers to dmul.o(x$fpl$dmul) for __aeabi_dmul
    accel.o(.text.getangledata) refers to ddiv.o(x$fpl$ddiv) for __aeabi_ddiv
    accel.o(.text.getangledata) refers to dfix.o(x$fpl$dfix) for __aeabi_d2iz
    accel.o(.text.getangledata) refers to accel.o(.bss.pitch) for pitch
    accel.o(.text.getangledata) refers to accel.o(.bss.roll) for roll
    accel.o(.ARM.exidx.text.getangledata) refers to accel.o(.text.getangledata) for [Anonymous Symbol]
    ultrasonic.o(.ARM.exidx.text.getEchoPulseDuration) refers to ultrasonic.o(.text.getEchoPulseDuration) for [Anonymous Symbol]
    ultrasonic.o(.text.measureDistance) refers to ultrasonic.o(.text.getEchoPulseDuration) for getEchoPulseDuration
    ultrasonic.o(.ARM.exidx.text.measureDistance) refers to ultrasonic.o(.text.measureDistance) for [Anonymous Symbol]
    ultrasonic.o(.text.measureAndControlLEDtest) refers to ultrasonic.o(.text.measureDistance) for measureDistance
    ultrasonic.o(.ARM.exidx.text.measureAndControlLEDtest) refers to ultrasonic.o(.text.measureAndControlLEDtest) for [Anonymous Symbol]
    sawwave.o(.text.myAudioHalfTransferCallback) refers to sawwave.o(.bss.bufferStatus) for bufferStatus
    sawwave.o(.ARM.exidx.text.myAudioHalfTransferCallback) refers to sawwave.o(.text.myAudioHalfTransferCallback) for [Anonymous Symbol]
    sawwave.o(.text.myAudioTransferCompleteCallback) refers to sawwave.o(.bss.PlayBuff) for PlayBuff
    sawwave.o(.text.myAudioTransferCompleteCallback) refers to audio_drivers.o(.text.myAudioChangeBuffer) for myAudioChangeBuffer
    sawwave.o(.text.myAudioTransferCompleteCallback) refers to sawwave.o(.bss.bufferStatus) for bufferStatus
    sawwave.o(.ARM.exidx.text.myAudioTransferCompleteCallback) refers to sawwave.o(.text.myAudioTransferCompleteCallback) for [Anonymous Symbol]
    sawwave.o(.text.saw) refers to f2d.o(x$fpl$f2d) for __aeabi_f2d
    sawwave.o(.text.saw) refers to dflt_clz.o(x$fpl$dflt) for __aeabi_i2d
    sawwave.o(.text.saw) refers to daddsub_clz.o(x$fpl$dadd) for __aeabi_dadd
    sawwave.o(.text.saw) refers to dmul.o(x$fpl$dmul) for __aeabi_dmul
    sawwave.o(.text.saw) refers to ddiv.o(x$fpl$ddiv) for __aeabi_ddiv
[...]
    .ARM.Collect$$libinit$$00000030          0x08000202   Section        0  libinit2.o(.ARM.Collect$$libinit$$00000030)
    .ARM.Collect$$libinit$$00000032          0x08000202   Section        0  libinit2.o(.ARM.Collect$$libinit$$00000032)
    .ARM.Collect$$libinit$$00000034          0x08000202   Section        0  libinit2.o(.ARM.Collect$$libinit$$00000034)
    .ARM.Collect$$libinit$$00000035          0x08000202   Section        2  libinit2.o(.ARM.Collect$$libinit$$00000035)
    .ARM.Collect$$libshutdown$$00000000      0x08000204   Section        2  libshutdown.o(.ARM.Collect$$libshutdown$$00000000)
    .ARM.Collect$$libshutdown$$00000002      0x08000206   Section        0  libshutdown2.o(.ARM.Collect$$libshutdown$$00000002)
    .ARM.Collect$$libshutdown$$00000004      0x08000206   Section        0  libshutdown2.o(.ARM.Collect$$libshutdown$$00000004)
    .ARM.Collect$$libshutdown$$00000007      0x08000206   Section        0  libshutdown2.o(.ARM.Collect$$libshutdown$$00000007)
    .ARM.Collect$$libshutdown$$0000000A      0x08000206   Section        0  libshutdown2.o(.ARM.Collect$$libshutdown$$0000000A)
    .ARM.Collect$$libshutdown$$0000000C      0x08000206   Section        0  libshutdown2.o(.ARM.Collect$$libshutdown$$0000000C)
    .ARM.Collect$$libshutdown$$0000000F      0x08000206   Section        0  libshutdown2.o(.ARM.Collect$$libshutdown$$0000000F)
    .ARM.Collect$$libshutdown$$00000010      0x08000206   Section        2  libshutdown2.o(.ARM.Collect$$libshutdown$$00000010)
    .ARM.Collect$$rtentry$$00000000          0x08000208   Section        0  __rtentry.o(.ARM.Collect$$rtentry$$00000000)
    .ARM.Collect$$rtentry$$00000002          0x08000208   Section        0  __rtentry2.o(.ARM.Collect$$rtentry$$00000002)
    .ARM.Collect$$rtentry$$00000004          0x08000208   Section        6  __rtentry4.o(.ARM.Collect$$rtentry$$00000004)
    .ARM.Collect$$rtentry$$00000009          0x0800020e   Section        0  __rtentry2.o(.ARM.Collect$$rtentry$$00000009)
    .ARM.Collect$$rtentry$$0000000A          0x0800020e   Section        4  __rtentry2.o(.ARM.Collect$$rtentry$$0000000A)
    .ARM.Collect$$rtentry$$0000000C          0x08000212   Section        0  __rtentry2.o(.ARM.Collect$$rtentry$$0000000C)
    .ARM.Collect$$rtentry$$0000000D          0x08000212   Section        8  __rtentry2.o(.ARM.Collect$$rtentry$$0000000D)
    .ARM.Collect$$rtexit$$00000000           0x0800021a   Section        2  rtexit.o(.ARM.Collect$$rtexit$$00000000)
    .ARM.Collect$$rtexit$$00000002           0x0800021c   Section        0  rtexit2.o(.ARM.Collect$$rtexit$$00000002)
    .ARM.Collect$$rtexit$$00000003           0x0800021c   Section        4  rtexit2.o(.ARM.Collect$$rtexit$$00000003)
    .ARM.Collect$$rtexit$$00000004           0x08000220   Section        6  rtexit2.o(.ARM.Collect$$rtexit$$00000004)
    $v0                                      0x08000228   Number         0  startup_stm32f407xx.o(.text)
    .text                                    0x08000228   Section       64  startup_stm32f407xx.o(.text)
    .text                                    0x08000268   Section      240  lludivv7m.o(.text)
    .text                                    0x08000358   Section        0  heapauxi.o(.text)
    .text                                    0x0800035e   Section        0  _rserrno.o(.text)
    .text                                    0x08000374   Section        8  rt_errno_addr_intlibspace.o(.text)
    .text                                    0x0800037c   Section        8  libspace.o(.text)
    .text                                    0x08000384   Section       74  sys_stackheap_outer.o(.text)
    .text                                    0x080003ce   Section        0  exit.o(.text)
    .text                                    0x080003e0   Section        0  sys_exit.o(.text)
    .text                                    0x080003ec   Section        2  use_no_semi.o(.text)
    .text                                    0x080003ee   Section        0  indicate_semi.o(.text)
    [Anonymous Symbol]                       0x080003f0   Section        0  audio_drivers.o(.text.AUDIO_IO_Init)
    [Anonymous Symbol]                       0x080003f4   Section        0  audio_drivers.o(.text.AUDIO_IO_Write)
    CODEC_IO_Write                           0x08000419   Thumb Code    44  cs43l22.o(.text.CODEC_IO_Write)
    [Anonymous Symbol]                       0x08000418   Section        0  cs43l22.o(.text.CODEC_IO_Write)
    [Anonymous Symbol]                       0x08000444   Section        0  audio_drivers.o(.text.Configure_GPIO_Output)
    [Anonymous Symbol]                       0x08000520   Section        0  audio_drivers.o(.text.DMA1_Stream7_IRQHandler)
    [Anonymous Symbol]                       0x08000614   Section        0  initialisation_funcs.o(.text.MicroDelay)
    NVIC_EncodePriority                      0x0800066d   Thumb Code   108  audio_drivers.o(.text.NVIC_EncodePriority)
    [Anonymous Symbol]                       0x0800066c   Section        0  audio_drivers.o(.text.NVIC_EncodePriority)
    [Anonymous Symbol]                       0x080006d8   Section        0  initialisation_funcs.o(.text.PB_I2C_Init)
    [Anonymous Symbol]                       0x0800080c   Section        0  i2ctests.o(.text.PB_I2C_Read_Single)
    [Anonymous Symbol]                       0x0800092c   Section        0  i2ctests.o(.text.PB_I2C_Start_Read)
    [Anonymous Symbol]                       0x08000bc4   Section        0  i2ctests.o(.text.PB_I2C_Write)
    [Anonymous Symbol]                       0x08000df0   Section        0  system_stm32f4xx.o(.text.SystemInit)
    __NVIC_EnableIRQ                         0x08000e05   Thumb Code    48  audio_drivers.o(.text.__NVIC_EnableIRQ)
    [Anonymous Symbol]                       0x08000e04   Section        0  audio_drivers.o(.text.__NVIC_EnableIRQ)
    __NVIC_GetPriorityGrouping               0x08000e35   Thumb Code    16  audio_drivers.o(.text.__NVIC_GetPriorityGrouping)
    [Anonymous Symbol]                       0x08000e34   Section        0  audio_drivers.o(.text.__NVIC_GetPriorityGrouping)
    __NVIC_SetPriority                       0x08000e45   Thumb Code    66  audio_drivers.o(.text.__NVIC_SetPriority)
    [Anonymous Symbol]                       0x08000e44   Section        0  audio_drivers.o(.text.__NVIC_SetPriority)
    [Anonymous Symbol]                       0x08000e88   Section        0  sawwave.o(.text.angleToFreq)
    [Anonymous Symbol]                       0x080013d4   Section        0  audio_drivers.o(.text.audioDelay)
    [Anonymous Symbol]                       0x080013f0   Section        0  sawwave.o(.text.audioinit)
    [Anonymous Symbol]                       0x08001438   Section        0  sawwave.o(.text.calcCutoff)
    [Anonymous Symbol]                       0x080014c0   Section        0  audio_drivers.o(.text.checkAudioDAC_ID)
    clearTheADDRFlag                         0x08001519   Thumb Code    26  audio_drivers.o(.text.clearTheADDRFlag)
    [Anonymous Symbol]                       0x08001518   Section        0  audio_drivers.o(.text.clearTheADDRFlag)
    [Anonymous Symbol]                       0x08001538   Section        0  sawwave.o(.text.coefficients)
    [Anonymous Symbol]                       0x080016e8   Section        0  audio_drivers.o(.text.configureAudioDACI2CRegisters)
    [Anonymous Symbol]                       0x08001784   Section        0  audio_drivers.o(.text.configureI2SClockPLL)
    [Anonymous Symbol]                       0x08001864   Section        0  cs43l22.o(.text.cs43l22_Init)
    [Anonymous Symbol]                       0x08001a18   Section        0  cs43l22.o(.text.cs43l22_Play)
    [Anonymous Symbol]                       0x08001a8c   Section        0  cs43l22.o(.text.cs43l22_SetMute)
    [Anonymous Symbol]                       0x08001b30   Section        0  cs43l22.o(.text.cs43l22_SetVolume)
    [Anonymous Symbol]                       0x08001bf0   Section        0  ultrasonic.o(.text.getEchoPulseDuration)
    [Anonymous Symbol]                       0x08001c90   Section        0  accel.o(.text.getangledata)
    [Anonymous Symbol]                       0x08001ec8   Section        0  audio_drivers.o(.text.hasAudioTimerFinished)
    [Anonymous Symbol]                       0x08001edc   Section        0  audio_drivers.o(.text.initAudioTimer)
    [Anonymous Symbol]                       0x08002048   Section        0  accel.o(.text.initialiseaccel)
    [Anonymous Symbol]                       0x08002068   Section        0  initialisation_funcs.o(.text.initialpins)
    [Anonymous Symbol]                       0x0800209c   Section        0  main.o(.text.main)
    [Anonymous Symbol]                       0x080020bc   Section        0  ultrasonic.o(.text.measureDistance)
    [Anonymous Symbol]                       0x08002100   Section        0  audio_drivers.o(.text.myAudioChangeBuffer)
    [Anonymous Symbol]                       0x08002184   Section        0  sawwave.o(.text.myAudioHalfTransferCallback)
    [Anonymous Symbol]                       0x08002194   Section        0  audio_drivers.o(.text.myAudioInitialisePeripherals)
    [Anonymous Symbol]                       0x0800222c   Section        0  audio_drivers.o(.text.myAudioSpeedUpTheSystemClock)
    [Anonymous Symbol]                       0x080022c0   Section        0  audio_drivers.o(.text.myAudioStartPlaying)
    [Anonymous Symbol]                       0x0800233c   Section        0  sawwave.o(.text.myAudioTransferCompleteCallback)
    [Anonymous Symbol]                       0x0800235c   Section        0  audio_drivers.o(.text.myConfigureFlashWaitStatesAndBusClocks)
    [Anonymous Symbol]                       0x080024fc   Section        0  audio_drivers.o(.text.myConfigureI2SClock)
    [Anonymous Symbol]                       0x08002580   Section        0  audio_drivers.o(.text.myConfigureTheMainClockPLL)
    myI2C_WaitOnRXNEFlagUntilTimeout         0x08002645   Thumb Code   128  audio_drivers.o(.text.myI2C_WaitOnRXNEFlagUntilTimeout)
    [Anonymous Symbol]                       0x08002644   Section        0  audio_drivers.o(.text.myI2C_WaitOnRXNEFlagUntilTimeout)
    [Anonymous Symbol]                       0x080026c4   Section        0  audio_drivers.o(.text.myI2Cx_WriteData)
    [Anonymous Symbol]                       0x08002740   Section        0  audio_drivers.o(.text.readDataFromI2CPeripheral)
    resetTheI2CDriver                        0x080029d9   Thumb Code    32  audio_drivers.o(.text.resetTheI2CDriver)
    [Anonymous Symbol]                       0x080029d8   Section        0  audio_drivers.o(.text.resetTheI2CDriver)
    [Anonymous Symbol]                       0x080029f8   Section        0  sawwave.o(.text.saw)
    [Anonymous Symbol]                       0x08002b60   Section        0  sawwave.o(.text.sawwave)
    [Anonymous Symbol]                       0x08002e0c   Section        0  audio_drivers.o(.text.setAudioTimer)
    [Anonymous Symbol]                       0x08002e84   Section        0  initialisation_funcs.o(.text.setgpioclock)
    setupAudioI2CPeripheral                  0x08002e99   Thumb Code    30  audio_drivers.o(.text.setupAudioI2CPeripheral)
    [Anonymous Symbol]                       0x08002e98   Section        0  audio_drivers.o(.text.setupAudioI2CPeripheral)
    setupClocksAndGPIOForAudioI2C            0x08002eb9   Thumb Code   182  audio_drivers.o(.text.setupClocksAndGPIOForAudioI2C)
    [Anonymous Symbol]                       0x08002eb8   Section        0  audio_drivers.o(.text.setupClocksAndGPIOForAudioI2C)
    [Anonymous Symbol]                       0x08002f70   Section        0  audio_drivers.o(.text.setupDMAForAudioDAC)
    [Anonymous Symbol]                       0x08002fe4   Section        0  audio_drivers.o(.text.setupDMAForI2SPeripheral)
    [Anonymous Symbol]                       0x080030bc   Section        0  audio_drivers.o(.text.setupI2SPeripheral)
    [Anonymous Symbol]                       0x08003210   Section        0  audio_drivers.o(.text.setupResetForAudioDAC)
    [Anonymous Symbol]                       0x08003270   Section        0  initialisation_funcs.o(.text.timerinit)
    [Anonymous Symbol]                       0x080032b0   Section        0  audio_drivers.o(.text.waitForFlagWithTimeout)
    waitForI2CBTFFlagUntilTimeout            0x08003319   Thumb Code   128  audio_drivers.o(.text.waitForI2CBTFFlagUntilTimeout)
    [Anonymous Symbol]                       0x08003318   Section        0  audio_drivers.o(.text.waitForI2CBTFFlagUntilTimeout)
    waitForI2CMasterAddressFlagUntilTimeout  0x08003399   Thumb Code   144  audio_drivers.o(.text.waitForI2CMasterAddressFlagUntilTimeout)
    [Anonymous Symbol]                       0x08003398   Section        0  audio_drivers.o(.text.waitForI2CMasterAddressFlagUntilTimeout)
    waitForI2CTXEFlagUntilTimeout            0x08003429   Thumb Code   124  audio_drivers.o(.text.waitForI2CTXEFlagUntilTimeout)
    [Anonymous Symbol]                       0x08003428   Section        0  audio_drivers.o(.text.waitForI2CTXEFlagUntilTimeout)
    [Anonymous Symbol]                       0x080034a4   Section        0  audio_drivers.o(.text.writeDataToI2CPeripheral)
    i.__ARM_fpclassify                       0x08003676   Section        0  fpclassify.o(i.__ARM_fpclassify)
    i.__hardfp_atan                          0x080036a8   Section        0  atan.o(i.__hardfp_atan)
    i.__hardfp_atan2                         0x08003980   Section        0  atan2.o(i.__hardfp_atan2)
    i.__hardfp_pow                           0x08003b80   Section        0  pow.o(i.__hardfp_pow)
    i.__hardfp_sin                           0x080047e0   Section        0  sin.o(i.__hardfp_sin)
    i.__hardfp_sqrt                          0x080048a8   Section        0  sqrt.o(i.__hardfp_sqrt)
    i.__hardfp_tan                           0x08004928   Section        0  tan.o(i.__hardfp_tan)
    i.__ieee754_rem_pio2                     0x080049a8   Section        0  rred.o(i.__ieee754_rem_pio2)
    i.__kernel_cos                           0x08004de0   Section        0  cos_i.o(i.__kernel_cos)
    i.__kernel_poly                          0x08004f50   Section        0  poly.o(i.__kernel_poly)
    i.__kernel_sin                           0x08005048   Section        0  sin_i.o(i.__kernel_sin)
    i.__kernel_tan                           0x08005178   Section        0  tan_i.o(i.__kernel_tan)
    i.__mathlib_dbl_divzero                  0x080054c8   Section        0  dunder.o(i.__mathlib_dbl_divzero)
    i.__mathlib_dbl_infnan                   0x080054f8   Section        0  dunder.o(i.__mathlib_dbl_infnan)
    i.__mathlib_dbl_infnan2                  0x0800550c   Section        0  dunder.o(i.__mathlib_dbl_infnan2)
    i.__mathlib_dbl_invalid                  0x08005520   Section        0  dunder.o(i.__mathlib_dbl_invalid)
    i.__mathlib_dbl_overflow                 0x08005540   Section        0  dunder.o(i.__mathlib_dbl_overflow)
    i.__mathlib_dbl_underflow                0x08005560   Section        0  dunder.o(i.__mathlib_dbl_underflow)
    i.atan                                   0x08005580   Section        0  atan.o(i.atan)
    i.fabs                                   0x08005590   Section        0  fabs.o(i.fabs)
    i.sqrt                                   0x080055a8   Section        0  sqrt.o(i.sqrt)
    $v0                                      0x08005616   Number         0  basic.o(x$fpl$basic)
    x$fpl$basic                              0x08005616   Section       24  basic.o(x$fpl$basic)
    $v0                                      0x08005630   Number         0  d2f.o(x$fpl$d2f)
    x$fpl$d2f                                0x08005630   Section       98  d2f.o(x$fpl$d2f)
    $v0                                      0x08005694   Number         0  daddsub_clz.o(x$fpl$dadd)
    x$fpl$dadd                               0x08005694   Section      336  daddsub_clz.o(x$fpl$dadd)
    _dadd1                                   0x080056a5   Thumb Code     0  daddsub_clz.o(x$fpl$dadd)
    $v0                                      0x080057e4   Number         0  dcheck1.o(x$fpl$dcheck1)
    x$fpl$dcheck1                            0x080057e4   Section       16  dcheck1.o(x$fpl$dcheck1)
    $v0                                      0x080057f4   Number         0  dcmpi.o(x$fpl$dcmpinf)
    x$fpl$dcmpinf                            0x080057f4   Section       24  dcmpi.o(x$fpl$dcmpinf)
    $v0                                      0x0800580c   Number         0  ddiv.o(x$fpl$ddiv)
    x$fpl$ddiv                               0x0800580c   Section      692  ddiv.o(x$fpl$ddiv)
    ddiv_entry                               0x08005813   Thumb Code     0  ddiv.o(x$fpl$ddiv)
    $v0                                      0x08005ac0   Number         0  deqf.o(x$fpl$deqf)
    x$fpl$deqf                               0x08005ac0   Section      120  deqf.o(x$fpl$deqf)
    $v0                                      0x08005b38   Number         0  dfix.o(x$fpl$dfix)
    x$fpl$dfix                               0x08005b38   Section       94  dfix.o(x$fpl$dfix)
    $v0                                      0x08005b96   Number         0  dflt_clz.o(x$fpl$dflt)
    x$fpl$dflt                               0x08005b96   Section       46  dflt_clz.o(x$fpl$dflt)
    $v0                                      0x08005bc4   Number         0  dflt_clz.o(x$fpl$dfltu)
    x$fpl$dfltu                              0x08005bc4   Section       38  dflt_clz.o(x$fpl$dfltu)
    $v0                                      0x08005bec   Number         0  dleqf.o(x$fpl$dleqf)
    x$fpl$dleqf                              0x08005bec   Section      120  dleqf.o(x$fpl$dleqf)
    $v0                                      0x08005c64   Number         0  dmul.o(x$fpl$dmul)
    x$fpl$dmul                               0x08005c64   Section      340  dmul.o(x$fpl$dmul)
    $v0                                      0x08005db8   Number         0  dnaninf.o(x$fpl$dnaninf)
    x$fpl$dnaninf                            0x08005db8   Section      156  dnaninf.o(x$fpl$dnaninf)
    $v0                                      0x08005e54   Number         0  dretinf.o(x$fpl$dretinf)
    x$fpl$dretinf                            0x08005e54   Section       12  dretinf.o(x$fpl$dretinf)
    $v0                                      0x08005e60   Number         0  drleqf.o(x$fpl$drleqf)
    x$fpl$drleqf                             0x08005e60   Section      108  drleqf.o(x$fpl$drleqf)
    $v0                                      0x08005ecc   Number         0  daddsub_clz.o(x$fpl$drsb)
    x$fpl$drsb                               0x08005ecc   Section       22  daddsub_clz.o(x$fpl$drsb)
    $v0                                      0x08005ee4   Number         0  dsqrt_umaal.o(x$fpl$dsqrt)
    x$fpl$dsqrt                              0x08005ee4   Section      408  dsqrt_umaal.o(x$fpl$dsqrt)
    $v0                                      0x0800607c   Number         0  daddsub_clz.o(x$fpl$dsub)
    x$fpl$dsub                               0x0800607c   Section      476  daddsub_clz.o(x$fpl$dsub)
    _dsub1                                   0x0800608d   Thumb Code     0  daddsub_clz.o(x$fpl$dsub)
    $v0                                      0x08006258   Number         0  f2d.o(x$fpl$f2d)
    x$fpl$f2d                                0x08006258   Section       86  f2d.o(x$fpl$f2d)
    $v0                                      0x080062ae   Number         0  fnaninf.o(x$fpl$fnaninf)
    x$fpl$fnaninf                            0x080062ae   Section      140  fnaninf.o(x$fpl$fnaninf)
    $v0                                      0x0800633a   Number         0  fpinit.o(x$fpl$fpinit)
    x$fpl$fpinit                             0x0800633a   Section       26  fpinit.o(x$fpl$fpinit)
    $v0                                      0x08006354   Number         0  fretinf.o(x$fpl$fretinf)
    x$fpl$fretinf                            0x08006354   Section       10  fretinf.o(x$fpl$fretinf)
    $v0                                      0x0800635e   Number         0  retnan.o(x$fpl$retnan)
    x$fpl$retnan                             0x0800635e   Section      100  retnan.o(x$fpl$retnan)
    $v0                                      0x080063c2   Number         0  scalbn.o(x$fpl$scalbn)
    x$fpl$scalbn                             0x080063c2   Section       92  scalbn.o(x$fpl$scalbn)
    $v0                                      0x0800641e   Number         0  trapv.o(x$fpl$trapveneer)
    x$fpl$trapveneer                         0x0800641e   Section       48  trapv.o(x$fpl$trapveneer)
    x$fpl$usenofp                            0x0800644e   Section        0  usenofp.o(x$fpl$usenofp)
    bp                                       0x08006450   Data          16  pow.o(.constdata)
    .constdata                               0x08006450   Section      136  pow.o(.constdata)
    dp_h                                     0x08006460   Data          16  pow.o(.constdata)
    dp_l                                     0x08006470   Data          16  pow.o(.constdata)
    L                                        0x08006480   Data          48  pow.o(.constdata)
    P                                        0x080064b0   Data          40  pow.o(.constdata)
    atanhi                                   0x080064d8   Data          32  atan.o(.constdata)
    .constdata                               0x080064d8   Section      152  atan.o(.constdata)
    atanlo                                   0x080064f8   Data          32  atan.o(.constdata)
    aTodd                                    0x08006518   Data          40  atan.o(.constdata)
    aTeven                                   0x08006540   Data          48  atan.o(.constdata)
    C                                        0x08006570   Data          48  cos_i.o(.constdata)
    .constdata                               0x08006570   Section       48  cos_i.o(.constdata)
    .constdata                               0x080065a0   Section        8  qnan.o(.constdata)
    pio2s                                    0x080065a8   Data          48  rred.o(.constdata)
    .constdata                               0x080065a8   Section      204  rred.o(.constdata)
    twooverpi                                0x080065d8   Data         156  rred.o(.constdata)
    S                                        0x08006678   Data          40  sin_i.o(.constdata)
    .constdata                               0x08006678   Section       40  sin_i.o(.constdata)
    Todd                                     0x080066a0   Data          48  tan_i.o(.constdata)
    .constdata                               0x080066a0   Section       96  tan_i.o(.constdata)
    Teven                                    0x080066d0   Data          48  tan_i.o(.constdata)
    .L__const.initAudioTimer.PPRE2_Factors   0x08006718   Data          32  audio_drivers.o(.rodata.cst32)
    Is_cs43l22_Stop                          0x20000008   Data           1  cs43l22.o(.data.Is_cs43l22_Stop)
    [Anonymous Symbol]                       0x20000008   Section        0  cs43l22.o(.data.Is_cs43l22_Stop)
    audioTimer                               0x20000018   Data           4  audio_drivers.o(.data.audioTimer)
    [Anonymous Symbol]                       0x20000018   Section        0  audio_drivers.o(.data.audioTimer)
    .bss                                     0x20000028   Section       96  libspace.o(.bss)
    Heap_Mem                                 0x200028a8   Data         512  startup_stm32f407xx.o(HEAP)
    HEAP                                     0x200028a8   Section      512  startup_stm32f407xx.o(HEAP)
    Stack_Mem                                0x20002aa8   Data        1024  startup_stm32f407xx.o(STACK)
    STACK                                    0x20002aa8   Section     1024  startup_stm32f407xx.o(STACK)
    __initial_sp                             0x20002ea8   Data           0  startup_stm32f407xx.o(STACK)

    Global Symbols

    Symbol Name                              Value     Ov Type        Size  Object(Section)

    BuildAttributes$$THM_ISAv4$E$P$D$K$B$S$7EM$VFPi3$EXTD16$VFPS$VFMA$PE$A:L22UL41UL21$X:L11$S22US41US21$IEEE1$IW$~IW$USESV6$~STKCKD$USESV7$~SHL$OTIME$ROPI$IEEEX$EBA8$UX$STANDARDLIB$REQ8$PRES8$EABIv2 0x00000000   Number         0  anon$$obj.o ABSOLUTE
    __ARM_exceptions_init                     - Undefined Weak Reference
    __alloca_initialize                       - Undefined Weak Reference
    __arm_preinit_                            - Undefined Weak Reference
    __arm_relocate_pie_                       - Undefined Weak Reference
    __cpp_initialize__aeabi_                  - Undefined Weak Reference
    __cxa_finalize                            - Undefined Weak Reference
    __rt_locale                               - Undefined Weak Reference
    __sigvec_lookup                           - Undefined Weak Reference
    _atexit_init                              - Undefined Weak Reference
    _call_atexit_fns                          - Undefined Weak Reference
    _clock_init                               - Undefined Weak Reference
    _fp_trap_init                             - Undefined Weak Reference
    _fp_trap_shutdown                         - Undefined Weak Reference
    _get_lc_collate                           - Undefined Weak Reference
    _get_lc_ctype                             - Undefined Weak Reference
    _get_lc_monetary                          - Undefined Weak Reference
    _get_lc_numeric                           - Undefined Weak Reference
    _get_lc_time                              - Undefined Weak Reference
    _getenv_init                              - Undefined Weak Reference
    _handle_redirection                       - Undefined Weak Reference
    _init_alloc                               - Undefined Weak Reference
    _init_user_alloc                          - Undefined Weak Reference
    _initio                                   - Undefined Weak Reference
    _rand_init                                - Undefined Weak Reference
    _signal_finish                            - Undefined Weak Reference
    _signal_init                              - Undefined Weak Reference
    _terminate_alloc                          - Undefined Weak Reference
    _terminate_user_alloc                     - Undefined Weak Reference
    _terminateio                              - Undefined Weak Reference
    __Vectors_Size                           0x00000188   Number         0  startup_stm32f407xx.o ABSOLUTE
    __Vectors                                0x08000000   Data           4  startup_stm32f407xx.o(RESET)
    __Vectors_End                            0x08000188   Data           0  startup_stm32f407xx.o(RESET)
    __main                                   0x08000189   Thumb Code     8  __main.o(!!!main)
    __scatterload                            0x08000191   Thumb Code     0  __scatter.o(!!!scatter)
    __scatterload_rt2                        0x08000191   Thumb Code    44  __scatter.o(!!!scatter)
    __scatterload_rt2_thumb_only             0x08000191   Thumb Code     0  __scatter.o(!!!scatter)
    __scatterload_null                       0x0800019f   Thumb Code     0  __scatter.o(!!!scatter)
    __scatterload_copy                       0x080001c5   Thumb Code    26  __scatter_copy.o(!!handler_copy)
    __scatterload_zeroinit                   0x080001e1   Thumb Code    28  __scatter_zi.o(!!handler_zi)
    __rt_lib_init                            0x080001fd   Thumb Code     0  libinit.o(.ARM.Collect$$libinit$$00000000)
    __rt_lib_init_fp_1                       0x080001ff   Thumb Code     0  libinit2.o(.ARM.Collect$$libinit$$00000001)
    __rt_lib_init_alloca_1                   0x08000203   Thumb Code     0  libinit2.o(.ARM.Collect$$libinit$$00000030)
    __rt_lib_init_argv_1                     0x08000203   Thumb Code     0  libinit2.o(.ARM.Collect$$libinit$$0000002E)
    __rt_lib_init_atexit_1                   0x08000203   Thumb Code     0  libinit2.o(.ARM.Collect$$libinit$$0000001D)
    __rt_lib_init_clock_1                    0x08000203   Thumb Code     0  libinit2.o(.ARM.Collect$$libinit$$00000023)
    __rt_lib_init_cpp_1                      0x08000203   Thumb Code     0  libinit2.o(.ARM.Collect$$libinit$$00000034)
    __rt_lib_init_exceptions_1               0x08000203   Thumb Code     0  libinit2.o(.ARM.Collect$$libinit$$00000032)
    __rt_lib_init_fp_trap_1                  0x08000203   Thumb Code     0  libinit2.o(.ARM.Collect$$libinit$$00000021)
    __rt_lib_init_getenv_1                   0x08000203   Thumb Code     0  libinit2.o(.ARM.Collect$$libinit$$00000025)
    __rt_lib_init_heap_1                     0x08000203   Thumb Code     0  libinit2.o(.ARM.Collect$$libinit$$0000000C)
    __rt_lib_init_lc_collate_1               0x08000203   Thumb Code     0  libinit2.o(.ARM.Collect$$libinit$$00000013)
    __rt_lib_init_lc_ctype_1                 0x08000203   Thumb Code     0  libinit2.o(.ARM.Collect$$libinit$$00000015)
    __rt_lib_init_lc_monetary_1              0x08000203   Thumb Code     0  libinit2.o(.ARM.Collect$$libinit$$00000017)
    __rt_lib_init_lc_numeric_1               0x08000203   Thumb Code     0  libinit2.o(.ARM.Collect$$libinit$$00000019)
    __rt_lib_init_lc_time_1                  0x08000203   Thumb Code     0  libinit2.o(.ARM.Collect$$libinit$$0000001B)
    __rt_lib_init_preinit_1                  0x08000203   Thumb Code     0  libinit2.o(.ARM.Collect$$libinit$$00000006)
    __rt_lib_init_rand_1                     0x08000203   Thumb Code     0  libinit2.o(.ARM.Collect$$libinit$$00000010)
    __rt_lib_init_relocate_pie_1             0x08000203   Thumb Code     0  libinit2.o(.ARM.Collect$$libinit$$00000004)
    __rt_lib_init_return                     0x08000203   Thumb Code     0  libinit2.o(.ARM.Collect$$libinit$$00000035)
    __rt_lib_init_signal_1                   0x08000203   Thumb Code     0  libinit2.o(.ARM.Collect$$libinit$$0000001F)
    __rt_lib_init_stdio_1                    0x08000203   Thumb Code     0  libinit2.o(.ARM.Collect$$libinit$$00000027)
    __rt_lib_init_user_alloc_1               0x08000203   Thumb Code     0  libinit2.o(.ARM.Collect$$libinit$$0000000E)
    __rt_lib_shutdown                        0x08000205   Thumb Code     0  libshutdown.o(.ARM.Collect$$libshutdown$$00000000)
    __rt_lib_shutdown_cpp_1                  0x08000207   Thumb Code     0  libshutdown2.o(.ARM.Collect$$libshutdown$$00000002)
    __rt_lib_shutdown_fp_trap_1              0x08000207   Thumb Code     0  libshutdown2.o(.ARM.Collect$$libshutdown$$00000007)
    __rt_lib_shutdown_heap_1                 0x08000207   Thumb Code     0  libshutdown2.o(.ARM.Collect$$libshutdown$$0000000F)
    __rt_lib_shutdown_return                 0x08000207   Thumb Code     0  libshutdown2.o(.ARM.Collect$$libshutdown$$00000010)
    __rt_lib_shutdown_signal_1               0x08000207   Thumb Code     0  libshutdown2.o(.ARM.Collect$$libshutdown$$0000000A)
    __rt_lib_shutdown_stdio_1                0x08000207   Thumb Code     0  libshutdown2.o(.ARM.Collect$$libshutdown$$00000004)
    __rt_lib_shutdown_user_alloc_1           0x08000207   Thumb Code     0  libshutdown2.o(.ARM.Collect$$libshutdown$$0000000C)
    __rt_entry                               0x08000209   Thumb Code     0  __rtentry.o(.ARM.Collect$$rtentry$$00000000)
    __rt_entry_presh_1                       0x08000209   Thumb Code     0  __rtentry2.o(.ARM.Collect$$rtentry$$00000002)
    __rt_entry_sh                            0x08000209   Thumb Code     0  __rtentry4.o(.ARM.Collect$$rtentry$$00000004)
    __rt_entry_li                            0x0800020f   Thumb Code     0  __rtentry2.o(.ARM.Collect$$rtentry$$0000000A)
    __rt_entry_postsh_1                      0x0800020f   Thumb Code     0  __rtentry2.o(.ARM.Collect$$rtentry$$00000009)
    __rt_entry_main                          0x08000213   Thumb Code     0  __rtentry2.o(.ARM.Collect$$rtentry$$0000000D)
    __rt_entry_postli_1                      0x08000213   Thumb Code     0  __rtentry2.o(.ARM.Collect$$rtentry$$0000000C)
    __rt_exit                                0x0800021b   Thumb Code     0  rtexit.o(.ARM.Collect$$rtexit$$00000000)
    __rt_exit_ls                             0x0800021d   Thumb Code     0  rtexit2.o(.ARM.Collect$$rtexit$$00000003)
    __rt_exit_prels_1                        0x0800021d   Thumb Code     0  rtexit2.o(.ARM.Collect$$rtexit$$00000002)
    __rt_exit_exit                           0x08000221   Thumb Code     0  rtexit2.o(.ARM.Collect$$rtexit$$00000004)
    Reset_Handler                            0x08000229   Thumb Code     8  startup_stm32f407xx.o(.text)
    NMI_Handler                              0x08000231   Thumb Code     2  startup_stm32f407xx.o(.text)
    HardFault_Handler                        0x08000233   Thumb Code     2  startup_stm32f407xx.o(.text)
    MemManage_Handler                        0x08000235   Thumb Code     2  startup_stm32f407xx.o(.text)
    BusFault_Handler                         0x08000237   Thumb Code     2  startup_stm32f407xx.o(.text)
    UsageFault_Handler                       0x08000239   Thumb Code     2  startup_stm32f407xx.o(.text)
    SVC_Handler                              0x0800023b   Thumb Code     2  startup_stm32f407xx.o(.text)
    DebugMon_Handler                         0x0800023d   Thumb Code     2  startup_stm32f407xx.o(.text)
    PendSV_Handler                           0x0800023f   Thumb Code     2  startup_stm32f407xx.o(.text)
    SysTick_Handler                          0x08000241   Thumb Code     2  startup_stm32f407xx.o(.text)
    ADC_IRQHandler                           0x08000243   Thumb Code     0  startup_stm32f407xx.o(.text)
    CAN1_RX0_IRQHandler                      0x08000243   Thumb Code     0  startup_stm32f407xx.o(.text)
    CAN1_RX1_IRQHandler                      0x08000243   Thumb Code     0  startup_stm32f407xx.o(.text)
    CAN1_SCE_IRQHandler                      0x08000243   Thumb Code     0  startup_stm32f407xx.o(.text)
    CAN1_TX_IRQHandler                       0x08000243   Thumb Code     0  startup_stm32f407xx.o(.text)
    CAN2_RX0_IRQHandler                      0x08000243   Thumb Code     0  startup_stm32f407xx.o(.text)
    CAN2_RX1_IRQHandler                      0x08000243   Thumb Code     0  startup_stm32f407xx.o(.text)
    CAN2_SCE_IRQHandler                      0x08000243   Thumb Code     0  startup_stm32f407xx.o(.text)
    CAN2_TX_IRQHandler                       0x08000243   Thumb Code     0  startup_stm32f407xx.o(.text)
    DCMI_IRQHandler                          0x08000243   Thumb Code     0  startup_stm32f407xx.o(.text)
    DMA1_Stream0_IRQHandler                  0x08000243   Thumb Code     0  startup_stm32f407xx.o(.text)
    DMA1_Stream1_IRQHandler                  0x08000243   Thumb Code     0  startup_stm32f407xx.o(.text)
    DMA1_Stream2_IRQHandler                  0x08000243   Thumb Code     0  startup_stm32f407xx.o(.text)
    DMA1_Stream3_IRQHandler                  0x08000243   Thumb Code     0  startup_stm32f407xx.o(.text)
    DMA1_Stream4_IRQHandler                  0x08000243   Thumb Code     0  startup_stm32f407xx.o(.text)
    DMA1_Stream5_IRQHandler                  0x08000243   Thumb Code     0  startup_stm32f407xx.o(.text)
    DMA1_Stream6_IRQHandler                  0x08000243   Thumb Code     0  startup_stm32f407xx.o(.text)
    DMA2_Stream0_IRQHandler                  0x08000243   Thumb Code     0  startup_stm32f407xx.o(.text)
    DMA2_Stream1_IRQHandler                  0x08000243   Thumb Code     0  startup_stm32f407xx.o(.text)
    DMA2_Stream2_IRQHandler                  0x08000243   Thumb Code     0  startup_stm32f407xx.o(.text)
    DMA2_Stream3_IRQHandler                  0x08000243   Thumb Code     0  startup_stm32f407xx.o(.text)
    DMA2_Stream4_IRQHandler                  0x08000243   Thumb Code     0  startup_stm32f407xx.o(.text)
    DMA2_Stream5_IRQHandler                  0x08000243   Thumb Code     0  startup_stm32f407xx.o(.text)
    DMA2_Stream6_IRQHandler                  0x08000243   Thumb Code     0  startup_stm32f407xx.o(.text)
    DMA2_Stream7_IRQHandler                  0x08000243   Thumb Code     0  startup_stm32f407xx.o(.text)
    ETH_IRQHandler                           0x08000243   Thumb Code     0  startup_stm32f407xx.o(.text)
    ETH_WKUP_IRQHandler                      0x08000243   Thumb Code     0  startup_stm32f407xx.o(.text)
    EXTI0_IRQHandler                         0x08000243   Thumb Code     0  startup_stm32f407xx.o(.text)
    EXTI15_10_IRQHandler                     0x08000243   Thumb Code     0  startup_stm32f407xx.o(.text)
    EXTI1_IRQHandler                         0x08000243   Thumb Code     0  startup_stm32f407xx.o(.text)
    EXTI2_IRQHandler                         0x08000243   Thumb Code     0  startup_stm32f407xx.o(.text)
    EXTI3_IRQHandler                         0x08000243   Thumb Code     0  startup_stm32f407xx.o(.text)
    EXTI4_IRQHandler                         0x08000243   Thumb Code     0  startup_stm32f407xx.o(.text)
    EXTI9_5_IRQHandler                       0x08000243   Thumb Code     0  startup_stm32f407xx.o(.text)
    FLASH_IRQHandler                         0x08000243   Thumb Code     0  startup_stm32f407xx.o(.text)
    FMC_IRQHandler                           0x08000243   Thumb Code     0  startup_stm32f407xx.o(.text)
    FPU_IRQHandler                           0x08000243   Thumb Code     0  startup_stm32f407xx.o(.text)
    HASH_RNG_IRQHandler                      0x08000243   Thumb Code     0  startup_stm32f407xx.o(.text)
    I2C1_ER_IRQHandler                       0x08000243   Thumb Code     0  startup_stm32f407xx.o(.text)
    I2C1_EV_IRQHandler                       0x08000243   Thumb Code     0  startup_stm32f407xx.o(.text)
    I2C2_ER_IRQHandler                       0x08000243   Thumb Code     0  startup_stm32f407xx.o(.text)
    I2C2_EV_IRQHandler                       0x08000243   Thumb Code     0  startup_stm32f407xx.o(.text)
    I2C3_ER_IRQHandler                       0x08000243   Thumb Code     0  startup_stm32f407xx.o(.text)
    I2C3_EV_IRQHandler                       0x08000243   Thumb Code     0  startup_stm32f407xx.o(.text)
    OTG_FS_IRQHandler                        0x08000243   Thumb Code     0  startup_stm32f407xx.o(.text)
    OTG_FS_WKUP_IRQHandler                   0x08000243   Thumb Code     0  startup_stm32f407xx.o(.text)
    OTG_HS_EP1_IN_IRQHandler                 0x08000243   Thumb Code     0  startup_stm32f407xx.o(.text)
    OTG_HS_EP1_OUT_IRQHandler                0x08000243   Thumb Code     0  startup_stm32f407xx.o(.text)
    OTG_HS_IRQHandler                        0x08000243   Thumb Code     0  startup_stm32f407xx.o(.text)
    OTG_HS_WKUP_IRQHandler                   0x08000243   Thumb Code     0  startup_stm32f407xx.o(.text)
    PVD_IRQHandler                           0x08000243   Thumb Code     0  startup_stm32f407xx.o(.text)
    RCC_IRQHandler                           0x08000243   Thumb Code     0  startup_stm32f407xx.o(.text)
    RTC_Alarm_IRQHandler                     0x08000243   Thumb Code     0  startup_stm32f407xx.o(.text)
    RTC_WKUP_IRQHandler                      0x08000243   Thumb Code     0  startup_stm32f407xx.o(.text)
    SDIO_IRQHandler                          0x08000243   Thumb Code     0  startup_stm32f407xx.o(.text)
    SPI1_IRQHandler                          0x08000243   Thumb Code     0  startup_stm32f407xx.o(.text)
    SPI2_IRQHandler                          0x08000243   Thumb Code     0  startup_stm32f407xx.o(.text)
    SPI3_IRQHandler                          0x08000243   Thumb Code     0  startup_stm32f407xx.o(.text)
    TAMP_STAMP_IRQHandler                    0x08000243   Thumb Code     0  startup_stm32f407xx.o(.text)
    TIM1_BRK_TIM9_IRQHandler                 0x08000243   Thumb Code     0  startup_stm32f407xx.o(.text)
    TIM1_CC_IRQHandler                       0x08000243   Thumb Code     0  startup_stm32f407xx.o(.text)
    TIM1_TRG_COM_TIM11_IRQHandler            0x08000243   Thumb Code     0  startup_stm32f407xx.o(.text)
    TIM1_UP_TIM10_IRQHandler                 0x08000243   Thumb Code     0  startup_stm32f407xx.o(.text)
    TIM2_IRQHandler                          0x08000243   Thumb Code     0  startup_stm32f407xx.o(.text)
    TIM3_IRQHandler                          0x08000243   Thumb Code     0  startup_stm32f407xx.o(.text)
    TIM4_IRQHandler                          0x08000243   Thumb Code     0  startup_stm32f407xx.o(.text)
    TIM5_IRQHandler                          0x08000243   Thumb Code     0  startup_stm32f407xx.o(.text)
    TIM6_DAC_IRQHandler                      0x08000243   Thumb Code     0  startup_stm32f407xx.o(.text)
    TIM7_IRQHandler                          0x08000243   Thumb Code     0  startup_stm32f407xx.o(.text)
    TIM8_BRK_TIM12_IRQHandler                0x08000243   Thumb Code     0  startup_stm32f407xx.o(.text)
    TIM8_CC_IRQHandler                       0x08000243   Thumb Code     0  startup_stm32f407xx.o(.text)
    TIM8_TRG_COM_TIM14_IRQHandler            0x08000243   Thumb Code     0  startup_stm32f407xx.o(.text)
    TIM8_UP_TIM13_IRQHandler                 0x08000243   Thumb Code     0  startup_stm32f407xx.o(.text)
    UART4_IRQHandler                         0x08000243   Thumb Code     0  startup_stm32f407xx.o(.text)
    UART5_IRQHandler                         0x08000243   Thumb Code     0  startup_stm32f407xx.o(.text)
    USART1_IRQHandler                        0x08000243   Thumb Code     0  startup_stm32f407xx.o(.text)
    USART2_IRQHandler                        0x08000243   Thumb Code     0  startup_stm32f407xx.o(.text)
    USART3_IRQHandler                        0x08000243   Thumb Code     0  startup_stm32f407xx.o(.text)
    USART6_IRQHandler                        0x08000243   Thumb Code     0  startup_stm32f407xx.o(.text)
    WWDG_IRQHandler                          0x08000243   Thumb Code     0  startup_stm32f407xx.o(.text)
    __user_initial_stackheap                 0x08000245   Thumb Code     0  startup_stm32f407xx.o(.text)
    __aeabi_uldivmod                         0x08000269   Thumb Code     0  lludivv7m.o(.text)
    _ll_udiv                                 0x08000269   Thumb Code   240  lludivv7m.o(.text)
    __use_two_region_memory                  0x08000359   Thumb Code     2  heapauxi.o(.text)
    __rt_heap_escrow$2region                 0x0800035b   Thumb Code     2  heapauxi.o(.text)
    __rt_heap_expand$2region                 0x0800035d   Thumb Code     2  heapauxi.o(.text)
    __read_errno                             0x0800035f   Thumb Code    10  _rserrno.o(.text)
    __set_errno                              0x08000369   Thumb Code    12  _rserrno.o(.text)
    __aeabi_errno_addr                       0x08000375   Thumb Code     8  rt_errno_addr_intlibspace.o(.text)
    __errno$intlibspace                      0x08000375   Thumb Code     0  rt_errno_addr_intlibspace.o(.text)
    __rt_errno_addr$intlibspace              0x08000375   Thumb Code     0  rt_errno_addr_intlibspace.o(.text)
    __user_libspace                          0x0800037d   Thumb Code     8  libspace.o(.text)
    __user_perproc_libspace                  0x0800037d   Thumb Code     0  libspace.o(.text)
    __user_perthread_libspace                0x0800037d   Thumb Code     0  libspace.o(.text)
    __user_setup_stackheap                   0x08000385   Thumb Code    74  sys_stackheap_outer.o(.text)
    exit                                     0x080003cf   Thumb Code    18  exit.o(.text)
    _sys_exit                                0x080003e1   Thumb Code     8  sys_exit.o(.text)
    __I$use$semihosting                      0x080003ed   Thumb Code     0  use_no_semi.o(.text)
    __use_no_semihosting_swi                 0x080003ed   Thumb Code     2  use_no_semi.o(.text)
    __semihosting_library_function           0x080003ef   Thumb Code     0  indicate_semi.o(.text)
    AUDIO_IO_Init                            0x080003f1   Thumb Code     2  audio_drivers.o(.text.AUDIO_IO_Init)
    AUDIO_IO_Write                           0x080003f5   Thumb Code    36  audio_drivers.o(.text.AUDIO_IO_Write)
    Configure_GPIO_Output                    0x08000445   Thumb Code   220  audio_drivers.o(.text.Configure_GPIO_Output)
    DMA1_Stream7_IRQHandler                  0x08000521   Thumb Code   244  audio_drivers.o(.text.DMA1_Stream7_IRQHandler)
    MicroDelay                               0x08000615   Thumb Code    88  initialisation_funcs.o(.text.MicroDelay)
    PB_I2C_Init                              0x080006d9   Thumb Code   306  initialisation_funcs.o(.text.PB_I2C_Init)
    PB_I2C_Read_Single                       0x0800080d   Thumb Code   286  i2ctests.o(.text.PB_I2C_Read_Single)
    PB_I2C_Start_Read                        0x0800092d   Thumb Code   664  i2ctests.o(.text.PB_I2C_Start_Read)
    PB_I2C_Write                             0x08000bc5   Thumb Code   556  i2ctests.o(.text.PB_I2C_Write)
    SystemInit                               0x08000df1   Thumb Code    18  system_stm32f4xx.o(.text.SystemInit)
    angleToFreq                              0x08000e89   Thumb Code  1356  sawwave.o(.text.angleToFreq)
    audioDelay                               0x080013d5   Thumb Code    28  audio_drivers.o(.text.audioDelay)
    audioinit                                0x080013f1   Thumb Code    66  sawwave.o(.text.audioinit)
    calcCutoff                               0x08001439   Thumb Code   136  sawwave.o(.text.calcCutoff)
    checkAudioDAC_ID                         0x080014c1   Thumb Code    86  audio_drivers.o(.text.checkAudioDAC_ID)
    coefficients                             0x08001539   Thumb Code   432  sawwave.o(.text.coefficients)
    configureAudioDACI2CRegisters            0x080016e9   Thumb Code   154  audio_drivers.o(.text.configureAudioDACI2CRegisters)
    configureI2SClockPLL                     0x08001785   Thumb Code   222  audio_drivers.o(.text.configureI2SClockPLL)
    cs43l22_Init                             0x08001865   Thumb Code   434  cs43l22.o(.text.cs43l22_Init)
    cs43l22_Play                             0x08001a19   Thumb Code   114  cs43l22.o(.text.cs43l22_Play)
    cs43l22_SetMute                          0x08001a8d   Thumb Code   164  cs43l22.o(.text.cs43l22_SetMute)
    cs43l22_SetVolume                        0x08001b31   Thumb Code   190  cs43l22.o(.text.cs43l22_SetVolume)
    getEchoPulseDuration                     0x08001bf1   Thumb Code   154  ultrasonic.o(.text.getEchoPulseDuration)
    getangledata                             0x08001c91   Thumb Code   568  accel.o(.text.getangledata)
    hasAudioTimerFinished                    0x08001ec9   Thumb Code    18  audio_drivers.o(.text.hasAudioTimerFinished)
    initAudioTimer                           0x08001edd   Thumb Code   364  audio_drivers.o(.text.initAudioTimer)
    initialiseaccel                          0x08002049   Thumb Code    30  accel.o(.text.initialiseaccel)
    initialpins                              0x08002069   Thumb Code    50  initialisation_funcs.o(.text.initialpins)
    main                                     0x0800209d   Thumb Code    30  main.o(.text.main)
    measureDistance                          0x080020bd   Thumb Code    66  ultrasonic.o(.text.measureDistance)
    myAudioChangeBuffer                      0x08002101   Thumb Code   130  audio_drivers.o(.text.myAudioChangeBuffer)
    myAudioHalfTransferCallback              0x08002185   Thumb Code    14  sawwave.o(.text.myAudioHalfTransferCallback)
    myAudioInitialisePeripherals             0x08002195   Thumb Code   152  audio_drivers.o(.text.myAudioInitialisePeripherals)
    myAudioSpeedUpTheSystemClock             0x0800222d   Thumb Code   148  audio_drivers.o(.text.myAudioSpeedUpTheSystemClock)
    myAudioStartPlaying                      0x080022c1   Thumb Code   122  audio_drivers.o(.text.myAudioStartPlaying)
    myAudioTransferCompleteCallback          0x0800233d   Thumb Code    32  sawwave.o(.text.myAudioTransferCompleteCallback)
    myConfigureFlashWaitStatesAndBusClocks   0x0800235d   Thumb Code   414  audio_drivers.o(.text.myConfigureFlashWaitStatesAndBusClocks)
    myConfigureI2SClock                      0x080024fd   Thumb Code   130  audio_drivers.o(.text.myConfigureI2SClock)
    myConfigureTheMainClockPLL               0x08002581   Thumb Code   194  audio_drivers.o(.text.myConfigureTheMainClockPLL)
    myI2Cx_WriteData                         0x080026c5   Thumb Code   124  audio_drivers.o(.text.myI2Cx_WriteData)
    readDataFromI2CPeripheral                0x08002741   Thumb Code   664  audio_drivers.o(.text.readDataFromI2CPeripheral)
    saw                                      0x080029f9   Thumb Code   356  sawwave.o(.text.saw)
    sawwave                                  0x08002b61   Thumb Code   684  sawwave.o(.text.sawwave)
    setAudioTimer                            0x08002e0d   Thumb Code   118  audio_drivers.o(.text.setAudioTimer)
    setgpioclock                             0x08002e85   Thumb Code    18  initialisation_funcs.o(.text.setgpioclock)
    setupDMAForAudioDAC                      0x08002f71   Thumb Code   114  audio_drivers.o(.text.setupDMAForAudioDAC)
    setupDMAForI2SPeripheral                 0x08002fe5   Thumb Code   216  audio_drivers.o(.text.setupDMAForI2SPeripheral)
    setupI2SPeripheral                       0x080030bd   Thumb Code   340  audio_drivers.o(.text.setupI2SPeripheral)
    setupResetForAudioDAC                    0x08003211   Thumb Code    94  audio_drivers.o(.text.setupResetForAudioDAC)
    timerinit                                0x08003271   Thumb Code    62  initialisation_funcs.o(.text.timerinit)
    waitForFlagWithTimeout                   0x080032b1   Thumb Code   102  audio_drivers.o(.text.waitForFlagWithTimeout)
    writeDataToI2CPeripheral                 0x080034a5   Thumb Code   466  audio_drivers.o(.text.writeDataToI2CPeripheral)
    __ARM_fpclassify                         0x08003677   Thumb Code    48  fpclassify.o(i.__ARM_fpclassify)
    __hardfp_atan                            0x080036a9   Thumb Code   622  atan.o(i.__hardfp_atan)
    __hardfp_atan2                           0x08003981   Thumb Code   448  atan2.o(i.__hardfp_atan2)
    __hardfp_pow                             0x08003b81   Thumb Code  3088  pow.o(i.__hardfp_pow)
    __hardfp_sin                             0x080047e1   Thumb Code   180  sin.o(i.__hardfp_sin)
    __hardfp_sqrt                            0x080048a9   Thumb Code   122  sqrt.o(i.__hardfp_sqrt)
    __hardfp_tan                             0x08004929   Thumb Code   108  tan.o(i.__hardfp_tan)
    __ieee754_rem_pio2                       0x080049a9   Thumb Code   938  rred.o(i.__ieee754_rem_pio2)
    __kernel_cos                             0x08004de1   Thumb Code   322  cos_i.o(i.__kernel_cos)
    __kernel_poly                            0x08004f51   Thumb Code   248  poly.o(i.__kernel_poly)
    __kernel_sin                             0x08005049   Thumb Code   280  sin_i.o(i.__kernel_sin)
    __kernel_tan                             0x08005179   Thumb Code   764  tan_i.o(i.__kernel_tan)
    __mathlib_dbl_divzero                    0x080054c9   Thumb Code    28  dunder.o(i.__mathlib_dbl_divzero)
    __mathlib_dbl_infnan                     0x080054f9   Thumb Code    20  dunder.o(i.__mathlib_dbl_infnan)
    __mathlib_dbl_infnan2                    0x0800550d   Thumb Code    20  dunder.o(i.__mathlib_dbl_infnan2)
    __mathlib_dbl_invalid                    0x08005521   Thumb Code    24  dunder.o(i.__mathlib_dbl_invalid)
    __mathlib_dbl_overflow                   0x08005541   Thumb Code    24  dunder.o(i.__mathlib_dbl_overflow)
    __mathlib_dbl_underflow                  0x08005561   Thumb Code    24  dunder.o(i.__mathlib_dbl_underflow)
    atan                                     0x08005581   Thumb Code    16  atan.o(i.atan)
    fabs                                     0x08005591   Thumb Code    24  fabs.o(i.fabs)
    sqrt                                     0x080055a9   Thumb Code   110  sqrt.o(i.sqrt)
    __aeabi_dneg                             0x08005617   Thumb Code     0  basic.o(x$fpl$basic)
    _dneg                                    0x08005617   Thumb Code     6  basic.o(x$fpl$basic)
    __aeabi_fneg                             0x0800561d   Thumb Code     0  basic.o(x$fpl$basic)
    _fneg                                    0x0800561d   Thumb Code     6  basic.o(x$fpl$basic)
    _dabs                                    0x08005623   Thumb Code     6  basic.o(x$fpl$basic)
    _fabs                                    0x08005629   Thumb Code     6  basic.o(x$fpl$basic)
    __aeabi_d2f                              0x08005631   Thumb Code     0  d2f.o(x$fpl$d2f)
    _d2f                                     0x08005631   Thumb Code    98  d2f.o(x$fpl$d2f)
    __aeabi_dadd                             0x08005695   Thumb Code     0  daddsub_clz.o(x$fpl$dadd)
    _dadd                                    0x08005695   Thumb Code   332  daddsub_clz.o(x$fpl$dadd)
    __fpl_dcheck_NaN1                        0x080057e5   Thumb Code    10  dcheck1.o(x$fpl$dcheck1)
    __fpl_dcmp_Inf                           0x080057f5   Thumb Code    24  dcmpi.o(x$fpl$dcmpinf)
    __aeabi_ddiv                             0x0800580d   Thumb Code     0  ddiv.o(x$fpl$ddiv)
    _ddiv                                    0x0800580d   Thumb Code   556  ddiv.o(x$fpl$ddiv)
    __aeabi_cdcmpeq                          0x08005ac1   Thumb Code     0  deqf.o(x$fpl$deqf)
    _dcmpeq                                  0x08005ac1   Thumb Code   120  deqf.o(x$fpl$deqf)
    __aeabi_d2iz                             0x08005b39   Thumb Code     0  dfix.o(x$fpl$dfix)
    _dfix                                    0x08005b39   Thumb Code    94  dfix.o(x$fpl$dfix)
    __aeabi_i2d                              0x08005b97   Thumb Code     0  dflt_clz.o(x$fpl$dflt)
    _dflt                                    0x08005b97   Thumb Code    46  dflt_clz.o(x$fpl$dflt)
    __aeabi_ui2d                             0x08005bc5   Thumb Code     0  dflt_clz.o(x$fpl$dfltu)
    _dfltu                                   0x08005bc5   Thumb Code    38  dflt_clz.o(x$fpl$dfltu)
    __aeabi_cdcmple                          0x08005bed   Thumb Code     0  dleqf.o(x$fpl$dleqf)
    _dcmple                                  0x08005bed   Thumb Code   120  dleqf.o(x$fpl$dleqf)
    __fpl_dcmple_InfNaN                      0x08005c4f   Thumb Code     0  dleqf.o(x$fpl$dleqf)
    __aeabi_dmul                             0x08005c65   Thumb Code     0  dmul.o(x$fpl$dmul)
    _dmul                                    0x08005c65   Thumb Code   332  dmul.o(x$fpl$dmul)
    __fpl_dnaninf                            0x08005db9   Thumb Code   156  dnaninf.o(x$fpl$dnaninf)
    __fpl_dretinf                            0x08005e55   Thumb Code    12  dretinf.o(x$fpl$dretinf)
    __aeabi_cdrcmple                         0x08005e61   Thumb Code     0  drleqf.o(x$fpl$drleqf)
    _drcmple                                 0x08005e61   Thumb Code   108  drleqf.o(x$fpl$drleqf)
    __aeabi_drsub                            0x08005ecd   Thumb Code     0  daddsub_clz.o(x$fpl$drsb)
    _drsb                                    0x08005ecd   Thumb Code    22  daddsub_clz.o(x$fpl$drsb)
    _dsqrt                                   0x08005ee5   Thumb Code   404  dsqrt_umaal.o(x$fpl$dsqrt)
    __aeabi_dsub                             0x0800607d   Thumb Code     0  daddsub_clz.o(x$fpl$dsub)
    _dsub                                    0x0800607d   Thumb Code   472  daddsub_clz.o(x$fpl$dsub)
    __aeabi_f2d                              0x08006259   Thumb Code     0  f2d.o(x$fpl$f2d)
    _f2d                                     0x08006259   Thumb Code    86  f2d.o(x$fpl$f2d)
    __fpl_fnaninf                            0x080062af   Thumb Code   140  fnaninf.o(x$fpl$fnaninf)
    _fp_init                                 0x0800633b   Thumb Code    26  fpinit.o(x$fpl$fpinit)
    __fplib_config_fpu_vfp                   0x08006353   Thumb Code     0  fpinit.o(x$fpl$fpinit)
    __fplib_config_pureend_doubles           0x08006353   Thumb Code     0  fpinit.o(x$fpl$fpinit)
    __fpl_fretinf                            0x08006355   Thumb Code    10  fretinf.o(x$fpl$fretinf)
    __fpl_return_NaN                         0x0800635f   Thumb Code   100  retnan.o(x$fpl$retnan)
    __ARM_scalbn                             0x080063c3   Thumb Code    92  scalbn.o(x$fpl$scalbn)
    __fpl_cmpreturn                          0x0800641f   Thumb Code    48  trapv.o(x$fpl$trapveneer)
    __I$use$fp                               0x0800644e   Number         0  usenofp.o(x$fpl$usenofp)
    __mathlib_zero                           0x080065a0   Data           8  qnan.o(.constdata)
    AHBPrescTable                            0x08006700   Data          16  system_stm32f4xx.o(.rodata.AHBPrescTable)
    APBPrescTable                            0x08006710   Data           8  system_stm32f4xx.o(.rodata.APBPrescTable)
    myI2SFreq                                0x08006738   Data          32  audio_drivers.o(.rodata.myI2SFreq)
    myI2SPLLN                                0x08006758   Data          32  audio_drivers.o(.rodata.myI2SPLLN)
    myI2SPLLR                                0x08006778   Data          32  audio_drivers.o(.rodata.myI2SPLLR)
    Region$$Table$$Base                      0x08006798   Number         0  anon$$obj.o(Region$$Table)
    Region$$Table$$Limit                     0x080067b8   Number         0  anon$$obj.o(Region$$Table)
    AudioI2C                                 0x20000000   Data           4  audio_drivers.o(.data.AudioI2C)
    AudioI2S                                 0x20000004   Data           4  audio_drivers.o(.data.AudioI2S)
    PENTATONIC                               0x2000000c   Data           4  sawwave.o(.data.PENTATONIC)
    SystemCoreClock                          0x20000010   Data           4  system_stm32f4xx.o(.data.SystemCoreClock)
    audioDACStatus                           0x20000014   Data           1  audio_drivers.o(.data.audioDACStatus)
    audioDMAStatus                           0x20000015   Data           1  audio_drivers.o(.data.audioDMAStatus)
    audioI2CStatus                           0x20000016   Data           1  audio_drivers.o(.data.audioI2CStatus)
    audioI2SStatus                           0x20000017   Data           1  audio_drivers.o(.data.audioI2SStatus)
    distanceToFreqA                          0x2000001c   Data           4  sawwave.o(.data.distanceToFreqA)
    distanceToFreqB                          0x20000020   Data           4  sawwave.o(.data.distanceToFreqB)
    __libspace_start                         0x20000028   Data          96  libspace.o(.bss)
    OutputDev                                0x20000088   Data           1  cs43l22.o(.bss.OutputDev)
    __temporary_stack_top$libspace           0x20000088   Data           0  libspace.o(.bss)
    PlayBuff                                 0x2000008a   Data        8192  sawwave.o(.bss.PlayBuff)
    SineBuff                                 0x2000208a   Data        2048  sawwave.o(.bss.SineBuff)
    bufferStatus                             0x2000288a   Data           1  sawwave.o(.bss.bufferStatus)
    pitch                                    0x2000288c   Data           2  accel.o(.bss.pitch)
    roll                                     0x2000288e   Data           2  accel.o(.bss.roll)
    x                                        0x20002890   Data           4  accel.o(.bss.x)
    xh                                       0x20002894   Data           2  accel.o(.bss.xh)
    xl                                       0x20002896   Data           2  accel.o(.bss.xl)
    y                                        0x20002898   Data           4  accel.o(.bss.y)
    yh                                       0x2000289c   Data           2  accel.o(.bss.yh)
    yl                                       0x2000289e   Data           2  accel.o(.bss.yl)
    z                                        0x200028a0   Data           4  accel.o(.bss.z)
    zh                                       0x200028a4   Data           2  accel.o(.bss.zh)
    zl                                       0x200028a6   Data           2  accel.o(.bss.zl)



==============================================================================

Memory Map of the image

  Image Entry point : 0x08000229

  Load Region LR_1 (Base: 0x08000000, Size: 0x000067dc, Max: 0xffffffff, ABSOLUTE)

    Execution Region ER_RO (Exec base: 0x08000000, Load base: 0x08000000, Size: 0x000067b8, Max: 0xffffffff, ABSOLUTE)

    Exec Addr    Load Addr    Size         Type   Attr      Idx    E Section Name        Object

    0x08000000   0x08000000   0x00000188   Data   RO          251    RESET               startup_stm32f407xx.o
    0x08000188   0x08000188   0x00000008   Code   RO          278  * !!!main             c_w.l(__main.o)
    0x08000190   0x08000190   0x00000034   Code   RO          592    !!!scatter          c_w.l(__scatter.o)
    0x080001c4   0x080001c4   0x0000001a   Code   RO          594    !!handler_copy      c_w.l(__scatter_copy.o)
    0x080001de   0x080001de   0x00000002   PAD
    0x080001e0   0x080001e0   0x0000001c   Code   RO          596    !!handler_zi        c_w.l(__scatter_zi.o)
    0x080001fc   0x080001fc   0x00000002   Code   RO          453    .ARM.Collect$$libinit$$00000000  c_w.l(libinit.o)
    0x080001fe   0x080001fe   0x00000004   Code   RO          464    .ARM.Collect$$libinit$$00000001  c_w.l(libinit2.o)
    0x08000202   0x08000202   0x00000000   Code   RO          467    .ARM.Collect$$libinit$$00000004  c_w.l(libinit2.o)
    0x08000202   0x08000202   0x00000000   Code   RO          469    .ARM.Collect$$libinit$$00000006  c_w.l(libinit2.o)
    0x08000202   0x08000202   0x00000000   Code   RO          472    .ARM.Collect$$libinit$$0000000C  c_w.l(libinit2.o)
    0x08000202   0x08000202   0x00000000   Code   RO          474    .ARM.Collect$$libinit$$0000000E  c_w.l(libinit2.o)
    0x08000202   0x08000202   0x00000000   Code   RO          476    .ARM.Collect$$libinit$$00000010  c_w.l(libinit2.o)
    0x08000202   0x08000202   0x00000000   Code   RO          479    .ARM.Collect$$libinit$$00000013  c_w.l(libinit2.o)
    0x08000202   0x08000202   0x00000000   Code   RO          481    .ARM.Collect$$libinit$$00000015  c_w.l(libinit2.o)
    0x08000202   0x08000202   0x00000000   Code   RO          483    .ARM.Collect$$libinit$$00000017  c_w.l(libinit2.o)
    0x08000202   0x08000202   0x00000000   Code   RO          485    .ARM.Collect$$libinit$$00000019  c_w.l(libinit2.o)
    0x08000202   0x08000202   0x00000000   Code   RO          487    .ARM.Collect$$libinit$$0000001B  c_w.l(libinit2.o)
    0x08000202   0x08000202   0x00000000   Code   RO          489    .ARM.Collect$$libinit$$0000001D  c_w.l(libinit2.o)
    0x08000202   0x08000202   0x00000000   Code   RO          491    .ARM.Collect$$libinit$$0000001F  c_w.l(libinit2.o)
    0x08000202   0x08000202   0x00000000   Code   RO          493    .ARM.Collect$$libinit$$00000021  c_w.l(libinit2.o)
    0x08000202   0x08000202   0x00000000   Code   RO          495    .ARM.Collect$$libinit$$00000023  c_w.l(libinit2.o)
    0x08000202   0x08000202   0x00000000   Code   RO          497    .ARM.Collect$$libinit$$00000025  c_w.l(libinit2.o)
    0x08000202   0x08000202   0x00000000   Code   RO          499    .ARM.Collect$$libinit$$00000027  c_w.l(libinit2.o)
    0x08000202   0x08000202   0x00000000   Code   RO          503    .ARM.Collect$$libinit$$0000002E  c_w.l(libinit2.o)
    0x08000202   0x08000202   0x00000000   Code   RO          505    .ARM.Collect$$libinit$$00000030  c_w.l(libinit2.o)
    0x08000202   0x08000202   0x00000000   Code   RO          507    .ARM.Collect$$libinit$$00000032  c_w.l(libinit2.o)
    0x08000202   0x08000202   0x00000000   Code   RO          509    .ARM.Collect$$libinit$$00000034  c_w.l(libinit2.o)
    0x08000202   0x08000202   0x00000002   Code   RO          510    .ARM.Collect$$libinit$$00000035  c_w.l(libinit2.o)
    0x08000204   0x08000204   0x00000002   Code   RO          547    .ARM.Collect$$libshutdown$$00000000  c_w.l(libshutdown.o)
    0x08000206   0x08000206   0x00000000   Code   RO          575    .ARM.Collect$$libshutdown$$00000002  c_w.l(libshutdown2.o)
    0x08000206   0x08000206   0x00000000   Code   RO          577    .ARM.Collect$$libshutdown$$00000004  c_w.l(libshutdown2.o)
    0x08000206   0x08000206   0x00000000   Code   RO          580    .ARM.Collect$$libshutdown$$00000007  c_w.l(libshutdown2.o)
    0x08000206   0x08000206   0x00000000   Code   RO          583    .ARM.Collect$$libshutdown$$0000000A  c_w.l(libshutdown2.o)
    0x08000206   0x08000206   0x00000000   Code   RO          585    .ARM.Collect$$libshutdown$$0000000C  c_w.l(libshutdown2.o)
    0x08000206   0x08000206   0x00000000   Code   RO          588    .ARM.Collect$$libshutdown$$0000000F  c_w.l(libshutdown2.o)
    0x08000206   0x08000206   0x00000002   Code   RO          589    .ARM.Collect$$libshutdown$$00000010  c_w.l(libshutdown2.o)
    0x08000208   0x08000208   0x00000000   Code   RO          337    .ARM.Collect$$rtentry$$00000000  c_w.l(__rtentry.o)
    0x08000208   0x08000208   0x00000000   Code   RO          410    .ARM.Collect$$rtentry$$00000002  c_w.l(__rtentry2.o)
    0x08000208   0x08000208   0x00000006   Code   RO          422    .ARM.Collect$$rtentry$$00000004  c_w.l(__rtentry4.o)
    0x0800020e   0x0800020e   0x00000000   Code   RO          412    .ARM.Collect$$rtentry$$00000009  c_w.l(__rtentry2.o)
    0x0800020e   0x0800020e   0x00000004   Code   RO          413    .ARM.Collect$$rtentry$$0000000A  c_w.l(__rtentry2.o)
    0x08000212   0x08000212   0x00000000   Code   RO          415    .ARM.Collect$$rtentry$$0000000C  c_w.l(__rtentry2.o)
    0x08000212   0x08000212   0x00000008   Code   RO          416    .ARM.Collect$$rtentry$$0000000D  c_w.l(__rtentry2.o)
    0x0800021a   0x0800021a   0x00000002   Code   RO          456    .ARM.Collect$$rtexit$$00000000  c_w.l(rtexit.o)
    0x0800021c   0x0800021c   0x00000000   Code   RO          518    .ARM.Collect$$rtexit$$00000002  c_w.l(rtexit2.o)
    0x0800021c   0x0800021c   0x00000004   Code   RO          519    .ARM.Collect$$rtexit$$00000003  c_w.l(rtexit2.o)
    0x08000220   0x08000220   0x00000006   Code   RO          520    .ARM.Collect$$rtexit$$00000004  c_w.l(rtexit2.o)
    0x08000226   0x08000226   0x00000002   PAD
    0x08000228   0x08000228   0x00000040   Code   RO          252  * .text               startup_stm32f407xx.o
    0x08000268   0x08000268   0x000000f0   Code   RO          274    .text               c_w.l(lludivv7m.o)
    0x08000358   0x08000358   0x00000006   Code   RO          276    .text               c_w.l(heapauxi.o)
    0x0800035e   0x0800035e   0x00000016   Code   RO          342    .text               c_w.l(_rserrno.o)
    0x08000374   0x08000374   0x00000008   Code   RO          429    .text               c_w.l(rt_errno_addr_intlibspace.o)
    0x0800037c   0x0800037c   0x00000008   Code   RO          437    .text               c_w.l(libspace.o)
    0x08000384   0x08000384   0x0000004a   Code   RO          440    .text               c_w.l(sys_stackheap_outer.o)
    0x080003ce   0x080003ce   0x00000012   Code   RO          442    .text               c_w.l(exit.o)
    0x080003e0   0x080003e0   0x0000000c   Code   RO          513    .text               c_w.l(sys_exit.o)
    0x080003ec   0x080003ec   0x00000002   Code   RO          536    .text               c_w.l(use_no_semi.o)
    0x080003ee   0x080003ee   0x00000000   Code   RO          538    .text               c_w.l(indicate_semi.o)
    0x080003ee   0x080003ee   0x00000002   PAD
    0x080003f0   0x080003f0   0x00000002   Code   RO          141    .text.AUDIO_IO_Init  audio_drivers.o
    0x080003f2   0x080003f2   0x00000002   PAD
    0x080003f4   0x080003f4   0x00000024   Code   RO          145    .text.AUDIO_IO_Write  audio_drivers.o
    0x08000418   0x08000418   0x0000002c   Code   RO          221    .text.CODEC_IO_Write  cs43l22.o
    0x08000444   0x08000444   0x000000dc   Code   RO           97    .text.Configure_GPIO_Output  audio_drivers.o
    0x08000520   0x08000520   0x000000f4   Code   RO          169    .text.DMA1_Stream7_IRQHandler  audio_drivers.o
    0x08000614   0x08000614   0x00000058   Code   RO          239    .text.MicroDelay    initialisation_funcs.o
    0x0800066c   0x0800066c   0x0000006c   Code   RO          155    .text.NVIC_EncodePriority  audio_drivers.o
    0x080006d8   0x080006d8   0x00000132   Code   RO          241    .text.PB_I2C_Init   initialisation_funcs.o
    0x0800080a   0x0800080a   0x00000002   PAD
    0x0800080c   0x0800080c   0x0000011e   Code   RO            8    .text.PB_I2C_Read_Single  i2ctests.o
    0x0800092a   0x0800092a   0x00000002   PAD
    0x0800092c   0x0800092c   0x00000298   Code   RO            6    .text.PB_I2C_Start_Read  i2ctests.o
    0x08000bc4   0x08000bc4   0x0000022c   Code   RO            2    .text.PB_I2C_Write  i2ctests.o
    0x08000df0   0x08000df0   0x00000012   Code   RO          259    .text.SystemInit    system_stm32f4xx.o
    0x08000e02   0x08000e02   0x00000002   PAD
    0x08000e04   0x08000e04   0x00000030   Code   RO          157    .text.__NVIC_EnableIRQ  audio_drivers.o
    0x08000e34   0x08000e34   0x00000010   Code   RO          151    .text.__NVIC_GetPriorityGrouping  audio_drivers.o
    0x08000e44   0x08000e44   0x00000042   Code   RO          153    .text.__NVIC_SetPriority  audio_drivers.o
    0x08000e86   0x08000e86   0x00000002   PAD
    0x08000e88   0x08000e88   0x0000054c   Code   RO           75    .text.angleToFreq   sawwave.o
    0x080013d4   0x080013d4   0x0000001c   Code   RO          105    .text.audioDelay    audio_drivers.o
    0x080013f0   0x080013f0   0x00000042   Code   RO           73    .text.audioinit     sawwave.o
    0x08001432   0x08001432   0x00000006   PAD
    0x08001438   0x08001438   0x00000088   Code   RO           77    .text.calcCutoff    sawwave.o
    0x080014c0   0x080014c0   0x00000056   Code   RO          137    .text.checkAudioDAC_ID  audio_drivers.o
    0x08001516   0x08001516   0x00000002   PAD
    0x08001518   0x08001518   0x0000001a   Code   RO          125    .text.clearTheADDRFlag  audio_drivers.o
    0x08001532   0x08001532   0x00000006   PAD
    0x08001538   0x08001538   0x000001b0   Code   RO           71    .text.coefficients  sawwave.o
    0x080016e8   0x080016e8   0x0000009a   Code   RO          117    .text.configureAudioDACI2CRegisters  audio_drivers.o
    0x08001782   0x08001782   0x00000002   PAD
    0x08001784   0x08001784   0x000000de   Code   RO          159    .text.configureI2SClockPLL  audio_drivers.o
    0x08001862   0x08001862   0x00000002   PAD
    0x08001864   0x08001864   0x000001b2   Code   RO          197    .text.cs43l22_Init  cs43l22.o
    0x08001a16   0x08001a16   0x00000002   PAD
    0x08001a18   0x08001a18   0x00000072   Code   RO          203    .text.cs43l22_Play  cs43l22.o
    0x08001a8a   0x08001a8a   0x00000002   PAD
    0x08001a8c   0x08001a8c   0x000000a4   Code   RO          215    .text.cs43l22_SetMute  cs43l22.o
    0x08001b30   0x08001b30   0x000000be   Code   RO          213    .text.cs43l22_SetVolume  cs43l22.o
    0x08001bee   0x08001bee   0x00000002   PAD
    0x08001bf0   0x08001bf0   0x0000009a   Code   RO           52    .text.getEchoPulseDuration  ultrasonic.o
    0x08001c8a   0x08001c8a   0x00000006   PAD
    0x08001c90   0x08001c90   0x00000238   Code   RO           32    .text.getangledata  accel.o
    0x08001ec8   0x08001ec8   0x00000012   Code   RO          103    .text.hasAudioTimerFinished  audio_drivers.o
    0x08001eda   0x08001eda   0x00000002   PAD
    0x08001edc   0x08001edc   0x0000016c   Code   RO           99    .text.initAudioTimer  audio_drivers.o
    0x08002048   0x08002048   0x0000001e   Code   RO           30    .text.initialiseaccel  accel.o
    0x08002066   0x08002066   0x00000002   PAD
    0x08002068   0x08002068   0x00000032   Code   RO          235    .text.initialpins   initialisation_funcs.o
    0x0800209a   0x0800209a   0x00000002   PAD
    0x0800209c   0x0800209c   0x0000001e   Code   RO           21    .text.main          main.o
    0x080020ba   0x080020ba   0x00000002   PAD
    0x080020bc   0x080020bc   0x00000042   Code   RO           54    .text.measureDistance  ultrasonic.o
    0x080020fe   0x080020fe   0x00000002   PAD
    0x08002100   0x08002100   0x00000082   Code   RO          171    .text.myAudioChangeBuffer  audio_drivers.o
    0x08002182   0x08002182   0x00000002   PAD
    0x08002184   0x08002184   0x0000000e   Code   RO           65    .text.myAudioHalfTransferCallback  sawwave.o
    0x08002192   0x08002192   0x00000002   PAD
    0x08002194   0x08002194   0x00000098   Code   RO          161    .text.myAudioInitialisePeripherals  audio_drivers.o
    0x0800222c   0x0800222c   0x00000094   Code   RO          115    .text.myAudioSpeedUpTheSystemClock  audio_drivers.o
    0x080022c0   0x080022c0   0x0000007a   Code   RO          167    .text.myAudioStartPlaying  audio_drivers.o
    0x0800233a   0x0800233a   0x00000002   PAD
    0x0800233c   0x0800233c   0x00000020   Code   RO           67    .text.myAudioTransferCompleteCallback  sawwave.o
    0x0800235c   0x0800235c   0x0000019e   Code   RO          113    .text.myConfigureFlashWaitStatesAndBusClocks  audio_drivers.o
    0x080024fa   0x080024fa   0x00000002   PAD
    0x080024fc   0x080024fc   0x00000082   Code   RO          109    .text.myConfigureI2SClock  audio_drivers.o
    0x0800257e   0x0800257e   0x00000002   PAD
    0x08002580   0x08002580   0x000000c2   Code   RO          111    .text.myConfigureTheMainClockPLL  audio_drivers.o
    0x08002642   0x08002642   0x00000002   PAD
    0x08002644   0x08002644   0x00000080   Code   RO          129    .text.myI2C_WaitOnRXNEFlagUntilTimeout  audio_drivers.o
    0x080026c4   0x080026c4   0x0000007c   Code   RO          135    .text.myI2Cx_WriteData  audio_drivers.o
    0x08002740   0x08002740   0x00000298   Code   RO          121    .text.readDataFromI2CPeripheral  audio_drivers.o
    0x080029d8   0x080029d8   0x00000020   Code   RO          173    .text.resetTheI2CDriver  audio_drivers.o
    0x080029f8   0x080029f8   0x00000164   Code   RO           69    .text.saw           sawwave.o
    0x08002b5c   0x08002b5c   0x00000004   PAD
    0x08002b60   0x08002b60   0x000002ac   Code   RO           79    .text.sawwave       sawwave.o
    0x08002e0c   0x08002e0c   0x00000076   Code   RO          101    .text.setAudioTimer  audio_drivers.o
    0x08002e82   0x08002e82   0x00000002   PAD
    0x08002e84   0x08002e84   0x00000012   Code   RO          233    .text.setgpioclock  initialisation_funcs.o
    0x08002e96   0x08002e96   0x00000002   PAD
    0x08002e98   0x08002e98   0x0000001e   Code   RO          163    .text.setupAudioI2CPeripheral  audio_drivers.o
    0x08002eb6   0x08002eb6   0x00000002   PAD
    0x08002eb8   0x08002eb8   0x000000b6   Code   RO          175    .text.setupClocksAndGPIOForAudioI2C  audio_drivers.o
    0x08002f6e   0x08002f6e   0x00000002   PAD
    0x08002f70   0x08002f70   0x00000072   Code   RO          165    .text.setupDMAForAudioDAC  audio_drivers.o
    0x08002fe2   0x08002fe2   0x00000002   PAD
    0x08002fe4   0x08002fe4   0x000000d8   Code   RO          149    .text.setupDMAForI2SPeripheral  audio_drivers.o
    0x080030bc   0x080030bc   0x00000154   Code   RO          147    .text.setupI2SPeripheral  audio_drivers.o
    0x08003210   0x08003210   0x0000005e   Code   RO          119    .text.setupResetForAudioDAC  audio_drivers.o
    0x0800326e   0x0800326e   0x00000002   PAD
    0x08003270   0x08003270   0x0000003e   Code   RO          237    .text.timerinit     initialisation_funcs.o
    0x080032ae   0x080032ae   0x00000002   PAD
    0x080032b0   0x080032b0   0x00000066   Code   RO          107    .text.waitForFlagWithTimeout  audio_drivers.o
    0x08003316   0x08003316   0x00000002   PAD
    0x08003318   0x08003318   0x00000080   Code   RO          133    .text.waitForI2CBTFFlagUntilTimeout  audio_drivers.o
    0x08003398   0x08003398   0x00000090   Code   RO          123    .text.waitForI2CMasterAddressFlagUntilTimeout  audio_drivers.o
    0x08003428   0x08003428   0x0000007c   Code   RO          127    .text.waitForI2CTXEFlagUntilTimeout  audio_drivers.o
    0x080034a4   0x080034a4   0x000001d2   Code   RO          131    .text.writeDataToI2CPeripheral  audio_drivers.o
    0x08003676   0x08003676   0x00000030   Code   RO          393    i.__ARM_fpclassify  m_wm.l(fpclassify.o)
    0x080036a6   0x080036a6   0x00000002   PAD
    0x080036a8   0x080036a8   0x000002d8   Code   RO          363    i.__hardfp_atan     m_wm.l(atan.o)
    0x08003980   0x08003980   0x00000200   Code   RO          306    i.__hardfp_atan2    m_wm.l(atan2.o)
    0x08003b80   0x08003b80   0x00000c60   Code   RO          312    i.__hardfp_pow      m_wm.l(pow.o)
    0x080047e0   0x080047e0   0x000000c8   Code   RO          319    i.__hardfp_sin      m_wm.l(sin.o)
    0x080048a8   0x080048a8   0x0000007a   Code   RO          325    i.__hardfp_sqrt     m_wm.l(sqrt.o)
    0x08004922   0x08004922   0x00000006   PAD
    0x08004928   0x08004928   0x00000080   Code   RO          331    i.__hardfp_tan      m_wm.l(tan.o)
    0x080049a8   0x080049a8   0x00000438   Code   RO          398    i.__ieee754_rem_pio2  m_wm.l(rred.o)
    0x08004de0   0x08004de0   0x00000170   Code   RO          370    i.__kernel_cos      m_wm.l(cos_i.o)
    0x08004f50   0x08004f50   0x000000f8   Code   RO          395    i.__kernel_poly     m_wm.l(poly.o)
    0x08005048   0x08005048   0x00000130   Code   RO          403    i.__kernel_sin      m_wm.l(sin_i.o)
    0x08005178   0x08005178   0x00000350   Code   RO          406    i.__kernel_tan      m_wm.l(tan_i.o)
    0x080054c8   0x080054c8   0x00000030   Code   RO          373    i.__mathlib_dbl_divzero  m_wm.l(dunder.o)
    0x080054f8   0x080054f8   0x00000014   Code   RO          374    i.__mathlib_dbl_infnan  m_wm.l(dunder.o)
    0x0800550c   0x0800550c   0x00000014   Code   RO          375    i.__mathlib_dbl_infnan2  m_wm.l(dunder.o)
    0x08005520   0x08005520   0x00000020   Code   RO          376    i.__mathlib_dbl_invalid  m_wm.l(dunder.o)
    0x08005540   0x08005540   0x00000020   Code   RO          377    i.__mathlib_dbl_overflow  m_wm.l(dunder.o)
    0x08005560   0x08005560   0x00000020   Code   RO          379    i.__mathlib_dbl_underflow  m_wm.l(dunder.o)
    0x08005580   0x08005580   0x00000010   Code   RO          365    i.atan              m_wm.l(atan.o)
    0x08005590   0x08005590   0x00000018   Code   RO          389    i.fabs              m_wm.l(fabs.o)
    0x080055a8   0x080055a8   0x0000006e   Code   RO          327    i.sqrt              m_wm.l(sqrt.o)
    0x08005616   0x08005616   0x00000018   Code   RO          344    x$fpl$basic         fz_wm.l(basic.o)
    0x0800562e   0x0800562e   0x00000002   PAD
    0x08005630   0x08005630   0x00000062   Code   RO          280    x$fpl$d2f           fz_wm.l(d2f.o)
    0x08005692   0x08005692   0x00000002   PAD
    0x08005694   0x08005694   0x00000150   Code   RO          282    x$fpl$dadd          fz_wm.l(daddsub_clz.o)
    0x080057e4   0x080057e4   0x00000010   Code   RO          431    x$fpl$dcheck1       fz_wm.l(dcheck1.o)
    0x080057f4   0x080057f4   0x00000018   Code   RO          433    x$fpl$dcmpinf       fz_wm.l(dcmpi.o)
    0x0800580c   0x0800580c   0x000002b4   Code   RO          289    x$fpl$ddiv          fz_wm.l(ddiv.o)
    0x08005ac0   0x08005ac0   0x00000078   Code   RO          346    x$fpl$deqf          fz_wm.l(deqf.o)
    0x08005b38   0x08005b38   0x0000005e   Code   RO          292    x$fpl$dfix          fz_wm.l(dfix.o)
    0x08005b96   0x08005b96   0x0000002e   Code   RO          297    x$fpl$dflt          fz_wm.l(dflt_clz.o)
    0x08005bc4   0x08005bc4   0x00000026   Code   RO          296    x$fpl$dfltu         fz_wm.l(dflt_clz.o)
    0x08005bea   0x08005bea   0x00000002   PAD
    0x08005bec   0x08005bec   0x00000078   Code   RO          435    x$fpl$dleqf         fz_wm.l(dleqf.o)
    0x08005c64   0x08005c64   0x00000154   Code   RO          302    x$fpl$dmul          fz_wm.l(dmul.o)
    0x08005db8   0x08005db8   0x0000009c   Code   RO          348    x$fpl$dnaninf       fz_wm.l(dnaninf.o)
    0x08005e54   0x08005e54   0x0000000c   Code   RO          350    x$fpl$dretinf       fz_wm.l(dretinf.o)
    0x08005e60   0x08005e60   0x0000006c   Code   RO          352    x$fpl$drleqf        fz_wm.l(drleqf.o)
    0x08005ecc   0x08005ecc   0x00000016   Code   RO          283    x$fpl$drsb          fz_wm.l(daddsub_clz.o)
    0x08005ee2   0x08005ee2   0x00000002   PAD
    0x08005ee4   0x08005ee4   0x00000198   Code   RO          354    x$fpl$dsqrt         fz_wm.l(dsqrt_umaal.o)
    0x0800607c   0x0800607c   0x000001dc   Code   RO          284    x$fpl$dsub          fz_wm.l(daddsub_clz.o)
    0x08006258   0x08006258   0x00000056   Code   RO          304    x$fpl$f2d           fz_wm.l(f2d.o)
    0x080062ae   0x080062ae   0x0000008c   Code   RO          356    x$fpl$fnaninf       fz_wm.l(fnaninf.o)
    0x0800633a   0x0800633a   0x0000001a   Code   RO          530    x$fpl$fpinit        fz_wm.l(fpinit.o)
    0x08006354   0x08006354   0x0000000a   Code   RO          358    x$fpl$fretinf       fz_wm.l(fretinf.o)
    0x0800635e   0x0800635e   0x00000064   Code   RO          454    x$fpl$retnan        fz_wm.l(retnan.o)
    0x080063c2   0x080063c2   0x0000005c   Code   RO          360    x$fpl$scalbn        fz_wm.l(scalbn.o)
    0x0800641e   0x0800641e   0x00000030   Code   RO          511    x$fpl$trapveneer    fz_wm.l(trapv.o)
    0x0800644e   0x0800644e   0x00000000   Code   RO          362    x$fpl$usenofp       fz_wm.l(usenofp.o)
    0x0800644e   0x0800644e   0x00000002   PAD
    0x08006450   0x08006450   0x00000088   Data   RO          315    .constdata          m_wm.l(pow.o)
    0x080064d8   0x080064d8   0x00000098   Data   RO          366    .constdata          m_wm.l(atan.o)
    0x08006570   0x08006570   0x00000030   Data   RO          371    .constdata          m_wm.l(cos_i.o)
    0x080065a0   0x080065a0   0x00000008   Data   RO          397    .constdata          m_wm.l(qnan.o)
    0x080065a8   0x080065a8   0x000000cc   Data   RO          400    .constdata          m_wm.l(rred.o)
    0x08006674   0x08006674   0x00000004   PAD
    0x08006678   0x08006678   0x00000028   Data   RO          404    .constdata          m_wm.l(sin_i.o)
    0x080066a0   0x080066a0   0x00000060   Data   RO          407    .constdata          m_wm.l(tan_i.o)
    0x08006700   0x08006700   0x00000010   Data   RO          264    .rodata.AHBPrescTable  system_stm32f4xx.o
    0x08006710   0x08006710   0x00000008   Data   RO          265    .rodata.APBPrescTable  system_stm32f4xx.o
    0x08006718   0x08006718   0x00000020   Data   RO          184    .rodata.cst32       audio_drivers.o
    0x08006738   0x08006738   0x00000020   Data   RO          187    .rodata.myI2SFreq   audio_drivers.o
    0x08006758   0x08006758   0x00000020   Data   RO          188    .rodata.myI2SPLLN   audio_drivers.o
    0x08006778   0x08006778   0x00000020   Data   RO          189    .rodata.myI2SPLLR   audio_drivers.o
    0x08006798   0x08006798   0x00000020   Data   RO          591    Region$$Table       anon$$obj.o


    Execution Region ER_RW (Exec base: 0x20000000, Load base: 0x080067b8, Size: 0x00000024, Max: 0xffffffff, ABSOLUTE)

    Exec Addr    Load Addr    Size         Type   Attr      Idx    E Section Name        Object

    0x20000000   0x080067b8   0x00000004   Data   RW          181    .data.AudioI2C      audio_drivers.o
    0x20000004   0x080067bc   0x00000004   Data   RW          182    .data.AudioI2S      audio_drivers.o
    0x20000008   0x080067c0   0x00000001   Data   RW          225    .data.Is_cs43l22_Stop  cs43l22.o
    0x20000009   0x080067c1   0x00000003   PAD
    0x2000000c   0x080067c4   0x00000004   Data   RW           84    .data.PENTATONIC    sawwave.o
    0x20000010   0x080067c8   0x00000004   Data   RW          263    .data.SystemCoreClock  system_stm32f4xx.o
    0x20000014   0x080067cc   0x00000001   Data   RW          180    .data.audioDACStatus  audio_drivers.o
    0x20000015   0x080067cd   0x00000001   Data   RW          178    .data.audioDMAStatus  audio_drivers.o
    0x20000016   0x080067ce   0x00000001   Data   RW          179    .data.audioI2CStatus  audio_drivers.o
    0x20000017   0x080067cf   0x00000001   Data   RW          177    .data.audioI2SStatus  audio_drivers.o
    0x20000018   0x080067d0   0x00000004   Data   RW          183    .data.audioTimer    audio_drivers.o
    0x2000001c   0x080067d4   0x00000004   Data   RW           82    .data.distanceToFreqA  sawwave.o
    0x20000020   0x080067d8   0x00000004   Data   RW           83    .data.distanceToFreqB  sawwave.o


    Execution Region ER_ZI (Exec base: 0x20000028, Load base: 0x080067dc, Size: 0x00002e80, Max: 0xffffffff, ABSOLUTE)

    Exec Addr    Load Addr    Size         Type   Attr      Idx    E Section Name        Object

    0x20000028        -       0x00000060   Zero   RW          438    .bss                c_w.l(libspace.o)
    0x20000088        -       0x00000001   Zero   RW          224    .bss.OutputDev      cs43l22.o
    0x20000089   0x080067dc   0x00000001   PAD
    0x2000008a        -       0x00002000   Zero   RW           88    .bss.PlayBuff       sawwave.o
    0x2000208a        -       0x00000800   Zero   RW           89    .bss.SineBuff       sawwave.o
    0x2000288a        -       0x00000001   Zero   RW           86    .bss.bufferStatus   sawwave.o
    0x2000288b   0x080067dc   0x00000001   PAD
    0x2000288c        -       0x00000002   Zero   RW           43    .bss.pitch          accel.o
    0x2000288e        -       0x00000002   Zero   RW           44    .bss.roll           accel.o
    0x20002890        -       0x00000004   Zero   RW           34    .bss.x              accel.o
    0x20002894        -       0x00000002   Zero   RW           38    .bss.xh             accel.o
    0x20002896        -       0x00000002   Zero   RW           37    .bss.xl             accel.o
    0x20002898        -       0x00000004   Zero   RW           35    .bss.y              accel.o
    0x2000289c        -       0x00000002   Zero   RW           40    .bss.yh             accel.o
    0x2000289e        -       0x00000002   Zero   RW           39    .bss.yl             accel.o
    0x200028a0        -       0x00000004   Zero   RW           36    .bss.z              accel.o
    0x200028a4        -       0x00000002   Zero   RW           42    .bss.zh             accel.o
    0x200028a6        -       0x00000002   Zero   RW           41    .bss.zl             accel.o
    0x200028a8        -       0x00000200   Zero   RW          250    HEAP                startup_stm32f407xx.o
    0x20002aa8        -       0x00000400   Zero   RW          249    STACK               startup_stm32f407xx.o


==============================================================================

Image component sizes


      Code (inc. data)   RO Data    RW Data    ZI Data      Debug   Object Name

       598         16          0          0         28       1055   accel.o
      5934          0        128         16          0      17164   audio_drivers.o
       946          4          0          1          1       3906   cs43l22.o
      1506          0          0          0          0       3112   i2ctests.o
       524          4          0          0          0       2895   initialisation_funcs.o
        30          0          0          0          0        365   main.o
      3076         96          0         12      10241       4372   sawwave.o
        64         26        392          0       1536        884   startup_stm32f407xx.o
        18          0         24          4          0       2641   system_stm32f4xx.o
       220          0          0          0          0       1931   ultrasonic.o

    ----------------------------------------------------------------------
     12998        150        576         36      11808      38325   Object Totals
         0          0         32          0          0          0   (incl. Generated)
        82          4          0          3          2          0   (incl. Padding)

    ----------------------------------------------------------------------

      Code (inc. data)   RO Data    RW Data    ZI Data      Debug   Library Member Name

         8          0          0          0          0         68   __main.o
         0          0          0          0          0          0   __rtentry.o
        12          0          0          0          0          0   __rtentry2.o
         6          0          0          0          0          0   __rtentry4.o
        52          8          0          0          0          0   __scatter.o
        26          0          0          0          0          0   __scatter_copy.o
        28          0          0          0          0          0   __scatter_zi.o
        22          0          0          0          0        100   _rserrno.o
        18          0          0          0          0         80   exit.o
         6          0          0          0          0        152   heapauxi.o
         0          0          0          0          0          0   indicate_semi.o
         2          0          0          0          0          0   libinit.o
         6          0          0          0          0          0   libinit2.o
         2          0          0          0          0          0   libshutdown.o
         2          0          0          0          0          0   libshutdown2.o
         8          4          0          0         96         68   libspace.o
       240          0          0          0          0        100   lludivv7m.o
         8          4          0          0          0         68   rt_errno_addr_intlibspace.o
         2          0          0          0          0          0   rtexit.o
        10          0          0          0          0          0   rtexit2.o
        12          4          0          0          0         68   sys_exit.o
        74          0          0          0          0         80   sys_stackheap_outer.o
         2          0          0          0          0         68   use_no_semi.o
        24          0          0          0          0        164   basic.o
        98          4          0          0          0        140   d2f.o
       834         16          0          0          0        516   daddsub_clz.o
        16          4          0          0          0        116   dcheck1.o
        24          0          0          0          0        116   dcmpi.o
       692        140          0          0          0        264   ddiv.o
       120          4          0          0          0        140   deqf.o
        94          4          0          0          0        140   dfix.o
        84          0          0          0          0        232   dflt_clz.o
       120          4          0          0          0        140   dleqf.o
       340         12          0          0          0        152   dmul.o
       156          4          0          0          0        140   dnaninf.o
        12          0          0          0          0        116   dretinf.o
       108          0          0          0          0        128   drleqf.o
       408         56          0          0          0        168   dsqrt_umaal.o
        86          4          0          0          0        132   f2d.o
       140          4          0          0          0        132   fnaninf.o
        26          0          0          0          0        116   fpinit.o
        10          0          0          0          0        116   fretinf.o
       100          0          0          0          0        116   retnan.o
        92          0          0          0          0        116   scalbn.o
        48          0          0          0          0        116   trapv.o
         0          0          0          0          0          0   usenofp.o
       744        106        152          0          0        352   atan.o
       512         64          0          0          0        208   atan2.o
       368         46         48          0          0        200   cos_i.o
       184         44          0          0          0        744   dunder.o
        24          0          0          0          0        124   fabs.o
        48          0          0          0          0        124   fpclassify.o
       248          0          0          0          0        152   poly.o
      3168        296        136          0          0        352   pow.o
         0          0          8          0          0          0   qnan.o
      1080        142        204          0          0        188   rred.o
       200         20          0          0          0        164   sin.o
       304         24         40          0          0        208   sin_i.o
       232          0          0          0          0        296   sqrt.o
       128         20          0          0          0        144   tan.o
       848         84         96          0          0        196   tan_i.o

    ----------------------------------------------------------------------
     12290       1122        688          0         96       7820   Library Totals
        24          0          4          0          0          0   (incl. Padding)

    ----------------------------------------------------------------------

      Code (inc. data)   RO Data    RW Data    ZI Data      Debug   Library Name

       546         20          0          0         96        852   c_w.l
      3632        256          0          0          0       3516   fz_wm.l
      8088        846        684          0          0       3452   m_wm.l

    ----------------------------------------------------------------------
     12290       1122        688          0         96       7820   Library Totals

    ----------------------------------------------------------------------

==============================================================================


      Code (inc. data)   RO Data    RW Data    ZI Data      Debug   

     25288       1272       1264         36      11904      41273   Grand Totals
     25288       1272       1264         36      11904      41273   ELF Image Totals
     25288       1272       1264         36          0          0   ROM Totals

==============================================================================

    Total RO  Size (Code + RO Data)                26552 (  25.93kB)
    Total RW  Size (RW Data + ZI Data)             11940 (  11.66kB)
    Total ROM Size (Code + RO Data + RW Data)      26588 (  25.96kB)

==============================================================================

