Component: ARM Compiler 6.16 Tool: armlink [5dfeaa00]

==============================================================================

Section Cross References

    main.o(.text.main) refers to initialisation_funcs.o(.text.initialpins) for initialpins
    main.o(.text.main) refers to sawwave.o(.text.sawwave) for sawwave
    main.o(.ARM.exidx.text.main) refers to main.o(.text.main) for [Anonymous Symbol]
    initialisation_funcs.o(.ARM.exidx.text.setgpioclock) refers to initialisation_funcs.o(.text.setgpioclock) for [Anonymous Symbol]
    initialisation_funcs.o(.text.seti2c) refers to initialisation_funcs.o(.text.setgpioclock) for setgpioclock
    initialisation_funcs.o(.ARM.exidx.text.seti2c) refers to initialisation_funcs.o(.text.seti2c) for [Anonymous Symbol]
    initialisation_funcs.o(.text.initialpins) refers to initialisation_funcs.o(.text.setgpioclock) for setgpioclock
    initialisation_funcs.o(.ARM.exidx.text.initialpins) refers to initialisation_funcs.o(.text.initialpins) for [Anonymous Symbol]
    initialisation_funcs.o(.ARM.exidx.text.timerinit) refers to initialisation_funcs.o(.text.timerinit) for [Anonymous Symbol]
    ultrasonic.o(.ARM.exidx.text.getEchoPulseDuration) refers to ultrasonic.o(.text.getEchoPulseDuration) for [Anonymous Symbol]
    ultrasonic.o(.text.measureDistance) refers to ultrasonic.o(.text.getEchoPulseDuration) for getEchoPulseDuration
    ultrasonic.o(.ARM.exidx.text.measureDistance) refers to ultrasonic.o(.text.measureDistance) for [Anonymous Symbol]
    ultrasonic.o(.text.measureAndControlLEDtest) refers to ultrasonic.o(.text.measureDistance) for measureDistance
    ultrasonic.o(.ARM.exidx.text.measureAndControlLEDtest) refers to ultrasonic.o(.text.measureAndControlLEDtest) for [Anonymous Symbol]
    sawwave.o(.text.myAudioHalfTransferCallback) refers to sawwave.o(.bss.bufferStatus) for bufferStatus
    sawwave.o(.ARM.exidx.text.myAudioHalfTransferCallback) refers to sawwave.o(.text.myAudioHalfTransferCallback) for [Anonymous Symbol]
    sawwave.o(.text.myAudioTransferCompleteCallback) refers to sawwave.o(.bss.PlayBuff) for PlayBuff
    sawwave.o(.text.myAudioTransferCompleteCallback) refers to audio_drivers.o(.text.myAudioChangeBuffer) for myAudioChangeBuffer
    sawwave.o(.text.myAudioTransferCompleteCallback) refers to sawwave.o(.bss.bufferStatus) for bufferStatus
    sawwave.o(.ARM.exidx.text.myAudioTransferCompleteCallback) refers to sawwave.o(.text.myAudioTransferCompleteCallback) for [Anonymous Symbol]
    sawwave.o(.text.saw) refers to f2d.o(x$fpl$f2d) for __aeabi_f2d
    sawwave.o(.text.saw) refers to dflt_clz.o(x$fpl$dflt) for __aeabi_i2d
    sawwave.o(.text.saw) refers to daddsub_clz.o(x$fpl$dadd) for __aeabi_dadd
    sawwave.o(.text.saw) refers to dmul.o(x$fpl$dmul) for __aeabi_dmul
    sawwave.o(.text.saw) refers to ddiv.o(x$fpl$ddiv) for __aeabi_ddiv
    sawwave.o(.text.saw) refers to sin.o(i.__hardfp_sin) for __hardfp_sin
    sawwave.o(.text.saw) refers to d2f.o(x$fpl$d2f) for __aeabi_d2f
    sawwave.o(.text.saw) refers to sawwave.o(.bss.SineBuff) for SineBuff
    sawwave.o(.ARM.exidx.text.saw) refers to sawwave.o(.text.saw) for [Anonymous Symbol]
    sawwave.o(.text.coefficients) refers to f2d.o(x$fpl$f2d) for __aeabi_f2d
    sawwave.o(.text.coefficients) refers to daddsub_clz.o(x$fpl$dadd) for __aeabi_dadd
    sawwave.o(.text.coefficients) refers to ddiv.o(x$fpl$ddiv) for __aeabi_ddiv
    sawwave.o(.text.coefficients) refers to d2f.o(x$fpl$d2f) for __aeabi_d2f
    sawwave.o(.text.coefficients) refers to daddsub_clz.o(x$fpl$dsub) for __aeabi_dsub
    sawwave.o(.text.coefficients) refers to dmul.o(x$fpl$dmul) for __aeabi_dmul
    sawwave.o(.ARM.exidx.text.coefficients) refers to sawwave.o(.text.coefficients) for [Anonymous Symbol]
    sawwave.o(.text.audioinit) refers to audio_drivers.o(.text.myAudioSpeedUpTheSystemClock) for myAudioSpeedUpTheSystemClock
    sawwave.o(.text.audioinit) refers to audio_drivers.o(.text.myAudioInitialisePeripherals) for myAudioInitialisePeripherals
    sawwave.o(.text.audioinit) refers to sawwave.o(.bss.PlayBuff) for PlayBuff
    sawwave.o(.ARM.exidx.text.audioinit) refers to sawwave.o(.text.audioinit) for [Anonymous Symbol]
    sawwave.o(.text.sawwave) refers to sawwave.o(.text.audioinit) for audioinit
    sawwave.o(.text.sawwave) refers to sawwave.o(.text.saw) for saw
    sawwave.o(.text.sawwave) refers to sawwave.o(.bss.PlayBuff) for PlayBuff
    sawwave.o(.text.sawwave) refers to audio_drivers.o(.text.myAudioStartPlaying) for myAudioStartPlaying
    sawwave.o(.text.sawwave) refers to sawwave.o(.bss.bufferStatus) for bufferStatus
    sawwave.o(.text.sawwave) refers to f2d.o(x$fpl$f2d) for __aeabi_f2d
    sawwave.o(.text.sawwave) refers to dmul.o(x$fpl$dmul) for __aeabi_dmul
    sawwave.o(.text.sawwave) refers to tan.o(i.__hardfp_tan) for __hardfp_tan
    sawwave.o(.text.sawwave) refers to ddiv.o(x$fpl$ddiv) for __aeabi_ddiv
    sawwave.o(.text.sawwave) refers to d2f.o(x$fpl$d2f) for __aeabi_d2f
[...]
    Removing audio_drivers.o(.ARM.exidx.text.setupResetForAudioDAC), (8 bytes).
    Removing audio_drivers.o(.ARM.exidx.text.readDataFromI2CPeripheral), (8 bytes).
    Removing audio_drivers.o(.ARM.exidx.text.waitForI2CMasterAddressFlagUntilTimeout), (8 bytes).
    Removing audio_drivers.o(.ARM.exidx.text.clearTheADDRFlag), (8 bytes).
    Removing audio_drivers.o(.ARM.exidx.text.waitForI2CTXEFlagUntilTimeout), (8 bytes).
    Removing audio_drivers.o(.ARM.exidx.text.myI2C_WaitOnRXNEFlagUntilTimeout), (8 bytes).
    Removing audio_drivers.o(.ARM.exidx.text.writeDataToI2CPeripheral), (8 bytes).
    Removing audio_drivers.o(.ARM.exidx.text.waitForI2CBTFFlagUntilTimeout), (8 bytes).
    Removing audio_drivers.o(.ARM.exidx.text.myI2Cx_WriteData), (8 bytes).
    Removing audio_drivers.o(.ARM.exidx.text.checkAudioDAC_ID), (8 bytes).
    Removing audio_drivers.o(.text.AUDIO_IO_DeInit), (2 bytes).
    Removing audio_drivers.o(.ARM.exidx.text.AUDIO_IO_DeInit), (8 bytes).
    Removing audio_drivers.o(.ARM.exidx.text.AUDIO_IO_Init), (8 bytes).
    Removing audio_drivers.o(.text.AUDIO_IO_Read), (16 bytes).
    Removing audio_drivers.o(.ARM.exidx.text.AUDIO_IO_Read), (8 bytes).
    Removing audio_drivers.o(.ARM.exidx.text.AUDIO_IO_Write), (8 bytes).
    Removing audio_drivers.o(.ARM.exidx.text.setupI2SPeripheral), (8 bytes).
    Removing audio_drivers.o(.ARM.exidx.text.setupDMAForI2SPeripheral), (8 bytes).
    Removing audio_drivers.o(.ARM.exidx.text.__NVIC_GetPriorityGrouping), (8 bytes).
    Removing audio_drivers.o(.ARM.exidx.text.__NVIC_SetPriority), (8 bytes).
    Removing audio_drivers.o(.ARM.exidx.text.NVIC_EncodePriority), (8 bytes).
    Removing audio_drivers.o(.ARM.exidx.text.__NVIC_EnableIRQ), (8 bytes).
    Removing audio_drivers.o(.ARM.exidx.text.configureI2SClockPLL), (8 bytes).
    Removing audio_drivers.o(.ARM.exidx.text.myAudioInitialisePeripherals), (8 bytes).
    Removing audio_drivers.o(.ARM.exidx.text.setupAudioI2CPeripheral), (8 bytes).
    Removing audio_drivers.o(.ARM.exidx.text.setupDMAForAudioDAC), (8 bytes).
    Removing audio_drivers.o(.ARM.exidx.text.myAudioStartPlaying), (8 bytes).
    Removing audio_drivers.o(.ARM.exidx.text.DMA1_Stream7_IRQHandler), (8 bytes).
    Removing audio_drivers.o(.ARM.exidx.text.myAudioChangeBuffer), (8 bytes).
    Removing audio_drivers.o(.ARM.exidx.text.resetTheI2CDriver), (8 bytes).
    Removing audio_drivers.o(.ARM.exidx.text.setupClocksAndGPIOForAudioI2C), (8 bytes).
    Removing audio_drivers.o(.rodata.I2CMaxTimeOut), (4 bytes).
    Removing audio_drivers.o(.rodata.I2CDefaultTimeOut), (4 bytes).
    Removing cs43l22.o(.text), (0 bytes).
    Removing cs43l22.o(.ARM.exidx.text.cs43l22_Init), (8 bytes).
    Removing cs43l22.o(.text.cs43l22_DeInit), (8 bytes).
    Removing cs43l22.o(.ARM.exidx.text.cs43l22_DeInit), (8 bytes).
    Removing cs43l22.o(.text.cs43l22_ReadID), (46 bytes).
    Removing cs43l22.o(.ARM.exidx.text.cs43l22_ReadID), (8 bytes).
    Removing cs43l22.o(.ARM.exidx.text.cs43l22_Play), (8 bytes).
    Removing cs43l22.o(.text.cs43l22_Pause), (58 bytes).
    Removing cs43l22.o(.ARM.exidx.text.cs43l22_Pause), (8 bytes).
    Removing cs43l22.o(.text.cs43l22_Resume), (110 bytes).
    Removing cs43l22.o(.ARM.exidx.text.cs43l22_Resume), (8 bytes).
    Removing cs43l22.o(.text.cs43l22_Stop), (92 bytes).
    Removing cs43l22.o(.ARM.exidx.text.cs43l22_Stop), (8 bytes).
    Removing cs43l22.o(.text.cs43l22_SetFrequency), (14 bytes).
    Removing cs43l22.o(.ARM.exidx.text.cs43l22_SetFrequency), (8 bytes).
    Removing cs43l22.o(.ARM.exidx.text.cs43l22_SetVolume), (8 bytes).
    Removing cs43l22.o(.ARM.exidx.text.cs43l22_SetMute), (8 bytes).
    Removing cs43l22.o(.text.cs43l22_SetOutputMode), (226 bytes).
    Removing cs43l22.o(.ARM.exidx.text.cs43l22_SetOutputMode), (8 bytes).
    Removing cs43l22.o(.text.cs43l22_Reset), (12 bytes).
    Removing cs43l22.o(.ARM.exidx.text.cs43l22_Reset), (8 bytes).
    Removing cs43l22.o(.ARM.exidx.text.CODEC_IO_Write), (8 bytes).
    Removing cs43l22.o(.data.cs43l22_drv), (48 bytes).
    Removing lpfilter.o(.text), (0 bytes).
    Removing lpfilter.o(.text.lpfilter), (680 bytes).
    Removing lpfilter.o(.ARM.exidx.text.lpfilter), (8 bytes).
    Removing lpfilter.o(.bss.b0), (4 bytes).
    Removing lpfilter.o(.bss.b1), (4 bytes).
    Removing lpfilter.o(.bss.b2), (4 bytes).
    Removing lpfilter.o(.bss.a1), (4 bytes).
    Removing lpfilter.o(.bss.a2), (4 bytes).
    Removing lpfilter.o(.bss.norm), (4 bytes).
    Removing lpfilter.o(.bss.K), (4 bytes).
    Removing system_stm32f4xx.o(.text), (0 bytes).
    Removing system_stm32f4xx.o(.ARM.exidx.text.SystemInit), (8 bytes).
    Removing system_stm32f4xx.o(.text.SystemCoreClockUpdate), (302 bytes).
    Removing system_stm32f4xx.o(.ARM.exidx.text.SystemCoreClockUpdate), (8 bytes).

109 unused section(s) (total 2695 bytes) removed from the image.

==============================================================================

Image Symbol Table

    Local Symbols

    Symbol Name                              Value     Ov Type        Size  Object(Section)

    ../clib/angel/boardlib.s                 0x00000000   Number         0  boardinit1.o ABSOLUTE
    ../clib/angel/boardlib.s                 0x00000000   Number         0  boardinit2.o ABSOLUTE
    ../clib/angel/boardlib.s                 0x00000000   Number         0  boardinit3.o ABSOLUTE
    ../clib/angel/boardlib.s                 0x00000000   Number         0  boardshut.o ABSOLUTE
    ../clib/angel/handlers.s                 0x00000000   Number         0  __scatter_copy.o ABSOLUTE
    ../clib/angel/handlers.s                 0x00000000   Number         0  __scatter_zi.o ABSOLUTE
    ../clib/angel/kernel.s                   0x00000000   Number         0  __rtentry.o ABSOLUTE
    ../clib/angel/kernel.s                   0x00000000   Number         0  __rtentry2.o ABSOLUTE
    ../clib/angel/kernel.s                   0x00000000   Number         0  __rtentry4.o ABSOLUTE
    ../clib/angel/kernel.s                   0x00000000   Number         0  rtexit.o ABSOLUTE
    ../clib/angel/kernel.s                   0x00000000   Number         0  rtexit2.o ABSOLUTE
    ../clib/angel/rt.s                       0x00000000   Number         0  aeabi_ldiv0.o ABSOLUTE
    ../clib/angel/rt.s                       0x00000000   Number         0  aeabi_ldiv0_sigfpe.o ABSOLUTE
    ../clib/angel/rt.s                       0x00000000   Number         0  rt_div0.o ABSOLUTE
    ../clib/angel/rt.s                       0x00000000   Number         0  rt_errno_addr.o ABSOLUTE
    ../clib/angel/rt.s                       0x00000000   Number         0  rt_errno_addr_intlibspace.o ABSOLUTE
    ../clib/angel/rt.s                       0x00000000   Number         0  rt_raise.o ABSOLUTE
    ../clib/angel/scatter.s                  0x00000000   Number         0  __scatter.o ABSOLUTE
    ../clib/angel/startup.s                  0x00000000   Number         0  __main.o ABSOLUTE
    ../clib/angel/sys.s                      0x00000000   Number         0  libspace.o ABSOLUTE
    ../clib/angel/sys.s                      0x00000000   Number         0  sys_stackheap_outer.o ABSOLUTE
    ../clib/angel/sys.s                      0x00000000   Number         0  use_no_semi.o ABSOLUTE
    ../clib/angel/sys.s                      0x00000000   Number         0  indicate_semi.o ABSOLUTE
    ../clib/angel/sysapp.c                   0x00000000   Number         0  sys_exit.o ABSOLUTE
    ../clib/angel/sysapp.c                   0x00000000   Number         0  sys_exit_hlt.o ABSOLUTE
    ../clib/angel/sysapp.c                   0x00000000   Number         0  sys_wrch.o ABSOLUTE
    ../clib/angel/sysapp.c                   0x00000000   Number         0  sys_wrch_hlt.o ABSOLUTE
    ../clib/angel/sysapp.c                   0x00000000   Number         0  sys_command.o ABSOLUTE
    ../clib/angel/sysapp.c                   0x00000000   Number         0  sys_command_hlt.o ABSOLUTE
    ../clib/armsys.c                         0x00000000   Number         0  argv_veneer.o ABSOLUTE
    ../clib/armsys.c                         0x00000000   Number         0  argv_veneer.o ABSOLUTE
    ../clib/armsys.c                         0x00000000   Number         0  _get_argv_nomalloc.o ABSOLUTE
    ../clib/armsys.c                         0x00000000   Number         0  no_argv.o ABSOLUTE
    ../clib/fenv.c                           0x00000000   Number         0  _rserrno.o ABSOLUTE
    ../clib/heapalloc.c                      0x00000000   Number         0  hrguard.o ABSOLUTE
    ../clib/heapaux.c                        0x00000000   Number         0  heapauxi.o ABSOLUTE
    ../clib/libinit.s                        0x00000000   Number         0  libinit.o ABSOLUTE
    ../clib/libinit.s                        0x00000000   Number         0  libinit2.o ABSOLUTE
    ../clib/libinit.s                        0x00000000   Number         0  libshutdown.o ABSOLUTE
    ../clib/libinit.s                        0x00000000   Number         0  libshutdown2.o ABSOLUTE
    ../clib/longlong.s                       0x00000000   Number         0  lludivv7m.o ABSOLUTE
    ../clib/signal.c                         0x00000000   Number         0  defsig_fpe_outer.o ABSOLUTE
    ../clib/signal.c                         0x00000000   Number         0  defsig_fpe_formal.o ABSOLUTE
    ../clib/signal.c                         0x00000000   Number         0  defsig_exit.o ABSOLUTE
    ../clib/signal.c                         0x00000000   Number         0  defsig_fpe_inner.o ABSOLUTE
    ../clib/signal.c                         0x00000000   Number         0  __raise.o ABSOLUTE
    ../clib/signal.c                         0x00000000   Number         0  defsig_general.o ABSOLUTE
    ../clib/signal.c                         0x00000000   Number         0  defsig_abrt_inner.o ABSOLUTE
    ../clib/signal.c                         0x00000000   Number         0  defsig_rtred_inner.o ABSOLUTE
    ../clib/signal.c                         0x00000000   Number         0  defsig_rtmem_inner.o ABSOLUTE
    ../clib/signal.c                         0x00000000   Number         0  defsig_rtmem_outer.o ABSOLUTE
    ../clib/signal.c                         0x00000000   Number         0  defsig_rtmem_formal.o ABSOLUTE
    ../clib/signal.c                         0x00000000   Number         0  defsig_stak_inner.o ABSOLUTE
    ../clib/signal.c                         0x00000000   Number         0  defsig_pvfn_inner.o ABSOLUTE
    ../clib/signal.c                         0x00000000   Number         0  defsig_cppl_inner.o ABSOLUTE
    ../clib/signal.c                         0x00000000   Number         0  defsig_segv_inner.o ABSOLUTE
    ../clib/signal.c                         0x00000000   Number         0  defsig_other.o ABSOLUTE
    ../clib/signal.s                         0x00000000   Number         0  defsig.o ABSOLUTE
    ../clib/stdlib.c                         0x00000000   Number         0  exit.o ABSOLUTE
    ../fplib/basic.s                         0x00000000   Number         0  basic.o ABSOLUTE
    ../fplib/d2f.s                           0x00000000   Number         0  d2f.o ABSOLUTE
    ../fplib/daddsub.s                       0x00000000   Number         0  daddsub_clz.o ABSOLUTE
    ../fplib/ddiv.s                          0x00000000   Number         0  ddiv.o ABSOLUTE
    ../fplib/dfix.s                          0x00000000   Number         0  dfix.o ABSOLUTE
    ../fplib/dflt.s                          0x00000000   Number         0  dflt_clz.o ABSOLUTE
    ../fplib/dmul.s                          0x00000000   Number         0  dmul.o ABSOLUTE
    ../fplib/dnaninf.s                       0x00000000   Number         0  dnaninf.o ABSOLUTE
    ../fplib/dretinf.s                       0x00000000   Number         0  dretinf.o ABSOLUTE
    ../fplib/f2d.s                           0x00000000   Number         0  f2d.o ABSOLUTE
    ../fplib/fnaninf.s                       0x00000000   Number         0  fnaninf.o ABSOLUTE
    ../fplib/fpinit.s                        0x00000000   Number         0  fpinit.o ABSOLUTE
    ../fplib/fretinf.s                       0x00000000   Number         0  fretinf.o ABSOLUTE
    ../fplib/usenofp.s                       0x00000000   Number         0  usenofp.o ABSOLUTE
    ../mathlib/cos_i.c                       0x00000000   Number         0  cos_i.o ABSOLUTE
    ../mathlib/dunder.c                      0x00000000   Number         0  dunder.o ABSOLUTE
    ../mathlib/fabs.c                        0x00000000   Number         0  fabs.o ABSOLUTE
    ../mathlib/fpclassify.c                  0x00000000   Number         0  fpclassify.o ABSOLUTE
    ../mathlib/poly.c                        0x00000000   Number         0  poly.o ABSOLUTE
    ../mathlib/rred.c                        0x00000000   Number         0  rred.o ABSOLUTE
    ../mathlib/sin.c                         0x00000000   Number         0  sin.o ABSOLUTE
    ../mathlib/sin_i.c                       0x00000000   Number         0  sin_i.o ABSOLUTE
    ../mathlib/tan.c                         0x00000000   Number         0  tan.o ABSOLUTE
    ../mathlib/tan_i.c                       0x00000000   Number         0  tan_i.o ABSOLUTE
    Audio_Drivers.c                          0x00000000   Number         0  audio_drivers.o ABSOLUTE
    RTE/Device/STM32F407VGTx/startup_stm32f407xx.s 0x00000000   Number         0  startup_stm32f407xx.o ABSOLUTE
    cs43l22.c                                0x00000000   Number         0  cs43l22.o ABSOLUTE
    dc.s                                     0x00000000   Number         0  dc.o ABSOLUTE
    initialisation_funcs.c                   0x00000000   Number         0  initialisation_funcs.o ABSOLUTE
    lpfilter.c                               0x00000000   Number         0  lpfilter.o ABSOLUTE
    main.c                                   0x00000000   Number         0  main.o ABSOLUTE
    sawwave.c                                0x00000000   Number         0  sawwave.o ABSOLUTE
    system_stm32f4xx.c                       0x00000000   Number         0  system_stm32f4xx.o ABSOLUTE
    ultrasonic.c                             0x00000000   Number         0  ultrasonic.o ABSOLUTE
    RESET                                    0x08000000   Section      392  startup_stm32f407xx.o(RESET)
    !!!main                                  0x08000188   Section        8  __main.o(!!!main)
    !!!scatter                               0x08000190   Section       52  __scatter.o(!!!scatter)
    !!handler_copy                           0x080001c4   Section       26  __scatter_copy.o(!!handler_copy)
    !!handler_zi                             0x080001e0   Section       28  __scatter_zi.o(!!handler_zi)
    .ARM.Collect$$libinit$$00000000          0x080001fc   Section        2  libinit.o(.ARM.Collect$$libinit$$00000000)
    .ARM.Collect$$libinit$$00000001          0x080001fe   Section        4  libinit2.o(.ARM.Collect$$libinit$$00000001)
    .ARM.Collect$$libinit$$00000004          0x08000202   Section        0  libinit2.o(.ARM.Collect$$libinit$$00000004)
    .ARM.Collect$$libinit$$0000000A          0x08000202   Section        0  libinit2.o(.ARM.Collect$$libinit$$0000000A)
    .ARM.Collect$$libinit$$0000000C          0x08000202   Section        0  libinit2.o(.ARM.Collect$$libinit$$0000000C)
    .ARM.Collect$$libinit$$0000000E          0x08000202   Section        0  libinit2.o(.ARM.Collect$$libinit$$0000000E)
    .ARM.Collect$$libinit$$00000011          0x08000202   Section        0  libinit2.o(.ARM.Collect$$libinit$$00000011)
    .ARM.Collect$$libinit$$00000013          0x08000202   Section        0  libinit2.o(.ARM.Collect$$libinit$$00000013)
    .ARM.Collect$$libinit$$00000015          0x08000202   Section        0  libinit2.o(.ARM.Collect$$libinit$$00000015)
    .ARM.Collect$$libinit$$00000017          0x08000202   Section        0  libinit2.o(.ARM.Collect$$libinit$$00000017)
    .ARM.Collect$$libinit$$00000019          0x08000202   Section        0  libinit2.o(.ARM.Collect$$libinit$$00000019)
    .ARM.Collect$$libinit$$0000001B          0x08000202   Section        0  libinit2.o(.ARM.Collect$$libinit$$0000001B)
    .ARM.Collect$$libinit$$0000001D          0x08000202   Section        0  libinit2.o(.ARM.Collect$$libinit$$0000001D)
    .ARM.Collect$$libinit$$0000001F          0x08000202   Section        0  libinit2.o(.ARM.Collect$$libinit$$0000001F)
    .ARM.Collect$$libinit$$00000021          0x08000202   Section        0  libinit2.o(.ARM.Collect$$libinit$$00000021)
    .ARM.Collect$$libinit$$00000023          0x08000202   Section        0  libinit2.o(.ARM.Collect$$libinit$$00000023)
    .ARM.Collect$$libinit$$00000025          0x08000202   Section        0  libinit2.o(.ARM.Collect$$libinit$$00000025)
    .ARM.Collect$$libinit$$0000002C          0x08000202   Section        0  libinit2.o(.ARM.Collect$$libinit$$0000002C)
    .ARM.Collect$$libinit$$0000002E          0x08000202   Section        0  libinit2.o(.ARM.Collect$$libinit$$0000002E)
    .ARM.Collect$$libinit$$00000030          0x08000202   Section        0  libinit2.o(.ARM.Collect$$libinit$$00000030)
    .ARM.Collect$$libinit$$00000032          0x08000202   Section        0  libinit2.o(.ARM.Collect$$libinit$$00000032)
    .ARM.Collect$$libinit$$00000033          0x08000202   Section        2  libinit2.o(.ARM.Collect$$libinit$$00000033)
    .ARM.Collect$$libshutdown$$00000000      0x08000204   Section        2  libshutdown.o(.ARM.Collect$$libshutdown$$00000000)
    .ARM.Collect$$libshutdown$$00000002      0x08000206   Section        0  libshutdown2.o(.ARM.Collect$$libshutdown$$00000002)
    .ARM.Collect$$libshutdown$$00000004      0x08000206   Section        0  libshutdown2.o(.ARM.Collect$$libshutdown$$00000004)
    .ARM.Collect$$libshutdown$$00000007      0x08000206   Section        0  libshutdown2.o(.ARM.Collect$$libshutdown$$00000007)
    .ARM.Collect$$libshutdown$$0000000A      0x08000206   Section        0  libshutdown2.o(.ARM.Collect$$libshutdown$$0000000A)
    .ARM.Collect$$libshutdown$$0000000C      0x08000206   Section        0  libshutdown2.o(.ARM.Collect$$libshutdown$$0000000C)
    .ARM.Collect$$libshutdown$$0000000F      0x08000206   Section        0  libshutdown2.o(.ARM.Collect$$libshutdown$$0000000F)
    .ARM.Collect$$libshutdown$$00000010      0x08000206   Section        2  libshutdown2.o(.ARM.Collect$$libshutdown$$00000010)
    .ARM.Collect$$rtentry$$00000000          0x08000208   Section        0  __rtentry.o(.ARM.Collect$$rtentry$$00000000)
    .ARM.Collect$$rtentry$$00000002          0x08000208   Section        0  __rtentry2.o(.ARM.Collect$$rtentry$$00000002)
    .ARM.Collect$$rtentry$$00000004          0x08000208   Section        6  __rtentry4.o(.ARM.Collect$$rtentry$$00000004)
    .ARM.Collect$$rtentry$$00000009          0x0800020e   Section        0  __rtentry2.o(.ARM.Collect$$rtentry$$00000009)
    .ARM.Collect$$rtentry$$0000000A          0x0800020e   Section        4  __rtentry2.o(.ARM.Collect$$rtentry$$0000000A)
    .ARM.Collect$$rtentry$$0000000C          0x08000212   Section        0  __rtentry2.o(.ARM.Collect$$rtentry$$0000000C)
    .ARM.Collect$$rtentry$$0000000D          0x08000212   Section        8  __rtentry2.o(.ARM.Collect$$rtentry$$0000000D)
    .ARM.Collect$$rtexit$$00000000           0x0800021a   Section        2  rtexit.o(.ARM.Collect$$rtexit$$00000000)
    .ARM.Collect$$rtexit$$00000002           0x0800021c   Section        0  rtexit2.o(.ARM.Collect$$rtexit$$00000002)
    .ARM.Collect$$rtexit$$00000003           0x0800021c   Section        4  rtexit2.o(.ARM.Collect$$rtexit$$00000003)
    .ARM.Collect$$rtexit$$00000004           0x08000220   Section        6  rtexit2.o(.ARM.Collect$$rtexit$$00000004)
    $v0                                      0x08000228   Number         0  startup_stm32f407xx.o(.text)
    .text                                    0x08000228   Section       64  startup_stm32f407xx.o(.text)
    .text                                    0x08000268   Section      240  lludivv7m.o(.text)
    .text                                    0x08000358   Section        0  heapauxi.o(.text)
    .text                                    0x0800035e   Section        0  _rserrno.o(.text)
    .text                                    0x08000374   Section        8  rt_errno_addr_intlibspace.o(.text)
    .text                                    0x0800037c   Section        8  libspace.o(.text)
    .text                                    0x08000384   Section       74  sys_stackheap_outer.o(.text)
    .text                                    0x080003ce   Section        0  exit.o(.text)
    .text                                    0x080003e0   Section        0  sys_exit.o(.text)
    .text                                    0x080003ec   Section        2  use_no_semi.o(.text)
    .text                                    0x080003ee   Section        0  indicate_semi.o(.text)
    [Anonymous Symbol]                       0x080003f0   Section        0  audio_drivers.o(.text.AUDIO_IO_Init)
    [Anonymous Symbol]                       0x080003f4   Section        0  audio_drivers.o(.text.AUDIO_IO_Write)
    CODEC_IO_Write                           0x08000419   Thumb Code    44  cs43l22.o(.text.CODEC_IO_Write)
    [Anonymous Symbol]                       0x08000418   Section        0  cs43l22.o(.text.CODEC_IO_Write)
    [Anonymous Symbol]                       0x08000444   Section        0  audio_drivers.o(.text.Configure_GPIO_Output)
    [Anonymous Symbol]                       0x08000520   Section        0  audio_drivers.o(.text.DMA1_Stream7_IRQHandler)
    NVIC_EncodePriority                      0x08000615   Thumb Code   108  audio_drivers.o(.text.NVIC_EncodePriority)
    [Anonymous Symbol]                       0x08000614   Section        0  audio_drivers.o(.text.NVIC_EncodePriority)
    [Anonymous Symbol]                       0x08000680   Section        0  system_stm32f4xx.o(.text.SystemInit)
    __NVIC_EnableIRQ                         0x08000695   Thumb Code    48  audio_drivers.o(.text.__NVIC_EnableIRQ)
    [Anonymous Symbol]                       0x08000694   Section        0  audio_drivers.o(.text.__NVIC_EnableIRQ)
    __NVIC_GetPriorityGrouping               0x080006c5   Thumb Code    16  audio_drivers.o(.text.__NVIC_GetPriorityGrouping)
    [Anonymous Symbol]                       0x080006c4   Section        0  audio_drivers.o(.text.__NVIC_GetPriorityGrouping)
    __NVIC_SetPriority                       0x080006d5   Thumb Code    66  audio_drivers.o(.text.__NVIC_SetPriority)
    [Anonymous Symbol]                       0x080006d4   Section        0  audio_drivers.o(.text.__NVIC_SetPriority)
    [Anonymous Symbol]                       0x08000718   Section        0  audio_drivers.o(.text.audioDelay)
    [Anonymous Symbol]                       0x08000734   Section        0  sawwave.o(.text.audioinit)
    [Anonymous Symbol]                       0x08000778   Section        0  audio_drivers.o(.text.checkAudioDAC_ID)
    clearTheADDRFlag                         0x080007d1   Thumb Code    26  audio_drivers.o(.text.clearTheADDRFlag)
    [Anonymous Symbol]                       0x080007d0   Section        0  audio_drivers.o(.text.clearTheADDRFlag)
    [Anonymous Symbol]                       0x080007f0   Section        0  sawwave.o(.text.coefficients)
    [Anonymous Symbol]                       0x080009a0   Section        0  audio_drivers.o(.text.configureAudioDACI2CRegisters)
    [Anonymous Symbol]                       0x08000a3c   Section        0  audio_drivers.o(.text.configureI2SClockPLL)
    [Anonymous Symbol]                       0x08000b1c   Section        0  cs43l22.o(.text.cs43l22_Init)
    [Anonymous Symbol]                       0x08000cd0   Section        0  cs43l22.o(.text.cs43l22_Play)
    [Anonymous Symbol]                       0x08000d44   Section        0  cs43l22.o(.text.cs43l22_SetMute)
    [Anonymous Symbol]                       0x08000de8   Section        0  cs43l22.o(.text.cs43l22_SetVolume)
    [Anonymous Symbol]                       0x08000ea8   Section        0  audio_drivers.o(.text.hasAudioTimerFinished)
    [Anonymous Symbol]                       0x08000ebc   Section        0  audio_drivers.o(.text.initAudioTimer)
    [Anonymous Symbol]                       0x08001028   Section        0  initialisation_funcs.o(.text.initialpins)
    [Anonymous Symbol]                       0x08001054   Section        0  main.o(.text.main)
    [Anonymous Symbol]                       0x08001064   Section        0  audio_drivers.o(.text.myAudioChangeBuffer)
    [Anonymous Symbol]                       0x080010e8   Section        0  sawwave.o(.text.myAudioHalfTransferCallback)
    [Anonymous Symbol]                       0x080010f8   Section        0  audio_drivers.o(.text.myAudioInitialisePeripherals)
    [Anonymous Symbol]                       0x08001190   Section        0  audio_drivers.o(.text.myAudioSpeedUpTheSystemClock)
    [Anonymous Symbol]                       0x08001224   Section        0  audio_drivers.o(.text.myAudioStartPlaying)
    [Anonymous Symbol]                       0x080012a0   Section        0  sawwave.o(.text.myAudioTransferCompleteCallback)
    [Anonymous Symbol]                       0x080012c0   Section        0  audio_drivers.o(.text.myConfigureFlashWaitStatesAndBusClocks)
    [Anonymous Symbol]                       0x08001460   Section        0  audio_drivers.o(.text.myConfigureI2SClock)
    [Anonymous Symbol]                       0x080014e4   Section        0  audio_drivers.o(.text.myConfigureTheMainClockPLL)
    myI2C_WaitOnRXNEFlagUntilTimeout         0x080015a9   Thumb Code   128  audio_drivers.o(.text.myI2C_WaitOnRXNEFlagUntilTimeout)
    [Anonymous Symbol]                       0x080015a8   Section        0  audio_drivers.o(.text.myI2C_WaitOnRXNEFlagUntilTimeout)
    [Anonymous Symbol]                       0x08001628   Section        0  audio_drivers.o(.text.myI2Cx_WriteData)
    [Anonymous Symbol]                       0x080016a4   Section        0  audio_drivers.o(.text.readDataFromI2CPeripheral)
    resetTheI2CDriver                        0x0800193d   Thumb Code    32  audio_drivers.o(.text.resetTheI2CDriver)
    [Anonymous Symbol]                       0x0800193c   Section        0  audio_drivers.o(.text.resetTheI2CDriver)
    [Anonymous Symbol]                       0x08001960   Section        0  sawwave.o(.text.saw)
    [Anonymous Symbol]                       0x08001ac8   Section        0  sawwave.o(.text.sawwave)
    [Anonymous Symbol]                       0x08001d7c   Section        0  audio_drivers.o(.text.setAudioTimer)
    [Anonymous Symbol]                       0x08001df4   Section        0  initialisation_funcs.o(.text.setgpioclock)
    setupAudioI2CPeripheral                  0x08001e09   Thumb Code    30  audio_drivers.o(.text.setupAudioI2CPeripheral)
    [Anonymous Symbol]                       0x08001e08   Section        0  audio_drivers.o(.text.setupAudioI2CPeripheral)
    setupClocksAndGPIOForAudioI2C            0x08001e29   Thumb Code   182  audio_drivers.o(.text.setupClocksAndGPIOForAudioI2C)
    [Anonymous Symbol]                       0x08001e28   Section        0  audio_drivers.o(.text.setupClocksAndGPIOForAudioI2C)
    [Anonymous Symbol]                       0x08001ee0   Section        0  audio_drivers.o(.text.setupDMAForAudioDAC)
    [Anonymous Symbol]                       0x08001f54   Section        0  audio_drivers.o(.text.setupDMAForI2SPeripheral)
    [Anonymous Symbol]                       0x0800202c   Section        0  audio_drivers.o(.text.setupI2SPeripheral)
    [Anonymous Symbol]                       0x08002180   Section        0  audio_drivers.o(.text.setupResetForAudioDAC)
    [Anonymous Symbol]                       0x080021e0   Section        0  audio_drivers.o(.text.waitForFlagWithTimeout)
    waitForI2CBTFFlagUntilTimeout            0x08002249   Thumb Code   128  audio_drivers.o(.text.waitForI2CBTFFlagUntilTimeout)
    [Anonymous Symbol]                       0x08002248   Section        0  audio_drivers.o(.text.waitForI2CBTFFlagUntilTimeout)
    waitForI2CMasterAddressFlagUntilTimeout  0x080022c9   Thumb Code   144  audio_drivers.o(.text.waitForI2CMasterAddressFlagUntilTimeout)
    [Anonymous Symbol]                       0x080022c8   Section        0  audio_drivers.o(.text.waitForI2CMasterAddressFlagUntilTimeout)
    waitForI2CTXEFlagUntilTimeout            0x08002359   Thumb Code   124  audio_drivers.o(.text.waitForI2CTXEFlagUntilTimeout)
    [Anonymous Symbol]                       0x08002358   Section        0  audio_drivers.o(.text.waitForI2CTXEFlagUntilTimeout)
    [Anonymous Symbol]                       0x080023d4   Section        0  audio_drivers.o(.text.writeDataToI2CPeripheral)
    i.__ARM_fpclassify                       0x080025a6   Section        0  fpclassify.o(i.__ARM_fpclassify)
    i.__hardfp_sin                           0x080025d8   Section        0  sin.o(i.__hardfp_sin)
    i.__hardfp_tan                           0x080026a0   Section        0  tan.o(i.__hardfp_tan)
    i.__ieee754_rem_pio2                     0x08002720   Section        0  rred.o(i.__ieee754_rem_pio2)
    i.__kernel_cos                           0x08002b58   Section        0  cos_i.o(i.__kernel_cos)
    i.__kernel_poly                          0x08002cc8   Section        0  poly.o(i.__kernel_poly)
    i.__kernel_sin                           0x08002dc0   Section        0  sin_i.o(i.__kernel_sin)
    i.__kernel_tan                           0x08002ef0   Section        0  tan_i.o(i.__kernel_tan)
    i.__mathlib_dbl_infnan                   0x08003240   Section        0  dunder.o(i.__mathlib_dbl_infnan)
    i.__mathlib_dbl_invalid                  0x08003258   Section        0  dunder.o(i.__mathlib_dbl_invalid)
    i.__mathlib_dbl_underflow                0x08003278   Section        0  dunder.o(i.__mathlib_dbl_underflow)
    i.fabs                                   0x08003298   Section        0  fabs.o(i.fabs)
    $v0                                      0x080032b0   Number         0  basic.o(x$fpl$basic)
    x$fpl$basic                              0x080032b0   Section       24  basic.o(x$fpl$basic)
    $v0                                      0x080032c8   Number         0  d2f.o(x$fpl$d2f)
    x$fpl$d2f                                0x080032c8   Section       98  d2f.o(x$fpl$d2f)
    $v0                                      0x0800332c   Number         0  daddsub_clz.o(x$fpl$dadd)
    x$fpl$dadd                               0x0800332c   Section      336  daddsub_clz.o(x$fpl$dadd)
    _dadd1                                   0x0800333d   Thumb Code     0  daddsub_clz.o(x$fpl$dadd)
    $v0                                      0x0800347c   Number         0  ddiv.o(x$fpl$ddiv)
    x$fpl$ddiv                               0x0800347c   Section      692  ddiv.o(x$fpl$ddiv)
    ddiv_entry                               0x08003483   Thumb Code     0  ddiv.o(x$fpl$ddiv)
    $v0                                      0x08003730   Number         0  dfix.o(x$fpl$dfix)
    x$fpl$dfix                               0x08003730   Section       94  dfix.o(x$fpl$dfix)
    $v0                                      0x0800378e   Number         0  dflt_clz.o(x$fpl$dflt)
    x$fpl$dflt                               0x0800378e   Section       46  dflt_clz.o(x$fpl$dflt)
    $v0                                      0x080037bc   Number         0  dflt_clz.o(x$fpl$dfltu)
    x$fpl$dfltu                              0x080037bc   Section       38  dflt_clz.o(x$fpl$dfltu)
    $v0                                      0x080037e4   Number         0  dmul.o(x$fpl$dmul)
    x$fpl$dmul                               0x080037e4   Section      340  dmul.o(x$fpl$dmul)
    $v0                                      0x08003938   Number         0  dnaninf.o(x$fpl$dnaninf)
    x$fpl$dnaninf                            0x08003938   Section      156  dnaninf.o(x$fpl$dnaninf)
    $v0                                      0x080039d4   Number         0  dretinf.o(x$fpl$dretinf)
    x$fpl$dretinf                            0x080039d4   Section       12  dretinf.o(x$fpl$dretinf)
    $v0                                      0x080039e0   Number         0  daddsub_clz.o(x$fpl$drsb)
    x$fpl$drsb                               0x080039e0   Section       22  daddsub_clz.o(x$fpl$drsb)
    $v0                                      0x080039f8   Number         0  daddsub_clz.o(x$fpl$dsub)
    x$fpl$dsub                               0x080039f8   Section      476  daddsub_clz.o(x$fpl$dsub)
    _dsub1                                   0x08003a09   Thumb Code     0  daddsub_clz.o(x$fpl$dsub)
    $v0                                      0x08003bd4   Number         0  f2d.o(x$fpl$f2d)
    x$fpl$f2d                                0x08003bd4   Section       86  f2d.o(x$fpl$f2d)
    $v0                                      0x08003c2a   Number         0  fnaninf.o(x$fpl$fnaninf)
    x$fpl$fnaninf                            0x08003c2a   Section      140  fnaninf.o(x$fpl$fnaninf)
    $v0                                      0x08003cb6   Number         0  fpinit.o(x$fpl$fpinit)
    x$fpl$fpinit                             0x08003cb6   Section       26  fpinit.o(x$fpl$fpinit)
    $v0                                      0x08003cd0   Number         0  fretinf.o(x$fpl$fretinf)
    x$fpl$fretinf                            0x08003cd0   Section       10  fretinf.o(x$fpl$fretinf)
    x$fpl$usenofp                            0x08003cda   Section        0  usenofp.o(x$fpl$usenofp)
    C                                        0x08003ce0   Data          48  cos_i.o(.constdata)
    .constdata                               0x08003ce0   Section       48  cos_i.o(.constdata)
    pio2s                                    0x08003d10   Data          48  rred.o(.constdata)
    .constdata                               0x08003d10   Section      204  rred.o(.constdata)
    twooverpi                                0x08003d40   Data         156  rred.o(.constdata)
    S                                        0x08003de0   Data          40  sin_i.o(.constdata)
    .constdata                               0x08003de0   Section       40  sin_i.o(.constdata)
    Todd                                     0x08003e08   Data          48  tan_i.o(.constdata)
    .constdata                               0x08003e08   Section       96  tan_i.o(.constdata)
    Teven                                    0x08003e38   Data          48  tan_i.o(.constdata)
    .L__const.initAudioTimer.PPRE2_Factors   0x08003e80   Data          32  audio_drivers.o(.rodata.cst32)
    Is_cs43l22_Stop                          0x20000008   Data           1  cs43l22.o(.data.Is_cs43l22_Stop)
    [Anonymous Symbol]                       0x20000008   Section        0  cs43l22.o(.data.Is_cs43l22_Stop)
    audioTimer                               0x20000014   Data           4  audio_drivers.o(.data.audioTimer)
    [Anonymous Symbol]                       0x20000014   Section        0  audio_drivers.o(.data.audioTimer)
    .bss                                     0x20000018   Section       96  libspace.o(.bss)
    Heap_Mem                                 0x20002880   Data         512  startup_stm32f407xx.o(HEAP)
    HEAP                                     0x20002880   Section      512  startup_stm32f407xx.o(HEAP)
    Stack_Mem                                0x20002a80   Data        1024  startup_stm32f407xx.o(STACK)
    STACK                                    0x20002a80   Section     1024  startup_stm32f407xx.o(STACK)
    __initial_sp                             0x20002e80   Data           0  startup_stm32f407xx.o(STACK)

    Global Symbols

    Symbol Name                              Value     Ov Type        Size  Object(Section)

    BuildAttributes$$THM_ISAv4$E$P$D$K$B$S$7EM$VFPi3$EXTD16$VFPS$VFMA$PE$A:L22UL41UL21$X:L11$S22US41US21$IEEE1$IW$~IW$USESV6$~STKCKD$USESV7$~SHL$OTIME$ROPI$IEEEX$EBA8$UX$STANDARDLIB$REQ8$PRES8$EABIv2 0x00000000   Number         0  anon$$obj.o ABSOLUTE
    __ARM_exceptions_init                     - Undefined Weak Reference
    __alloca_initialize                       - Undefined Weak Reference
    __arm_preinit_                            - Undefined Weak Reference
    __cpp_initialize__aeabi_                  - Undefined Weak Reference
    __cxa_finalize                            - Undefined Weak Reference
    __rt_locale                               - Undefined Weak Reference
    __sigvec_lookup                           - Undefined Weak Reference
    _atexit_init                              - Undefined Weak Reference
    _call_atexit_fns                          - Undefined Weak Reference
    _clock_init                               - Undefined Weak Reference
    _fp_trap_init                             - Undefined Weak Reference
    _fp_trap_shutdown                         - Undefined Weak Reference
    _get_lc_collate                           - Undefined Weak Reference
    _get_lc_ctype                             - Undefined Weak Reference
    _get_lc_monetary                          - Undefined Weak Reference
    _get_lc_numeric                           - Undefined Weak Reference
    _get_lc_time                              - Undefined Weak Reference
    _getenv_init                              - Undefined Weak Reference
    _handle_redirection                       - Undefined Weak Reference
    _init_alloc                               - Undefined Weak Reference
    _init_user_alloc                          - Undefined Weak Reference
    _initio                                   - Undefined Weak Reference
    _rand_init                                - Undefined Weak Reference
    _signal_finish                            - Undefined Weak Reference
    _signal_init                              - Undefined Weak Reference
    _terminate_alloc                          - Undefined Weak Reference
    _terminate_user_alloc                     - Undefined Weak Reference
    _terminateio                              - Undefined Weak Reference
    __Vectors_Size                           0x00000188   Number         0  startup_stm32f407xx.o ABSOLUTE
    __Vectors                                0x08000000   Data           4  startup_stm32f407xx.o(RESET)
    __Vectors_End                            0x08000188   Data           0  startup_stm32f407xx.o(RESET)
    __main                                   0x08000189   Thumb Code     8  __main.o(!!!main)
    __scatterload                            0x08000191   Thumb Code     0  __scatter.o(!!!scatter)
    __scatterload_rt2                        0x08000191   Thumb Code    44  __scatter.o(!!!scatter)
    __scatterload_rt2_thumb_only             0x08000191   Thumb Code     0  __scatter.o(!!!scatter)
    __scatterload_null                       0x0800019f   Thumb Code     0  __scatter.o(!!!scatter)
    __scatterload_copy                       0x080001c5   Thumb Code    26  __scatter_copy.o(!!handler_copy)
    __scatterload_zeroinit                   0x080001e1   Thumb Code    28  __scatter_zi.o(!!handler_zi)
    __rt_lib_init                            0x080001fd   Thumb Code     0  libinit.o(.ARM.Collect$$libinit$$00000000)
    __rt_lib_init_fp_1                       0x080001ff   Thumb Code     0  libinit2.o(.ARM.Collect$$libinit$$00000001)
    __rt_lib_init_alloca_1                   0x08000203   Thumb Code     0  libinit2.o(.ARM.Collect$$libinit$$0000002E)
    __rt_lib_init_argv_1                     0x08000203   Thumb Code     0  libinit2.o(.ARM.Collect$$libinit$$0000002C)
    __rt_lib_init_atexit_1                   0x08000203   Thumb Code     0  libinit2.o(.ARM.Collect$$libinit$$0000001B)
    __rt_lib_init_clock_1                    0x08000203   Thumb Code     0  libinit2.o(.ARM.Collect$$libinit$$00000021)
    __rt_lib_init_cpp_1                      0x08000203   Thumb Code     0  libinit2.o(.ARM.Collect$$libinit$$00000032)
    __rt_lib_init_exceptions_1               0x08000203   Thumb Code     0  libinit2.o(.ARM.Collect$$libinit$$00000030)
    __rt_lib_init_fp_trap_1                  0x08000203   Thumb Code     0  libinit2.o(.ARM.Collect$$libinit$$0000001F)
    __rt_lib_init_getenv_1                   0x08000203   Thumb Code     0  libinit2.o(.ARM.Collect$$libinit$$00000023)
    __rt_lib_init_heap_1                     0x08000203   Thumb Code     0  libinit2.o(.ARM.Collect$$libinit$$0000000A)
    __rt_lib_init_lc_collate_1               0x08000203   Thumb Code     0  libinit2.o(.ARM.Collect$$libinit$$00000011)
    __rt_lib_init_lc_ctype_1                 0x08000203   Thumb Code     0  libinit2.o(.ARM.Collect$$libinit$$00000013)
    __rt_lib_init_lc_monetary_1              0x08000203   Thumb Code     0  libinit2.o(.ARM.Collect$$libinit$$00000015)
    __rt_lib_init_lc_numeric_1               0x08000203   Thumb Code     0  libinit2.o(.ARM.Collect$$libinit$$00000017)
    __rt_lib_init_lc_time_1                  0x08000203   Thumb Code     0  libinit2.o(.ARM.Collect$$libinit$$00000019)
    __rt_lib_init_preinit_1                  0x08000203   Thumb Code     0  libinit2.o(.ARM.Collect$$libinit$$00000004)
    __rt_lib_init_rand_1                     0x08000203   Thumb Code     0  libinit2.o(.ARM.Collect$$libinit$$0000000E)
    __rt_lib_init_return                     0x08000203   Thumb Code     0  libinit2.o(.ARM.Collect$$libinit$$00000033)
    __rt_lib_init_signal_1                   0x08000203   Thumb Code     0  libinit2.o(.ARM.Collect$$libinit$$0000001D)
    __rt_lib_init_stdio_1                    0x08000203   Thumb Code     0  libinit2.o(.ARM.Collect$$libinit$$00000025)
    __rt_lib_init_user_alloc_1               0x08000203   Thumb Code     0  libinit2.o(.ARM.Collect$$libinit$$0000000C)
    __rt_lib_shutdown                        0x08000205   Thumb Code     0  libshutdown.o(.ARM.Collect$$libshutdown$$00000000)
    __rt_lib_shutdown_cpp_1                  0x08000207   Thumb Code     0  libshutdown2.o(.ARM.Collect$$libshutdown$$00000002)
    __rt_lib_shutdown_fp_trap_1              0x08000207   Thumb Code     0  libshutdown2.o(.ARM.Collect$$libshutdown$$00000007)
    __rt_lib_shutdown_heap_1                 0x08000207   Thumb Code     0  libshutdown2.o(.ARM.Collect$$libshutdown$$0000000F)
    __rt_lib_shutdown_return                 0x08000207   Thumb Code     0  libshutdown2.o(.ARM.Collect$$libshutdown$$00000010)
    __rt_lib_shutdown_signal_1               0x08000207   Thumb Code     0  libshutdown2.o(.ARM.Collect$$libshutdown$$0000000A)
    __rt_lib_shutdown_stdio_1                0x08000207   Thumb Code     0  libshutdown2.o(.ARM.Collect$$libshutdown$$00000004)
    __rt_lib_shutdown_user_alloc_1           0x08000207   Thumb Code     0  libshutdown2.o(.ARM.Collect$$libshutdown$$0000000C)
    __rt_entry                               0x08000209   Thumb Code     0  __rtentry.o(.ARM.Collect$$rtentry$$00000000)
    __rt_entry_presh_1                       0x08000209   Thumb Code     0  __rtentry2.o(.ARM.Collect$$rtentry$$00000002)
    __rt_entry_sh                            0x08000209   Thumb Code     0  __rtentry4.o(.ARM.Collect$$rtentry$$00000004)
    __rt_entry_li                            0x0800020f   Thumb Code     0  __rtentry2.o(.ARM.Collect$$rtentry$$0000000A)
    __rt_entry_postsh_1                      0x0800020f   Thumb Code     0  __rtentry2.o(.ARM.Collect$$rtentry$$00000009)
    __rt_entry_main                          0x08000213   Thumb Code     0  __rtentry2.o(.ARM.Collect$$rtentry$$0000000D)
    __rt_entry_postli_1                      0x08000213   Thumb Code     0  __rtentry2.o(.ARM.Collect$$rtentry$$0000000C)
    __rt_exit                                0x0800021b   Thumb Code     0  rtexit.o(.ARM.Collect$$rtexit$$00000000)
    __rt_exit_ls                             0x0800021d   Thumb Code     0  rtexit2.o(.ARM.Collect$$rtexit$$00000003)
    __rt_exit_prels_1                        0x0800021d   Thumb Code     0  rtexit2.o(.ARM.Collect$$rtexit$$00000002)
    __rt_exit_exit                           0x08000221   Thumb Code     0  rtexit2.o(.ARM.Collect$$rtexit$$00000004)
    Reset_Handler                            0x08000229   Thumb Code     8  startup_stm32f407xx.o(.text)
    NMI_Handler                              0x08000231   Thumb Code     2  startup_stm32f407xx.o(.text)
    HardFault_Handler                        0x08000233   Thumb Code     2  startup_stm32f407xx.o(.text)
    MemManage_Handler                        0x08000235   Thumb Code     2  startup_stm32f407xx.o(.text)
    BusFault_Handler                         0x08000237   Thumb Code     2  startup_stm32f407xx.o(.text)
    UsageFault_Handler                       0x08000239   Thumb Code     2  startup_stm32f407xx.o(.text)
    SVC_Handler                              0x0800023b   Thumb Code     2  startup_stm32f407xx.o(.text)
    DebugMon_Handler                         0x0800023d   Thumb Code     2  startup_stm32f407xx.o(.text)
    PendSV_Handler                           0x0800023f   Thumb Code     2  startup_stm32f407xx.o(.text)
    SysTick_Handler                          0x08000241   Thumb Code     2  startup_stm32f407xx.o(.text)
    ADC_IRQHandler                           0x08000243   Thumb Code     0  startup_stm32f407xx.o(.text)
    CAN1_RX0_IRQHandler                      0x08000243   Thumb Code     0  startup_stm32f407xx.o(.text)
    CAN1_RX1_IRQHandler                      0x08000243   Thumb Code     0  startup_stm32f407xx.o(.text)
    CAN1_SCE_IRQHandler                      0x08000243   Thumb Code     0  startup_stm32f407xx.o(.text)
    CAN1_TX_IRQHandler                       0x08000243   Thumb Code     0  startup_stm32f407xx.o(.text)
    CAN2_RX0_IRQHandler                      0x08000243   Thumb Code     0  startup_stm32f407xx.o(.text)
    CAN2_RX1_IRQHandler                      0x08000243   Thumb Code     0  startup_stm32f407xx.o(.text)
    CAN2_SCE_IRQHandler                      0x08000243   Thumb Code     0  startup_stm32f407xx.o(.text)
    CAN2_TX_IRQHandler                       0x08000243   Thumb Code     0  startup_stm32f407xx.o(.text)
    DCMI_IRQHandler                          0x08000243   Thumb Code     0  startup_stm32f407xx.o(.text)
    DMA1_Stream0_IRQHandler                  0x08000243   Thumb Code     0  startup_stm32f407xx.o(.text)
    DMA1_Stream1_IRQHandler                  0x08000243   Thumb Code     0  startup_stm32f407xx.o(.text)
    DMA1_Stream2_IRQHandler                  0x08000243   Thumb Code     0  startup_stm32f407xx.o(.text)
    DMA1_Stream3_IRQHandler                  0x08000243   Thumb Code     0  startup_stm32f407xx.o(.text)
    DMA1_Stream4_IRQHandler                  0x08000243   Thumb Code     0  startup_stm32f407xx.o(.text)
    DMA1_Stream5_IRQHandler                  0x08000243   Thumb Code     0  startup_stm32f407xx.o(.text)
    DMA1_Stream6_IRQHandler                  0x08000243   Thumb Code     0  startup_stm32f407xx.o(.text)
    DMA2_Stream0_IRQHandler                  0x08000243   Thumb Code     0  startup_stm32f407xx.o(.text)
    DMA2_Stream1_IRQHandler                  0x08000243   Thumb Code     0  startup_stm32f407xx.o(.text)
    DMA2_Stream2_IRQHandler                  0x08000243   Thumb Code     0  startup_stm32f407xx.o(.text)
    DMA2_Stream3_IRQHandler                  0x08000243   Thumb Code     0  startup_stm32f407xx.o(.text)
    DMA2_Stream4_IRQHandler                  0x08000243   Thumb Code     0  startup_stm32f407xx.o(.text)
    DMA2_Stream5_IRQHandler                  0x08000243   Thumb Code     0  startup_stm32f407xx.o(.text)
    DMA2_Stream6_IRQHandler                  0x08000243   Thumb Code     0  startup_stm32f407xx.o(.text)
    DMA2_Stream7_IRQHandler                  0x08000243   Thumb Code     0  startup_stm32f407xx.o(.text)
    ETH_IRQHandler                           0x08000243   Thumb Code     0  startup_stm32f407xx.o(.text)
    ETH_WKUP_IRQHandler                      0x08000243   Thumb Code     0  startup_stm32f407xx.o(.text)
    EXTI0_IRQHandler                         0x08000243   Thumb Code     0  startup_stm32f407xx.o(.text)
    EXTI15_10_IRQHandler                     0x08000243   Thumb Code     0  startup_stm32f407xx.o(.text)
    EXTI1_IRQHandler                         0x08000243   Thumb Code     0  startup_stm32f407xx.o(.text)
    EXTI2_IRQHandler                         0x08000243   Thumb Code     0  startup_stm32f407xx.o(.text)
    EXTI3_IRQHandler                         0x08000243   Thumb Code     0  startup_stm32f407xx.o(.text)
    EXTI4_IRQHandler                         0x08000243   Thumb Code     0  startup_stm32f407xx.o(.text)
    EXTI9_5_IRQHandler                       0x08000243   Thumb Code     0  startup_stm32f407xx.o(.text)
    FLASH_IRQHandler                         0x08000243   Thumb Code     0  startup_stm32f407xx.o(.text)
    FMC_IRQHandler                           0x08000243   Thumb Code     0  startup_stm32f407xx.o(.text)
    FPU_IRQHandler                           0x08000243   Thumb Code     0  startup_stm32f407xx.o(.text)
    HASH_RNG_IRQHandler                      0x08000243   Thumb Code     0  startup_stm32f407xx.o(.text)
    I2C1_ER_IRQHandler                       0x08000243   Thumb Code     0  startup_stm32f407xx.o(.text)
    I2C1_EV_IRQHandler                       0x08000243   Thumb Code     0  startup_stm32f407xx.o(.text)
    I2C2_ER_IRQHandler                       0x08000243   Thumb Code     0  startup_stm32f407xx.o(.text)
    I2C2_EV_IRQHandler                       0x08000243   Thumb Code     0  startup_stm32f407xx.o(.text)
    I2C3_ER_IRQHandler                       0x08000243   Thumb Code     0  startup_stm32f407xx.o(.text)
    I2C3_EV_IRQHandler                       0x08000243   Thumb Code     0  startup_stm32f407xx.o(.text)
    OTG_FS_IRQHandler                        0x08000243   Thumb Code     0  startup_stm32f407xx.o(.text)
    OTG_FS_WKUP_IRQHandler                   0x08000243   Thumb Code     0  startup_stm32f407xx.o(.text)
    OTG_HS_EP1_IN_IRQHandler                 0x08000243   Thumb Code     0  startup_stm32f407xx.o(.text)
    OTG_HS_EP1_OUT_IRQHandler                0x08000243   Thumb Code     0  startup_stm32f407xx.o(.text)
    OTG_HS_IRQHandler                        0x08000243   Thumb Code     0  startup_stm32f407xx.o(.text)
    OTG_HS_WKUP_IRQHandler                   0x08000243   Thumb Code     0  startup_stm32f407xx.o(.text)
    PVD_IRQHandler                           0x08000243   Thumb Code     0  startup_stm32f407xx.o(.text)
    RCC_IRQHandler                           0x08000243   Thumb Code     0  startup_stm32f407xx.o(.text)
    RTC_Alarm_IRQHandler                     0x08000243   Thumb Code     0  startup_stm32f407xx.o(.text)
    RTC_WKUP_IRQHandler                      0x08000243   Thumb Code     0  startup_stm32f407xx.o(.text)
    SDIO_IRQHandler                          0x08000243   Thumb Code     0  startup_stm32f407xx.o(.text)
    SPI1_IRQHandler                          0x08000243   Thumb Code     0  startup_stm32f407xx.o(.text)
    SPI2_IRQHandler                          0x08000243   Thumb Code     0  startup_stm32f407xx.o(.text)
    SPI3_IRQHandler                          0x08000243   Thumb Code     0  startup_stm32f407xx.o(.text)
    TAMP_STAMP_IRQHandler                    0x08000243   Thumb Code     0  startup_stm32f407xx.o(.text)
    TIM1_BRK_TIM9_IRQHandler                 0x08000243   Thumb Code     0  startup_stm32f407xx.o(.text)
    TIM1_CC_IRQHandler                       0x08000243   Thumb Code     0  startup_stm32f407xx.o(.text)
    TIM1_TRG_COM_TIM11_IRQHandler            0x08000243   Thumb Code     0  startup_stm32f407xx.o(.text)
    TIM1_UP_TIM10_IRQHandler                 0x08000243   Thumb Code     0  startup_stm32f407xx.o(.text)
    TIM2_IRQHandler                          0x08000243   Thumb Code     0  startup_stm32f407xx.o(.text)
    TIM3_IRQHandler                          0x08000243   Thumb Code     0  startup_stm32f407xx.o(.text)
    TIM4_IRQHandler                          0x08000243   Thumb Code     0  startup_stm32f407xx.o(.text)
    TIM5_IRQHandler                          0x08000243   Thumb Code     0  startup_stm32f407xx.o(.text)
    TIM6_DAC_IRQHandler                      0x08000243   Thumb Code     0  startup_stm32f407xx.o(.text)
    TIM7_IRQHandler                          0x08000243   Thumb Code     0  startup_stm32f407xx.o(.text)
    TIM8_BRK_TIM12_IRQHandler                0x08000243   Thumb Code     0  startup_stm32f407xx.o(.text)
    TIM8_CC_IRQHandler                       0x08000243   Thumb Code     0  startup_stm32f407xx.o(.text)
    TIM8_TRG_COM_TIM14_IRQHandler            0x08000243   Thumb Code     0  startup_stm32f407xx.o(.text)
    TIM8_UP_TIM13_IRQHandler                 0x08000243   Thumb Code     0  startup_stm32f407xx.o(.text)
    UART4_IRQHandler                         0x08000243   Thumb Code     0  startup_stm32f407xx.o(.text)
    UART5_IRQHandler                         0x08000243   Thumb Code     0  startup_stm32f407xx.o(.text)
    USART1_IRQHandler                        0x08000243   Thumb Code     0  startup_stm32f407xx.o(.text)
    USART2_IRQHandler                        0x08000243   Thumb Code     0  startup_stm32f407xx.o(.text)
    USART3_IRQHandler                        0x08000243   Thumb Code     0  startup_stm32f407xx.o(.text)
    USART6_IRQHandler                        0x08000243   Thumb Code     0  startup_stm32f407xx.o(.text)
    WWDG_IRQHandler                          0x08000243   Thumb Code     0  startup_stm32f407xx.o(.text)
    __user_initial_stackheap                 0x08000245   Thumb Code     0  startup_stm32f407xx.o(.text)
    __aeabi_uldivmod                         0x08000269   Thumb Code     0  lludivv7m.o(.text)
    _ll_udiv                                 0x08000269   Thumb Code   240  lludivv7m.o(.text)
    __use_two_region_memory                  0x08000359   Thumb Code     2  heapauxi.o(.text)
    __rt_heap_escrow$2region                 0x0800035b   Thumb Code     2  heapauxi.o(.text)
    __rt_heap_expand$2region                 0x0800035d   Thumb Code     2  heapauxi.o(.text)
    __read_errno                             0x0800035f   Thumb Code    10  _rserrno.o(.text)
    __set_errno                              0x08000369   Thumb Code    12  _rserrno.o(.text)
    __aeabi_errno_addr                       0x08000375   Thumb Code     8  rt_errno_addr_intlibspace.o(.text)
    __errno$intlibspace                      0x08000375   Thumb Code     0  rt_errno_addr_intlibspace.o(.text)
    __rt_errno_addr$intlibspace              0x08000375   Thumb Code     0  rt_errno_addr_intlibspace.o(.text)
    __user_libspace                          0x0800037d   Thumb Code     8  libspace.o(.text)
    __user_perproc_libspace                  0x0800037d   Thumb Code     0  libspace.o(.text)
    __user_perthread_libspace                0x0800037d   Thumb Code     0  libspace.o(.text)
    __user_setup_stackheap                   0x08000385   Thumb Code    74  sys_stackheap_outer.o(.text)
    exit                                     0x080003cf   Thumb Code    18  exit.o(.text)
    _sys_exit                                0x080003e1   Thumb Code     8  sys_exit.o(.text)
    __I$use$semihosting                      0x080003ed   Thumb Code     0  use_no_semi.o(.text)
    __use_no_semihosting_swi                 0x080003ed   Thumb Code     2  use_no_semi.o(.text)
    __semihosting_library_function           0x080003ef   Thumb Code     0  indicate_semi.o(.text)
    AUDIO_IO_Init                            0x080003f1   Thumb Code     2  audio_drivers.o(.text.AUDIO_IO_Init)
    AUDIO_IO_Write                           0x080003f5   Thumb Code    36  audio_drivers.o(.text.AUDIO_IO_Write)
    Configure_GPIO_Output                    0x08000445   Thumb Code   220  audio_drivers.o(.text.Configure_GPIO_Output)
    DMA1_Stream7_IRQHandler                  0x08000521   Thumb Code   244  audio_drivers.o(.text.DMA1_Stream7_IRQHandler)
    SystemInit                               0x08000681   Thumb Code    18  system_stm32f4xx.o(.text.SystemInit)
    audioDelay                               0x08000719   Thumb Code    28  audio_drivers.o(.text.audioDelay)
    audioinit                                0x08000735   Thumb Code    66  sawwave.o(.text.audioinit)
    checkAudioDAC_ID                         0x08000779   Thumb Code    86  audio_drivers.o(.text.checkAudioDAC_ID)
    coefficients                             0x080007f1   Thumb Code   432  sawwave.o(.text.coefficients)
    configureAudioDACI2CRegisters            0x080009a1   Thumb Code   154  audio_drivers.o(.text.configureAudioDACI2CRegisters)
    configureI2SClockPLL                     0x08000a3d   Thumb Code   222  audio_drivers.o(.text.configureI2SClockPLL)
    cs43l22_Init                             0x08000b1d   Thumb Code   434  cs43l22.o(.text.cs43l22_Init)
    cs43l22_Play                             0x08000cd1   Thumb Code   114  cs43l22.o(.text.cs43l22_Play)
    cs43l22_SetMute                          0x08000d45   Thumb Code   164  cs43l22.o(.text.cs43l22_SetMute)
    cs43l22_SetVolume                        0x08000de9   Thumb Code   190  cs43l22.o(.text.cs43l22_SetVolume)
    hasAudioTimerFinished                    0x08000ea9   Thumb Code    18  audio_drivers.o(.text.hasAudioTimerFinished)
    initAudioTimer                           0x08000ebd   Thumb Code   364  audio_drivers.o(.text.initAudioTimer)
    initialpins                              0x08001029   Thumb Code    42  initialisation_funcs.o(.text.initialpins)
    main                                     0x08001055   Thumb Code    14  main.o(.text.main)
    myAudioChangeBuffer                      0x08001065   Thumb Code   130  audio_drivers.o(.text.myAudioChangeBuffer)
    myAudioHalfTransferCallback              0x080010e9   Thumb Code    14  sawwave.o(.text.myAudioHalfTransferCallback)
    myAudioInitialisePeripherals             0x080010f9   Thumb Code   152  audio_drivers.o(.text.myAudioInitialisePeripherals)
    myAudioSpeedUpTheSystemClock             0x08001191   Thumb Code   148  audio_drivers.o(.text.myAudioSpeedUpTheSystemClock)
    myAudioStartPlaying                      0x08001225   Thumb Code   122  audio_drivers.o(.text.myAudioStartPlaying)
    myAudioTransferCompleteCallback          0x080012a1   Thumb Code    32  sawwave.o(.text.myAudioTransferCompleteCallback)
    myConfigureFlashWaitStatesAndBusClocks   0x080012c1   Thumb Code   414  audio_drivers.o(.text.myConfigureFlashWaitStatesAndBusClocks)
    myConfigureI2SClock                      0x08001461   Thumb Code   130  audio_drivers.o(.text.myConfigureI2SClock)
    myConfigureTheMainClockPLL               0x080014e5   Thumb Code   194  audio_drivers.o(.text.myConfigureTheMainClockPLL)
    myI2Cx_WriteData                         0x08001629   Thumb Code   124  audio_drivers.o(.text.myI2Cx_WriteData)
    readDataFromI2CPeripheral                0x080016a5   Thumb Code   664  audio_drivers.o(.text.readDataFromI2CPeripheral)
    saw                                      0x08001961   Thumb Code   356  sawwave.o(.text.saw)
    sawwave                                  0x08001ac9   Thumb Code   692  sawwave.o(.text.sawwave)
    setAudioTimer                            0x08001d7d   Thumb Code   118  audio_drivers.o(.text.setAudioTimer)
    setgpioclock                             0x08001df5   Thumb Code    18  initialisation_funcs.o(.text.setgpioclock)
    setupDMAForAudioDAC                      0x08001ee1   Thumb Code   114  audio_drivers.o(.text.setupDMAForAudioDAC)
    setupDMAForI2SPeripheral                 0x08001f55   Thumb Code   216  audio_drivers.o(.text.setupDMAForI2SPeripheral)
    setupI2SPeripheral                       0x0800202d   Thumb Code   340  audio_drivers.o(.text.setupI2SPeripheral)
    setupResetForAudioDAC                    0x08002181   Thumb Code    94  audio_drivers.o(.text.setupResetForAudioDAC)
    waitForFlagWithTimeout                   0x080021e1   Thumb Code   102  audio_drivers.o(.text.waitForFlagWithTimeout)
    writeDataToI2CPeripheral                 0x080023d5   Thumb Code   466  audio_drivers.o(.text.writeDataToI2CPeripheral)
    __ARM_fpclassify                         0x080025a7   Thumb Code    48  fpclassify.o(i.__ARM_fpclassify)
    __hardfp_sin                             0x080025d9   Thumb Code   180  sin.o(i.__hardfp_sin)
    __hardfp_tan                             0x080026a1   Thumb Code   108  tan.o(i.__hardfp_tan)
    __ieee754_rem_pio2                       0x08002721   Thumb Code   938  rred.o(i.__ieee754_rem_pio2)
    __kernel_cos                             0x08002b59   Thumb Code   322  cos_i.o(i.__kernel_cos)
    __kernel_poly                            0x08002cc9   Thumb Code   248  poly.o(i.__kernel_poly)
    __kernel_sin                             0x08002dc1   Thumb Code   280  sin_i.o(i.__kernel_sin)
    __kernel_tan                             0x08002ef1   Thumb Code   764  tan_i.o(i.__kernel_tan)
    __mathlib_dbl_infnan                     0x08003241   Thumb Code    20  dunder.o(i.__mathlib_dbl_infnan)
    __mathlib_dbl_invalid                    0x08003259   Thumb Code    24  dunder.o(i.__mathlib_dbl_invalid)
    __mathlib_dbl_underflow                  0x08003279   Thumb Code    24  dunder.o(i.__mathlib_dbl_underflow)
    fabs                                     0x08003299   Thumb Code    24  fabs.o(i.fabs)
    __aeabi_dneg                             0x080032b1   Thumb Code     0  basic.o(x$fpl$basic)
    _dneg                                    0x080032b1   Thumb Code     6  basic.o(x$fpl$basic)
    __aeabi_fneg                             0x080032b7   Thumb Code     0  basic.o(x$fpl$basic)
    _fneg                                    0x080032b7   Thumb Code     6  basic.o(x$fpl$basic)
    _dabs                                    0x080032bd   Thumb Code     6  basic.o(x$fpl$basic)
    _fabs                                    0x080032c3   Thumb Code     6  basic.o(x$fpl$basic)
    __aeabi_d2f                              0x080032c9   Thumb Code     0  d2f.o(x$fpl$d2f)
    _d2f                                     0x080032c9   Thumb Code    98  d2f.o(x$fpl$d2f)
    __aeabi_dadd                             0x0800332d   Thumb Code     0  daddsub_clz.o(x$fpl$dadd)
    _dadd                                    0x0800332d   Thumb Code   332  daddsub_clz.o(x$fpl$dadd)
    __aeabi_ddiv                             0x0800347d   Thumb Code     0  ddiv.o(x$fpl$ddiv)
    _ddiv                                    0x0800347d   Thumb Code   556  ddiv.o(x$fpl$ddiv)
    __aeabi_d2iz                             0x08003731   Thumb Code     0  dfix.o(x$fpl$dfix)
    _dfix                                    0x08003731   Thumb Code    94  dfix.o(x$fpl$dfix)
    __aeabi_i2d                              0x0800378f   Thumb Code     0  dflt_clz.o(x$fpl$dflt)
    _dflt                                    0x0800378f   Thumb Code    46  dflt_clz.o(x$fpl$dflt)
    __aeabi_ui2d                             0x080037bd   Thumb Code     0  dflt_clz.o(x$fpl$dfltu)
    _dfltu                                   0x080037bd   Thumb Code    38  dflt_clz.o(x$fpl$dfltu)
    __aeabi_dmul                             0x080037e5   Thumb Code     0  dmul.o(x$fpl$dmul)
    _dmul                                    0x080037e5   Thumb Code   332  dmul.o(x$fpl$dmul)
    __fpl_dnaninf                            0x08003939   Thumb Code   156  dnaninf.o(x$fpl$dnaninf)
    __fpl_dretinf                            0x080039d5   Thumb Code    12  dretinf.o(x$fpl$dretinf)
    __aeabi_drsub                            0x080039e1   Thumb Code     0  daddsub_clz.o(x$fpl$drsb)
    _drsb                                    0x080039e1   Thumb Code    22  daddsub_clz.o(x$fpl$drsb)
    __aeabi_dsub                             0x080039f9   Thumb Code     0  daddsub_clz.o(x$fpl$dsub)
    _dsub                                    0x080039f9   Thumb Code   472  daddsub_clz.o(x$fpl$dsub)
    __aeabi_f2d                              0x08003bd5   Thumb Code     0  f2d.o(x$fpl$f2d)
    _f2d                                     0x08003bd5   Thumb Code    86  f2d.o(x$fpl$f2d)
    __fpl_fnaninf                            0x08003c2b   Thumb Code   140  fnaninf.o(x$fpl$fnaninf)
    _fp_init                                 0x08003cb7   Thumb Code    26  fpinit.o(x$fpl$fpinit)
    __fplib_config_fpu_vfp                   0x08003ccf   Thumb Code     0  fpinit.o(x$fpl$fpinit)
    __fplib_config_pureend_doubles           0x08003ccf   Thumb Code     0  fpinit.o(x$fpl$fpinit)
    __fpl_fretinf                            0x08003cd1   Thumb Code    10  fretinf.o(x$fpl$fretinf)
    __I$use$fp                               0x08003cda   Number         0  usenofp.o(x$fpl$usenofp)
    AHBPrescTable                            0x08003e68   Data          16  system_stm32f4xx.o(.rodata.AHBPrescTable)
    APBPrescTable                            0x08003e78   Data           8  system_stm32f4xx.o(.rodata.APBPrescTable)
    myI2SFreq                                0x08003ea0   Data          32  audio_drivers.o(.rodata.myI2SFreq)
    myI2SPLLN                                0x08003ec0   Data          32  audio_drivers.o(.rodata.myI2SPLLN)
    myI2SPLLR                                0x08003ee0   Data          32  audio_drivers.o(.rodata.myI2SPLLR)
    Region$$Table$$Base                      0x08003f00   Number         0  anon$$obj.o(Region$$Table)
    Region$$Table$$Limit                     0x08003f20   Number         0  anon$$obj.o(Region$$Table)
    AudioI2C                                 0x20000000   Data           4  audio_drivers.o(.data.AudioI2C)
    AudioI2S                                 0x20000004   Data           4  audio_drivers.o(.data.AudioI2S)
    SystemCoreClock                          0x2000000c   Data           4  system_stm32f4xx.o(.data.SystemCoreClock)
    audioDACStatus                           0x20000010   Data           1  audio_drivers.o(.data.audioDACStatus)
    audioDMAStatus                           0x20000011   Data           1  audio_drivers.o(.data.audioDMAStatus)
    audioI2CStatus                           0x20000012   Data           1  audio_drivers.o(.data.audioI2CStatus)
    audioI2SStatus                           0x20000013   Data           1  audio_drivers.o(.data.audioI2SStatus)
    __libspace_start                         0x20000018   Data          96  libspace.o(.bss)
    OutputDev                                0x20000078   Data           1  cs43l22.o(.bss.OutputDev)
    __temporary_stack_top$libspace           0x20000078   Data           0  libspace.o(.bss)
    PlayBuff                                 0x2000007a   Data        8192  sawwave.o(.bss.PlayBuff)
    SineBuff                                 0x2000207a   Data        2048  sawwave.o(.bss.SineBuff)
    bufferStatus                             0x2000287a   Data           1  sawwave.o(.bss.bufferStatus)



==============================================================================

Memory Map of the image

  Image Entry point : 0x08000229

  Load Region LR_1 (Base: 0x08000000, Size: 0x00003f38, Max: 0xffffffff, ABSOLUTE)

    Execution Region ER_RO (Exec base: 0x08000000, Load base: 0x08000000, Size: 0x00003f20, Max: 0xffffffff, ABSOLUTE)

    Exec Addr    Load Addr    Size         Type   Attr      Idx    E Section Name        Object

    0x08000000   0x08000000   0x00000188   Data   RO          216    RESET               startup_stm32f407xx.o
    0x08000188   0x08000188   0x00000008   Code   RO          243  * !!!main             c_w.l(__main.o)
    0x08000190   0x08000190   0x00000034   Code   RO          510    !!!scatter          c_w.l(__scatter.o)
    0x080001c4   0x080001c4   0x0000001a   Code   RO          512    !!handler_copy      c_w.l(__scatter_copy.o)
    0x080001de   0x080001de   0x00000002   PAD
    0x080001e0   0x080001e0   0x0000001c   Code   RO          514    !!handler_zi        c_w.l(__scatter_zi.o)
    0x080001fc   0x080001fc   0x00000002   Code   RO          377    .ARM.Collect$$libinit$$00000000  c_w.l(libinit.o)
    0x080001fe   0x080001fe   0x00000004   Code   RO          386    .ARM.Collect$$libinit$$00000001  c_w.l(libinit2.o)
    0x08000202   0x08000202   0x00000000   Code   RO          389    .ARM.Collect$$libinit$$00000004  c_w.l(libinit2.o)
    0x08000202   0x08000202   0x00000000   Code   RO          392    .ARM.Collect$$libinit$$0000000A  c_w.l(libinit2.o)
    0x08000202   0x08000202   0x00000000   Code   RO          394    .ARM.Collect$$libinit$$0000000C  c_w.l(libinit2.o)
    0x08000202   0x08000202   0x00000000   Code   RO          396    .ARM.Collect$$libinit$$0000000E  c_w.l(libinit2.o)
    0x08000202   0x08000202   0x00000000   Code   RO          399    .ARM.Collect$$libinit$$00000011  c_w.l(libinit2.o)
    0x08000202   0x08000202   0x00000000   Code   RO          401    .ARM.Collect$$libinit$$00000013  c_w.l(libinit2.o)
    0x08000202   0x08000202   0x00000000   Code   RO          403    .ARM.Collect$$libinit$$00000015  c_w.l(libinit2.o)
    0x08000202   0x08000202   0x00000000   Code   RO          405    .ARM.Collect$$libinit$$00000017  c_w.l(libinit2.o)
    0x08000202   0x08000202   0x00000000   Code   RO          407    .ARM.Collect$$libinit$$00000019  c_w.l(libinit2.o)
    0x08000202   0x08000202   0x00000000   Code   RO          409    .ARM.Collect$$libinit$$0000001B  c_w.l(libinit2.o)
    0x08000202   0x08000202   0x00000000   Code   RO          411    .ARM.Collect$$libinit$$0000001D  c_w.l(libinit2.o)
    0x08000202   0x08000202   0x00000000   Code   RO          413    .ARM.Collect$$libinit$$0000001F  c_w.l(libinit2.o)
    0x08000202   0x08000202   0x00000000   Code   RO          415    .ARM.Collect$$libinit$$00000021  c_w.l(libinit2.o)
    0x08000202   0x08000202   0x00000000   Code   RO          417    .ARM.Collect$$libinit$$00000023  c_w.l(libinit2.o)
    0x08000202   0x08000202   0x00000000   Code   RO          419    .ARM.Collect$$libinit$$00000025  c_w.l(libinit2.o)
    0x08000202   0x08000202   0x00000000   Code   RO          423    .ARM.Collect$$libinit$$0000002C  c_w.l(libinit2.o)
    0x08000202   0x08000202   0x00000000   Code   RO          425    .ARM.Collect$$libinit$$0000002E  c_w.l(libinit2.o)
    0x08000202   0x08000202   0x00000000   Code   RO          427    .ARM.Collect$$libinit$$00000030  c_w.l(libinit2.o)
    0x08000202   0x08000202   0x00000000   Code   RO          429    .ARM.Collect$$libinit$$00000032  c_w.l(libinit2.o)
    0x08000202   0x08000202   0x00000002   Code   RO          430    .ARM.Collect$$libinit$$00000033  c_w.l(libinit2.o)
    0x08000204   0x08000204   0x00000002   Code   RO          465    .ARM.Collect$$libshutdown$$00000000  c_w.l(libshutdown.o)
    0x08000206   0x08000206   0x00000000   Code   RO          493    .ARM.Collect$$libshutdown$$00000002  c_w.l(libshutdown2.o)
    0x08000206   0x08000206   0x00000000   Code   RO          495    .ARM.Collect$$libshutdown$$00000004  c_w.l(libshutdown2.o)
    0x08000206   0x08000206   0x00000000   Code   RO          498    .ARM.Collect$$libshutdown$$00000007  c_w.l(libshutdown2.o)
    0x08000206   0x08000206   0x00000000   Code   RO          501    .ARM.Collect$$libshutdown$$0000000A  c_w.l(libshutdown2.o)
    0x08000206   0x08000206   0x00000000   Code   RO          503    .ARM.Collect$$libshutdown$$0000000C  c_w.l(libshutdown2.o)
    0x08000206   0x08000206   0x00000000   Code   RO          506    .ARM.Collect$$libshutdown$$0000000F  c_w.l(libshutdown2.o)
    0x08000206   0x08000206   0x00000002   Code   RO          507    .ARM.Collect$$libshutdown$$00000010  c_w.l(libshutdown2.o)
    0x08000208   0x08000208   0x00000000   Code   RO          283    .ARM.Collect$$rtentry$$00000000  c_w.l(__rtentry.o)
    0x08000208   0x08000208   0x00000000   Code   RO          330    .ARM.Collect$$rtentry$$00000002  c_w.l(__rtentry2.o)
    0x08000208   0x08000208   0x00000006   Code   RO          342    .ARM.Collect$$rtentry$$00000004  c_w.l(__rtentry4.o)
    0x0800020e   0x0800020e   0x00000000   Code   RO          332    .ARM.Collect$$rtentry$$00000009  c_w.l(__rtentry2.o)
    0x0800020e   0x0800020e   0x00000004   Code   RO          333    .ARM.Collect$$rtentry$$0000000A  c_w.l(__rtentry2.o)
    0x08000212   0x08000212   0x00000000   Code   RO          335    .ARM.Collect$$rtentry$$0000000C  c_w.l(__rtentry2.o)
    0x08000212   0x08000212   0x00000008   Code   RO          336    .ARM.Collect$$rtentry$$0000000D  c_w.l(__rtentry2.o)
    0x0800021a   0x0800021a   0x00000002   Code   RO          378    .ARM.Collect$$rtexit$$00000000  c_w.l(rtexit.o)
    0x0800021c   0x0800021c   0x00000000   Code   RO          436    .ARM.Collect$$rtexit$$00000002  c_w.l(rtexit2.o)
    0x0800021c   0x0800021c   0x00000004   Code   RO          437    .ARM.Collect$$rtexit$$00000003  c_w.l(rtexit2.o)
    0x08000220   0x08000220   0x00000006   Code   RO          438    .ARM.Collect$$rtexit$$00000004  c_w.l(rtexit2.o)
    0x08000226   0x08000226   0x00000002   PAD
    0x08000228   0x08000228   0x00000040   Code   RO          217  * .text               startup_stm32f407xx.o
    0x08000268   0x08000268   0x000000f0   Code   RO          239    .text               c_w.l(lludivv7m.o)
    0x08000358   0x08000358   0x00000006   Code   RO          241    .text               c_w.l(heapauxi.o)
    0x0800035e   0x0800035e   0x00000016   Code   RO          288    .text               c_w.l(_rserrno.o)
    0x08000374   0x08000374   0x00000008   Code   RO          349    .text               c_w.l(rt_errno_addr_intlibspace.o)
    0x0800037c   0x0800037c   0x00000008   Code   RO          361    .text               c_w.l(libspace.o)
    0x08000384   0x08000384   0x0000004a   Code   RO          364    .text               c_w.l(sys_stackheap_outer.o)
    0x080003ce   0x080003ce   0x00000012   Code   RO          366    .text               c_w.l(exit.o)
    0x080003e0   0x080003e0   0x0000000c   Code   RO          431    .text               c_w.l(sys_exit.o)
    0x080003ec   0x080003ec   0x00000002   Code   RO          454    .text               c_w.l(use_no_semi.o)
    0x080003ee   0x080003ee   0x00000000   Code   RO          456    .text               c_w.l(indicate_semi.o)
    0x080003ee   0x080003ee   0x00000002   PAD
    0x080003f0   0x080003f0   0x00000002   Code   RO          108    .text.AUDIO_IO_Init  audio_drivers.o
    0x080003f2   0x080003f2   0x00000002   PAD
    0x080003f4   0x080003f4   0x00000024   Code   RO          112    .text.AUDIO_IO_Write  audio_drivers.o
    0x08000418   0x08000418   0x0000002c   Code   RO          188    .text.CODEC_IO_Write  cs43l22.o
    0x08000444   0x08000444   0x000000dc   Code   RO           64    .text.Configure_GPIO_Output  audio_drivers.o
    0x08000520   0x08000520   0x000000f4   Code   RO          136    .text.DMA1_Stream7_IRQHandler  audio_drivers.o
    0x08000614   0x08000614   0x0000006c   Code   RO          122    .text.NVIC_EncodePriority  audio_drivers.o
    0x08000680   0x08000680   0x00000012   Code   RO          224    .text.SystemInit    system_stm32f4xx.o
    0x08000692   0x08000692   0x00000002   PAD
    0x08000694   0x08000694   0x00000030   Code   RO          124    .text.__NVIC_EnableIRQ  audio_drivers.o
    0x080006c4   0x080006c4   0x00000010   Code   RO          118    .text.__NVIC_GetPriorityGrouping  audio_drivers.o
    0x080006d4   0x080006d4   0x00000042   Code   RO          120    .text.__NVIC_SetPriority  audio_drivers.o
    0x08000716   0x08000716   0x00000002   PAD
    0x08000718   0x08000718   0x0000001c   Code   RO           72    .text.audioDelay    audio_drivers.o
    0x08000734   0x08000734   0x00000042   Code   RO           47    .text.audioinit     sawwave.o
    0x08000776   0x08000776   0x00000002   PAD
    0x08000778   0x08000778   0x00000056   Code   RO          104    .text.checkAudioDAC_ID  audio_drivers.o
    0x080007ce   0x080007ce   0x00000002   PAD
    0x080007d0   0x080007d0   0x0000001a   Code   RO           92    .text.clearTheADDRFlag  audio_drivers.o
    0x080007ea   0x080007ea   0x00000006   PAD
    0x080007f0   0x080007f0   0x000001b0   Code   RO           45    .text.coefficients  sawwave.o
    0x080009a0   0x080009a0   0x0000009a   Code   RO           84    .text.configureAudioDACI2CRegisters  audio_drivers.o
    0x08000a3a   0x08000a3a   0x00000002   PAD
    0x08000a3c   0x08000a3c   0x000000de   Code   RO          126    .text.configureI2SClockPLL  audio_drivers.o
    0x08000b1a   0x08000b1a   0x00000002   PAD
    0x08000b1c   0x08000b1c   0x000001b2   Code   RO          164    .text.cs43l22_Init  cs43l22.o
    0x08000cce   0x08000cce   0x00000002   PAD
    0x08000cd0   0x08000cd0   0x00000072   Code   RO          170    .text.cs43l22_Play  cs43l22.o
    0x08000d42   0x08000d42   0x00000002   PAD
    0x08000d44   0x08000d44   0x000000a4   Code   RO          182    .text.cs43l22_SetMute  cs43l22.o
    0x08000de8   0x08000de8   0x000000be   Code   RO          180    .text.cs43l22_SetVolume  cs43l22.o
    0x08000ea6   0x08000ea6   0x00000002   PAD
    0x08000ea8   0x08000ea8   0x00000012   Code   RO           70    .text.hasAudioTimerFinished  audio_drivers.o
    0x08000eba   0x08000eba   0x00000002   PAD
    0x08000ebc   0x08000ebc   0x0000016c   Code   RO           66    .text.initAudioTimer  audio_drivers.o
    0x08001028   0x08001028   0x0000002a   Code   RO           15    .text.initialpins   initialisation_funcs.o
    0x08001052   0x08001052   0x00000002   PAD
    0x08001054   0x08001054   0x0000000e   Code   RO            2    .text.main          main.o
    0x08001062   0x08001062   0x00000002   PAD
    0x08001064   0x08001064   0x00000082   Code   RO          138    .text.myAudioChangeBuffer  audio_drivers.o
    0x080010e6   0x080010e6   0x00000002   PAD
    0x080010e8   0x080010e8   0x0000000e   Code   RO           39    .text.myAudioHalfTransferCallback  sawwave.o
    0x080010f6   0x080010f6   0x00000002   PAD
    0x080010f8   0x080010f8   0x00000098   Code   RO          128    .text.myAudioInitialisePeripherals  audio_drivers.o
    0x08001190   0x08001190   0x00000094   Code   RO           82    .text.myAudioSpeedUpTheSystemClock  audio_drivers.o
    0x08001224   0x08001224   0x0000007a   Code   RO          134    .text.myAudioStartPlaying  audio_drivers.o
    0x0800129e   0x0800129e   0x00000002   PAD
    0x080012a0   0x080012a0   0x00000020   Code   RO           41    .text.myAudioTransferCompleteCallback  sawwave.o
    0x080012c0   0x080012c0   0x0000019e   Code   RO           80    .text.myConfigureFlashWaitStatesAndBusClocks  audio_drivers.o
    0x0800145e   0x0800145e   0x00000002   PAD
    0x08001460   0x08001460   0x00000082   Code   RO           76    .text.myConfigureI2SClock  audio_drivers.o
    0x080014e2   0x080014e2   0x00000002   PAD
    0x080014e4   0x080014e4   0x000000c2   Code   RO           78    .text.myConfigureTheMainClockPLL  audio_drivers.o
    0x080015a6   0x080015a6   0x00000002   PAD
    0x080015a8   0x080015a8   0x00000080   Code   RO           96    .text.myI2C_WaitOnRXNEFlagUntilTimeout  audio_drivers.o
    0x08001628   0x08001628   0x0000007c   Code   RO          102    .text.myI2Cx_WriteData  audio_drivers.o
    0x080016a4   0x080016a4   0x00000298   Code   RO           88    .text.readDataFromI2CPeripheral  audio_drivers.o
    0x0800193c   0x0800193c   0x00000020   Code   RO          140    .text.resetTheI2CDriver  audio_drivers.o
    0x0800195c   0x0800195c   0x00000004   PAD
    0x08001960   0x08001960   0x00000164   Code   RO           43    .text.saw           sawwave.o
    0x08001ac4   0x08001ac4   0x00000004   PAD
    0x08001ac8   0x08001ac8   0x000002b4   Code   RO           49    .text.sawwave       sawwave.o
    0x08001d7c   0x08001d7c   0x00000076   Code   RO           68    .text.setAudioTimer  audio_drivers.o
    0x08001df2   0x08001df2   0x00000002   PAD
    0x08001df4   0x08001df4   0x00000012   Code   RO           11    .text.setgpioclock  initialisation_funcs.o
    0x08001e06   0x08001e06   0x00000002   PAD
    0x08001e08   0x08001e08   0x0000001e   Code   RO          130    .text.setupAudioI2CPeripheral  audio_drivers.o
    0x08001e26   0x08001e26   0x00000002   PAD
    0x08001e28   0x08001e28   0x000000b6   Code   RO          142    .text.setupClocksAndGPIOForAudioI2C  audio_drivers.o
    0x08001ede   0x08001ede   0x00000002   PAD
    0x08001ee0   0x08001ee0   0x00000072   Code   RO          132    .text.setupDMAForAudioDAC  audio_drivers.o
    0x08001f52   0x08001f52   0x00000002   PAD
    0x08001f54   0x08001f54   0x000000d8   Code   RO          116    .text.setupDMAForI2SPeripheral  audio_drivers.o
    0x0800202c   0x0800202c   0x00000154   Code   RO          114    .text.setupI2SPeripheral  audio_drivers.o
    0x08002180   0x08002180   0x0000005e   Code   RO           86    .text.setupResetForAudioDAC  audio_drivers.o
    0x080021de   0x080021de   0x00000002   PAD
    0x080021e0   0x080021e0   0x00000066   Code   RO           74    .text.waitForFlagWithTimeout  audio_drivers.o
    0x08002246   0x08002246   0x00000002   PAD
    0x08002248   0x08002248   0x00000080   Code   RO          100    .text.waitForI2CBTFFlagUntilTimeout  audio_drivers.o
    0x080022c8   0x080022c8   0x00000090   Code   RO           90    .text.waitForI2CMasterAddressFlagUntilTimeout  audio_drivers.o
    0x08002358   0x08002358   0x0000007c   Code   RO           94    .text.waitForI2CTXEFlagUntilTimeout  audio_drivers.o
    0x080023d4   0x080023d4   0x000001d2   Code   RO           98    .text.writeDataToI2CPeripheral  audio_drivers.o
    0x080025a6   0x080025a6   0x00000030   Code   RO          357    i.__ARM_fpclassify  m_wm.l(fpclassify.o)
    0x080025d6   0x080025d6   0x00000002   PAD
    0x080025d8   0x080025d8   0x000000c8   Code   RO          271    i.__hardfp_sin      m_wm.l(sin.o)
    0x080026a0   0x080026a0   0x00000080   Code   RO          277    i.__hardfp_tan      m_wm.l(tan.o)
    0x08002720   0x08002720   0x00000438   Code   RO          318    i.__ieee754_rem_pio2  m_wm.l(rred.o)
    0x08002b58   0x08002b58   0x00000170   Code   RO          301    i.__kernel_cos      m_wm.l(cos_i.o)
    0x08002cc8   0x08002cc8   0x000000f8   Code   RO          359    i.__kernel_poly     m_wm.l(poly.o)
    0x08002dc0   0x08002dc0   0x00000130   Code   RO          323    i.__kernel_sin      m_wm.l(sin_i.o)
    0x08002ef0   0x08002ef0   0x00000350   Code   RO          326    i.__kernel_tan      m_wm.l(tan_i.o)
    0x08003240   0x08003240   0x00000014   Code   RO          305    i.__mathlib_dbl_infnan  m_wm.l(dunder.o)
    0x08003254   0x08003254   0x00000004   PAD
    0x08003258   0x08003258   0x00000020   Code   RO          307    i.__mathlib_dbl_invalid  m_wm.l(dunder.o)
    0x08003278   0x08003278   0x00000020   Code   RO          310    i.__mathlib_dbl_underflow  m_wm.l(dunder.o)
    0x08003298   0x08003298   0x00000018   Code   RO          353    i.fabs              m_wm.l(fabs.o)
    0x080032b0   0x080032b0   0x00000018   Code   RO          290    x$fpl$basic         fz_wm.l(basic.o)
    0x080032c8   0x080032c8   0x00000062   Code   RO          245    x$fpl$d2f           fz_wm.l(d2f.o)
    0x0800332a   0x0800332a   0x00000002   PAD
    0x0800332c   0x0800332c   0x00000150   Code   RO          247    x$fpl$dadd          fz_wm.l(daddsub_clz.o)
    0x0800347c   0x0800347c   0x000002b4   Code   RO          254    x$fpl$ddiv          fz_wm.l(ddiv.o)
    0x08003730   0x08003730   0x0000005e   Code   RO          257    x$fpl$dfix          fz_wm.l(dfix.o)
    0x0800378e   0x0800378e   0x0000002e   Code   RO          262    x$fpl$dflt          fz_wm.l(dflt_clz.o)
    0x080037bc   0x080037bc   0x00000026   Code   RO          261    x$fpl$dfltu         fz_wm.l(dflt_clz.o)
    0x080037e2   0x080037e2   0x00000002   PAD
    0x080037e4   0x080037e4   0x00000154   Code   RO          267    x$fpl$dmul          fz_wm.l(dmul.o)
    0x08003938   0x08003938   0x0000009c   Code   RO          292    x$fpl$dnaninf       fz_wm.l(dnaninf.o)
    0x080039d4   0x080039d4   0x0000000c   Code   RO          294    x$fpl$dretinf       fz_wm.l(dretinf.o)
    0x080039e0   0x080039e0   0x00000016   Code   RO          248    x$fpl$drsb          fz_wm.l(daddsub_clz.o)
    0x080039f6   0x080039f6   0x00000002   PAD
    0x080039f8   0x080039f8   0x000001dc   Code   RO          249    x$fpl$dsub          fz_wm.l(daddsub_clz.o)
    0x08003bd4   0x08003bd4   0x00000056   Code   RO          269    x$fpl$f2d           fz_wm.l(f2d.o)
    0x08003c2a   0x08003c2a   0x0000008c   Code   RO          296    x$fpl$fnaninf       fz_wm.l(fnaninf.o)
    0x08003cb6   0x08003cb6   0x0000001a   Code   RO          448    x$fpl$fpinit        fz_wm.l(fpinit.o)
    0x08003cd0   0x08003cd0   0x0000000a   Code   RO          298    x$fpl$fretinf       fz_wm.l(fretinf.o)
    0x08003cda   0x08003cda   0x00000000   Code   RO          300    x$fpl$usenofp       fz_wm.l(usenofp.o)
    0x08003cda   0x08003cda   0x00000006   PAD
    0x08003ce0   0x08003ce0   0x00000030   Data   RO          302    .constdata          m_wm.l(cos_i.o)
    0x08003d10   0x08003d10   0x000000cc   Data   RO          320    .constdata          m_wm.l(rred.o)
    0x08003ddc   0x08003ddc   0x00000004   PAD
    0x08003de0   0x08003de0   0x00000028   Data   RO          324    .constdata          m_wm.l(sin_i.o)
    0x08003e08   0x08003e08   0x00000060   Data   RO          327    .constdata          m_wm.l(tan_i.o)
    0x08003e68   0x08003e68   0x00000010   Data   RO          229    .rodata.AHBPrescTable  system_stm32f4xx.o
    0x08003e78   0x08003e78   0x00000008   Data   RO          230    .rodata.APBPrescTable  system_stm32f4xx.o
    0x08003e80   0x08003e80   0x00000020   Data   RO          151    .rodata.cst32       audio_drivers.o
    0x08003ea0   0x08003ea0   0x00000020   Data   RO          154    .rodata.myI2SFreq   audio_drivers.o
    0x08003ec0   0x08003ec0   0x00000020   Data   RO          155    .rodata.myI2SPLLN   audio_drivers.o
    0x08003ee0   0x08003ee0   0x00000020   Data   RO          156    .rodata.myI2SPLLR   audio_drivers.o
    0x08003f00   0x08003f00   0x00000020   Data   RO          509    Region$$Table       anon$$obj.o


    Execution Region ER_RW (Exec base: 0x20000000, Load base: 0x08003f20, Size: 0x00000018, Max: 0xffffffff, ABSOLUTE)

    Exec Addr    Load Addr    Size         Type   Attr      Idx    E Section Name        Object

    0x20000000   0x08003f20   0x00000004   Data   RW          148    .data.AudioI2C      audio_drivers.o
    0x20000004   0x08003f24   0x00000004   Data   RW          149    .data.AudioI2S      audio_drivers.o
    0x20000008   0x08003f28   0x00000001   Data   RW          192    .data.Is_cs43l22_Stop  cs43l22.o
    0x20000009   0x08003f29   0x00000003   PAD
    0x2000000c   0x08003f2c   0x00000004   Data   RW          228    .data.SystemCoreClock  system_stm32f4xx.o
    0x20000010   0x08003f30   0x00000001   Data   RW          147    .data.audioDACStatus  audio_drivers.o
    0x20000011   0x08003f31   0x00000001   Data   RW          145    .data.audioDMAStatus  audio_drivers.o
    0x20000012   0x08003f32   0x00000001   Data   RW          146    .data.audioI2CStatus  audio_drivers.o
    0x20000013   0x08003f33   0x00000001   Data   RW          144    .data.audioI2SStatus  audio_drivers.o
    0x20000014   0x08003f34   0x00000004   Data   RW          150    .data.audioTimer    audio_drivers.o


    Execution Region ER_ZI (Exec base: 0x20000018, Load base: 0x08003f38, Size: 0x00002e68, Max: 0xffffffff, ABSOLUTE)

    Exec Addr    Load Addr    Size         Type   Attr      Idx    E Section Name        Object

    0x20000018        -       0x00000060   Zero   RW          362    .bss                c_w.l(libspace.o)
    0x20000078        -       0x00000001   Zero   RW          191    .bss.OutputDev      cs43l22.o
    0x20000079   0x08003f38   0x00000001   PAD
    0x2000007a        -       0x00002000   Zero   RW           55    .bss.PlayBuff       sawwave.o
    0x2000207a        -       0x00000800   Zero   RW           56    .bss.SineBuff       sawwave.o
    0x2000287a        -       0x00000001   Zero   RW           54    .bss.bufferStatus   sawwave.o
    0x2000287b   0x08003f38   0x00000005   PAD
    0x20002880        -       0x00000200   Zero   RW          215    HEAP                startup_stm32f407xx.o
    0x20002a80        -       0x00000400   Zero   RW          214    STACK               startup_stm32f407xx.o


==============================================================================

Image component sizes


      Code (inc. data)   RO Data    RW Data    ZI Data      Debug   Object Name

      5934          0        128         16          0      17114   audio_drivers.o
       946          4          0          1          1       3886   cs43l22.o
        60          0          0          0          0       2521   initialisation_funcs.o
        14          0          0          0          0        337   main.o
      1592         64          0          0      10241       3304   sawwave.o
        64         26        392          0       1536        864   startup_stm32f407xx.o
        18          0         24          4          0       2583   system_stm32f4xx.o

    ----------------------------------------------------------------------
      8694         98        576         24      11784      30609   Object Totals
         0          0         32          0          0          0   (incl. Generated)
        66          4          0          3          6          0   (incl. Padding)

    ----------------------------------------------------------------------

      Code (inc. data)   RO Data    RW Data    ZI Data      Debug   Library Member Name

         8          0          0          0          0         68   __main.o
         0          0          0          0          0          0   __rtentry.o
        12          0          0          0          0          0   __rtentry2.o
         6          0          0          0          0          0   __rtentry4.o
        52          8          0          0          0          0   __scatter.o
        26          0          0          0          0          0   __scatter_copy.o
        28          0          0          0          0          0   __scatter_zi.o
        22          0          0          0          0        100   _rserrno.o
        18          0          0          0          0         80   exit.o
         6          0          0          0          0        152   heapauxi.o
         0          0          0          0          0          0   indicate_semi.o
         2          0          0          0          0          0   libinit.o
         6          0          0          0          0          0   libinit2.o
         2          0          0          0          0          0   libshutdown.o
         2          0          0          0          0          0   libshutdown2.o
         8          4          0          0         96         68   libspace.o
       240          0          0          0          0        100   lludivv7m.o
         8          4          0          0          0         68   rt_errno_addr_intlibspace.o
         2          0          0          0          0          0   rtexit.o
        10          0          0          0          0          0   rtexit2.o
        12          4          0          0          0         68   sys_exit.o
        74          0          0          0          0         80   sys_stackheap_outer.o
         2          0          0          0          0         68   use_no_semi.o
        24          0          0          0          0        164   basic.o
        98          4          0          0          0        140   d2f.o
       834         16          0          0          0        516   daddsub_clz.o
       692        140          0          0          0        264   ddiv.o
        94          4          0          0          0        140   dfix.o
        84          0          0          0          0        232   dflt_clz.o
       340         12          0          0          0        152   dmul.o
       156          4          0          0          0        140   dnaninf.o
        12          0          0          0          0        116   dretinf.o
        86          4          0          0          0        132   f2d.o
       140          4          0          0          0        132   fnaninf.o
        26          0          0          0          0        116   fpinit.o
        10          0          0          0          0        116   fretinf.o
         0          0          0          0          0          0   usenofp.o
       368         46         48          0          0        200   cos_i.o
        84         16          0          0          0        372   dunder.o
        24          0          0          0          0        124   fabs.o
        48          0          0          0          0        124   fpclassify.o
       248          0          0          0          0        152   poly.o
      1080        142        204          0          0        188   rred.o
       200         20          0          0          0        164   sin.o
       304         24         40          0          0        208   sin_i.o
       128         20          0          0          0        144   tan.o
       848         84         96          0          0        196   tan_i.o

    ----------------------------------------------------------------------
      6498        560        392          0         96       5084   Library Totals
        24          0          4          0          0          0   (incl. Padding)

    ----------------------------------------------------------------------

      Code (inc. data)   RO Data    RW Data    ZI Data      Debug   Library Name

       546         20          0          0         96        852   c_w.l
      2596        188          0          0          0       2360   fz_wm.l
      3332        352        388          0          0       1872   m_wm.l

    ----------------------------------------------------------------------
      6498        560        392          0         96       5084   Library Totals

    ----------------------------------------------------------------------

==============================================================================


      Code (inc. data)   RO Data    RW Data    ZI Data      Debug   

     15192        658        968         24      11880      32681   Grand Totals
     15192        658        968         24      11880      32681   ELF Image Totals
     15192        658        968         24          0          0   ROM Totals

==============================================================================

    Total RO  Size (Code + RO Data)                16160 (  15.78kB)
    Total RW  Size (RW Data + ZI Data)             11904 (  11.63kB)
    Total ROM Size (Code + RO Data + RW Data)      16184 (  15.80kB)

==============================================================================

